Archive member included to satisfy reference by file (symbol)

lib/lora/libLoRa_pico_lib.a(LoRa-RP2040.cpp.obj)
                              CMakeFiles/Picopod.dir/Picopod.cpp.obj (LoRaClass::available())
lib/voltage/libsensors_voltage.a(voltage.cpp.obj)
                              CMakeFiles/Picopod.dir/Picopod.cpp.obj (VoltageClass::getVoltage())
lib/lora/libLoRa_print.a(Print.cpp.obj)
                              CMakeFiles/Picopod.dir/Picopod.cpp.obj (Print::print(char const*))
/usr/bin/../lib/gcc/arm-none-eabi/9.3.1/../../../../arm-none-eabi/lib/thumb/v6-m/nofp/libstdc++.a(class_type_info.o)
                              lib/lora/libLoRa_print.a(Print.cpp.obj) (vtable for __cxxabiv1::__class_type_info)
/usr/bin/../lib/gcc/arm-none-eabi/9.3.1/../../../../arm-none-eabi/lib/thumb/v6-m/nofp/libstdc++.a(pure.o)
                              lib/lora/libLoRa_print.a(Print.cpp.obj) (__cxa_pure_virtual)
/usr/bin/../lib/gcc/arm-none-eabi/9.3.1/../../../../arm-none-eabi/lib/thumb/v6-m/nofp/libstdc++.a(si_class_type_info.o)
                              /usr/bin/../lib/gcc/arm-none-eabi/9.3.1/../../../../arm-none-eabi/lib/thumb/v6-m/nofp/libstdc++.a(class_type_info.o) (vtable for __cxxabiv1::__si_class_type_info)
/usr/bin/../lib/gcc/arm-none-eabi/9.3.1/../../../../arm-none-eabi/lib/thumb/v6-m/nofp/libstdc++.a(tinfo.o)
                              /usr/bin/../lib/gcc/arm-none-eabi/9.3.1/../../../../arm-none-eabi/lib/thumb/v6-m/nofp/libstdc++.a(class_type_info.o) (std::type_info::~type_info())
/usr/bin/../lib/gcc/arm-none-eabi/9.3.1/../../../../arm-none-eabi/lib/thumb/v6-m/nofp/libstdc++.a(functexcept.o)
                              CMakeFiles/Picopod.dir/Picopod.cpp.obj (std::__throw_logic_error(char const*))
/usr/bin/../lib/gcc/arm-none-eabi/9.3.1/../../../../arm-none-eabi/lib/thumb/v6-m/nofp/libstdc++.a(snprintf_lite.o)
                              /usr/bin/../lib/gcc/arm-none-eabi/9.3.1/../../../../arm-none-eabi/lib/thumb/v6-m/nofp/libstdc++.a(functexcept.o) (__gnu_cxx::__snprintf_lite(char*, unsigned int, char const*, std::__va_list))
/usr/bin/../lib/gcc/arm-none-eabi/9.3.1/../../../../arm-none-eabi/lib/thumb/v6-m/nofp/libstdc++.a(string-inst.o)
                              CMakeFiles/Picopod.dir/Picopod.cpp.obj (std::__cxx11::basic_string<char, std::char_traits<char>, std::allocator<char> >::_M_create(unsigned int&, unsigned int))
/usr/bin/../lib/gcc/arm-none-eabi/9.3.1/../../../../arm-none-eabi/lib/thumb/v6-m/nofp/libstdc++.a(bad_alloc.o)
                              /usr/bin/../lib/gcc/arm-none-eabi/9.3.1/../../../../arm-none-eabi/lib/thumb/v6-m/nofp/libstdc++.a(functexcept.o) (std::bad_alloc::~bad_alloc())
/usr/bin/../lib/gcc/arm-none-eabi/9.3.1/../../../../arm-none-eabi/lib/thumb/v6-m/nofp/libstdc++.a(bad_cast.o)
                              /usr/bin/../lib/gcc/arm-none-eabi/9.3.1/../../../../arm-none-eabi/lib/thumb/v6-m/nofp/libstdc++.a(functexcept.o) (std::bad_cast::~bad_cast())
/usr/bin/../lib/gcc/arm-none-eabi/9.3.1/../../../../arm-none-eabi/lib/thumb/v6-m/nofp/libstdc++.a(bad_typeid.o)
                              /usr/bin/../lib/gcc/arm-none-eabi/9.3.1/../../../../arm-none-eabi/lib/thumb/v6-m/nofp/libstdc++.a(functexcept.o) (std::bad_typeid::~bad_typeid())
/usr/bin/../lib/gcc/arm-none-eabi/9.3.1/../../../../arm-none-eabi/lib/thumb/v6-m/nofp/libstdc++.a(eh_alloc.o)
                              /usr/bin/../lib/gcc/arm-none-eabi/9.3.1/../../../../arm-none-eabi/lib/thumb/v6-m/nofp/libstdc++.a(functexcept.o) (__cxa_allocate_exception)
/usr/bin/../lib/gcc/arm-none-eabi/9.3.1/../../../../arm-none-eabi/lib/thumb/v6-m/nofp/libstdc++.a(eh_arm.o)
                              /usr/bin/../lib/gcc/arm-none-eabi/9.3.1/../../../../arm-none-eabi/lib/thumb/v6-m/nofp/libstdc++.a(functexcept.o) (__cxa_end_cleanup)
/usr/bin/../lib/gcc/arm-none-eabi/9.3.1/../../../../arm-none-eabi/lib/thumb/v6-m/nofp/libstdc++.a(eh_catch.o)
                              /usr/bin/../lib/gcc/arm-none-eabi/9.3.1/../../../../arm-none-eabi/lib/thumb/v6-m/nofp/libstdc++.a(string-inst.o) (__cxa_begin_catch)
/usr/bin/../lib/gcc/arm-none-eabi/9.3.1/../../../../arm-none-eabi/lib/thumb/v6-m/nofp/libstdc++.a(eh_exception.o)
                              /usr/bin/../lib/gcc/arm-none-eabi/9.3.1/../../../../arm-none-eabi/lib/thumb/v6-m/nofp/libstdc++.a(bad_alloc.o) (std::exception::~exception())
/usr/bin/../lib/gcc/arm-none-eabi/9.3.1/../../../../arm-none-eabi/lib/thumb/v6-m/nofp/libstdc++.a(eh_globals.o)
                              /usr/bin/../lib/gcc/arm-none-eabi/9.3.1/../../../../arm-none-eabi/lib/thumb/v6-m/nofp/libstdc++.a(eh_catch.o) (__cxa_get_globals_fast)
/usr/bin/../lib/gcc/arm-none-eabi/9.3.1/../../../../arm-none-eabi/lib/thumb/v6-m/nofp/libstdc++.a(eh_personality.o)
                              /usr/bin/../lib/gcc/arm-none-eabi/9.3.1/../../../../arm-none-eabi/lib/thumb/v6-m/nofp/libstdc++.a(functexcept.o) (__gxx_personality_v0)
[...]
Memory Configuration

Name             Origin             Length             Attributes
FLASH            0x0000000010000000 0x0000000000200000 xr
RAM              0x0000000020000000 0x0000000000040000 xrw
SCRATCH_X        0x0000000020040000 0x0000000000001000 xrw
SCRATCH_Y        0x0000000020041000 0x0000000000001000 xrw
*default*        0x0000000000000000 0xffffffffffffffff

Linker script and memory map

LOAD /usr/bin/../lib/gcc/arm-none-eabi/9.3.1/thumb/v6-m/nofp/crti.o
LOAD /usr/bin/../lib/gcc/arm-none-eabi/9.3.1/thumb/v6-m/nofp/crtbegin.o
LOAD /usr/bin/../lib/gcc/arm-none-eabi/9.3.1/../../../../arm-none-eabi/lib/thumb/v6-m/nofp/crt0.o

.flash_begin    0x0000000010000000        0x0
                0x0000000010000000                __flash_binary_start = .

.boot2          0x0000000010000000      0x100
                0x0000000010000000                __boot2_start__ = .
 *(.boot2)
 .boot2         0x0000000010000000      0x100 /tmp/ccXpV8kJ.o
                0x0000000010000100                __boot2_end__ = .
                0x0000000000000001                ASSERT (((__boot2_end__ - __boot2_start__) == 0x100), ERROR: Pico second stage bootloader must be 256 bytes in size)

.text           0x0000000010000100    0x16518
                0x0000000010000100                __logical_binary_start = .
 *(.vectors)
 .vectors       0x0000000010000100       0xd4 CMakeFiles/Picopod.dir/usr/share/pico-sdk/src/rp2_common/pico_standard_link/crt0.S.obj
                0x0000000010000100                __vectors
                0x0000000010000100                __VECTOR_TABLE
                0x00000000100001c0                isr_invalid
                0x00000000100001c0                __default_isrs_start
                0x00000000100001c2                isr_nmi
                0x00000000100001c4                isr_hardfault
                0x00000000100001c6                isr_svcall
                0x00000000100001c8                isr_pendsv
                0x00000000100001ca                isr_systick
                0x00000000100001cc                isr_irq30
                0x00000000100001cc                __unhandled_user_irq
                0x00000000100001cc                isr_irq13
                0x00000000100001cc                isr_irq27
                0x00000000100001cc                isr_irq31
                0x00000000100001cc                isr_irq5
                0x00000000100001cc                isr_irq11
                0x00000000100001cc                isr_irq23
                0x00000000100001cc                isr_irq18
                0x00000000100001cc                isr_irq28
                0x00000000100001cc                isr_irq19
                0x00000000100001cc                isr_irq0
                0x00000000100001cc                isr_irq6
                0x00000000100001cc                isr_irq22
                0x00000000100001cc                isr_irq17
                0x00000000100001cc                isr_irq14
                0x00000000100001cc                isr_irq2
                0x00000000100001cc                isr_irq10
                0x00000000100001cc                isr_irq8
                0x00000000100001cc                isr_irq24
                0x00000000100001cc                isr_irq1
                0x00000000100001cc                isr_irq7
                0x00000000100001cc                isr_irq21
                0x00000000100001cc                isr_irq20
                0x00000000100001cc                isr_irq15
                0x00000000100001cc                isr_irq25
                0x00000000100001cc                isr_irq4
                0x00000000100001cc                isr_irq16
                0x00000000100001cc                isr_irq29
                0x00000000100001cc                isr_irq26
                0x00000000100001cc                __default_isrs_end
                0x00000000100001cc                isr_irq3
                0x00000000100001cc                isr_irq12
                0x00000000100001cc                isr_irq9
                0x00000000100001d2                unhandled_user_irq_num_in_r0
 *(.binary_info_header)
 .binary_info_header
                0x00000000100001d4       0x14 CMakeFiles/Picopod.dir/usr/share/pico-sdk/src/rp2_common/pico_standard_link/crt0.S.obj
                0x00000000100001e8                __binary_info_header_end = .
 *(.reset)
 .reset         0x00000000100001e8       0xa8 CMakeFiles/Picopod.dir/usr/share/pico-sdk/src/rp2_common/pico_standard_link/crt0.S.obj
                0x00000000100001e8                _entry_point
                0x0000000010000266                __get_current_exception
 .reset         0x0000000010000290       0x30 CMakeFiles/Picopod.dir/usr/share/pico-sdk/src/rp2_common/pico_standard_link/binary_info.c.obj
 *(.init)
 .init          0x00000000100002c0        0x4 /usr/bin/../lib/gcc/arm-none-eabi/9.3.1/thumb/v6-m/nofp/crti.o
                0x00000000100002c0                _init
 *(EXCLUDE_FILE(*libm.a: *libc.a:*lib_a-mem*.o *libgcc.a:) .text*)
 .text          0x00000000100002c4       0x48 /usr/bin/../lib/gcc/arm-none-eabi/9.3.1/thumb/v6-m/nofp/crtbegin.o
 .text._Z19readyTelemetryTimerlPv
                0x000000001000030c       0x1c CMakeFiles/Picopod.dir/Picopod.cpp.obj
                0x000000001000030c                readyTelemetryTimer(long, void*)
 .text._Z11setOvertimelPv
                0x0000000010000328       0xa0 CMakeFiles/Picopod.dir/Picopod.cpp.obj
                0x0000000010000328                setOvertime(long, void*)
 .text._ZN9__gnu_cxx12__to_xstringINSt7__cxx1112basic_stringIcSt11char_traitsIcESaIcEEEcEET_PFiPT0_jPKS8_St9__va_listEjSB_z.constprop.0
                0x00000000100003c8       0x74 CMakeFiles/Picopod.dir/Picopod.cpp.obj
 .text._Z9partitionPiii
                0x000000001000043c       0xd4 CMakeFiles/Picopod.dir/Picopod.cpp.obj
                0x000000001000043c                partition(int*, int, int)
 .text._Z9quickSortPiii
                0x0000000010000510       0x2c CMakeFiles/Picopod.dir/Picopod.cpp.obj
                0x0000000010000510                quickSort(int*, int, int)
 .text._Z23LORANoiseFloorCalibratev
                0x000000001000053c      0x110 CMakeFiles/Picopod.dir/Picopod.cpp.obj
                0x000000001000053c                LORANoiseFloorCalibrate()
 .text._Z9LORASetupv
                0x000000001000064c       0x74 CMakeFiles/Picopod.dir/Picopod.cpp.obj
                0x000000001000064c                LORASetup()
 .text._Z14BluetoothSetupv
                0x00000000100006c0       0x5c CMakeFiles/Picopod.dir/Picopod.cpp.obj
                0x00000000100006c0                BluetoothSetup()
 .text.startup.main
                0x000000001000071c       0x54 CMakeFiles/Picopod.dir/Picopod.cpp.obj
                0x000000001000071c                main
 .text.startup._GLOBAL__sub_I_send_telemtery
                0x0000000010000770       0x24 CMakeFiles/Picopod.dir/Picopod.cpp.obj
 .text._Z17LORASendOKMessagev
                0x0000000010000794       0x74 CMakeFiles/Picopod.dir/Picopod.cpp.obj
                0x0000000010000794                LORASendOKMessage()
 .text._Z11LORAReceivei
                0x0000000010000808      0x9f8 CMakeFiles/Picopod.dir/Picopod.cpp.obj
                0x0000000010000808                LORAReceive(int)
 .text._Z15LORASendMessageNSt7__cxx1112basic_stringIcSt11char_traitsIcESaIcEEEabb
                0x0000000010001200      0x82c CMakeFiles/Picopod.dir/Picopod.cpp.obj
                0x0000000010001200                LORASendMessage(std::__cxx11::basic_string<char, std::char_traits<char>, std::allocator<char> >, signed char, bool, bool)
 .text._Z15BluetoothUARTRXv
                0x0000000010001a2c      0x1a0 CMakeFiles/Picopod.dir/Picopod.cpp.obj
                0x0000000010001a2c                BluetoothUARTRX()
 .text._Z19LORARecieveCallbacki
                0x0000000010001bcc       0x18 CMakeFiles/Picopod.dir/Picopod.cpp.obj
                0x0000000010001bcc                LORARecieveCallback(int)
 .text.gpio_default_irq_handler
                0x0000000010001be4      0x248 CMakeFiles/Picopod.dir/usr/share/pico-sdk/src/rp2_common/hardware_gpio/gpio.c.obj
 .text.gpio_set_function
                0x0000000010001e2c       0x30 CMakeFiles/Picopod.dir/usr/share/pico-sdk/src/rp2_common/hardware_gpio/gpio.c.obj
                0x0000000010001e2c                gpio_set_function
 .text.gpio_set_pulls
                0x0000000010001e5c       0x30 CMakeFiles/Picopod.dir/usr/share/pico-sdk/src/rp2_common/hardware_gpio/gpio.c.obj
                0x0000000010001e5c                gpio_set_pulls
 .text.gpio_set_irq_enabled
                0x0000000010001e8c       0x54 CMakeFiles/Picopod.dir/usr/share/pico-sdk/src/rp2_common/hardware_gpio/gpio.c.obj
                0x0000000010001e8c                gpio_set_irq_enabled
 .text.gpio_set_irq_enabled_with_callback
                0x0000000010001ee0       0xb0 CMakeFiles/Picopod.dir/usr/share/pico-sdk/src/rp2_common/hardware_gpio/gpio.c.obj
                0x0000000010001ee0                gpio_set_irq_enabled_with_callback
 .text.gpio_acknowledge_irq
                0x0000000010001f90       0x1c CMakeFiles/Picopod.dir/usr/share/pico-sdk/src/rp2_common/hardware_gpio/gpio.c.obj
                0x0000000010001f90                gpio_acknowledge_irq
 .text.gpio_set_input_enabled
                0x0000000010001fac       0x28 CMakeFiles/Picopod.dir/usr/share/pico-sdk/src/rp2_common/hardware_gpio/gpio.c.obj
                0x0000000010001fac                gpio_set_input_enabled
 .text.gpio_init
                0x0000000010001fd4       0x3c CMakeFiles/Picopod.dir/usr/share/pico-sdk/src/rp2_common/hardware_gpio/gpio.c.obj
                0x0000000010001fd4                gpio_init
 .text.hw_claim_or_assert
                0x0000000010002010       0x48 CMakeFiles/Picopod.dir/usr/share/pico-sdk/src/rp2_common/hardware_claim/claim.c.obj
                0x0000000010002010                hw_claim_or_assert
 .text.hw_claim_unused_from_range
                0x0000000010002058       0x9c CMakeFiles/Picopod.dir/usr/share/pico-sdk/src/rp2_common/hardware_claim/claim.c.obj
                0x0000000010002058                hw_claim_unused_from_range
 .text.running_on_fpga
                0x00000000100020f4       0x10 CMakeFiles/Picopod.dir/usr/share/pico-sdk/src/rp2_common/pico_platform/platform.c.obj
                0x00000000100020f4                running_on_fpga
 .text.spin_locks_reset
                0x0000000010002104       0x1c CMakeFiles/Picopod.dir/usr/share/pico-sdk/src/rp2_common/hardware_sync/sync.c.obj
                0x0000000010002104                spin_locks_reset
 .text.next_striped_spin_lock_num
                0x0000000010002120       0x18 CMakeFiles/Picopod.dir/usr/share/pico-sdk/src/rp2_common/hardware_sync/sync.c.obj
                0x0000000010002120                next_striped_spin_lock_num
 .text.spin_lock_claim_unused
                0x0000000010002138       0x20 CMakeFiles/Picopod.dir/usr/share/pico-sdk/src/rp2_common/hardware_sync/sync.c.obj
                0x0000000010002138                spin_lock_claim_unused
 .text.irq_set_enabled
                0x0000000010002158       0x24 CMakeFiles/Picopod.dir/usr/share/pico-sdk/src/rp2_common/hardware_irq/irq.c.obj
                0x0000000010002158                irq_set_enabled
 .text.irq_set_pending
                0x000000001000217c       0x10 CMakeFiles/Picopod.dir/usr/share/pico-sdk/src/rp2_common/hardware_irq/irq.c.obj
                0x000000001000217c                irq_set_pending
 .text.irq_has_shared_handler
                0x000000001000218c       0x2c CMakeFiles/Picopod.dir/usr/share/pico-sdk/src/rp2_common/hardware_irq/irq.c.obj
                0x000000001000218c                irq_has_shared_handler
 .text.irq_get_vtable_handler
                0x00000000100021b8       0x10 CMakeFiles/Picopod.dir/usr/share/pico-sdk/src/rp2_common/hardware_irq/irq.c.obj
                0x00000000100021b8                irq_get_vtable_handler
 .text.irq_set_exclusive_handler
                0x00000000100021c8       0x54 CMakeFiles/Picopod.dir/usr/share/pico-sdk/src/rp2_common/hardware_irq/irq.c.obj
                0x00000000100021c8                irq_set_exclusive_handler
 .text.irq_add_shared_handler
                0x000000001000221c      0x1c0 CMakeFiles/Picopod.dir/usr/share/pico-sdk/src/rp2_common/hardware_irq/irq.c.obj
                0x000000001000221c                irq_add_shared_handler
 .text.irq_remove_handler
                0x00000000100023dc      0x1b4 CMakeFiles/Picopod.dir/usr/share/pico-sdk/src/rp2_common/hardware_irq/irq.c.obj
                0x00000000100023dc                irq_remove_handler
 .text.irq_add_tail_to_free_list
                0x0000000010002590       0xb8 CMakeFiles/Picopod.dir/usr/share/pico-sdk/src/rp2_common/hardware_irq/irq.c.obj
                0x0000000010002590                irq_add_tail_to_free_list
 .text.irq_init_priorities
                0x0000000010002648       0x24 CMakeFiles/Picopod.dir/usr/share/pico-sdk/src/rp2_common/hardware_irq/irq.c.obj
                0x0000000010002648                irq_init_priorities
 .text.user_irq_claim_unused
                0x000000001000266c       0x30 CMakeFiles/Picopod.dir/usr/share/pico-sdk/src/rp2_common/hardware_irq/irq.c.obj
                0x000000001000266c                user_irq_claim_unused
 .text.lock_init
                0x000000001000269c       0x10 CMakeFiles/Picopod.dir/usr/share/pico-sdk/src/common/pico_sync/lock_core.c.obj
                0x000000001000269c                lock_init
 .text.timer_pool_entry_comparator
                0x00000000100026ac       0x34 CMakeFiles/Picopod.dir/usr/share/pico-sdk/src/common/pico_time/time.c.obj
                0x00000000100026ac                timer_pool_entry_comparator
 .text.sleep_until_callback
                0x00000000100026e0       0x30 CMakeFiles/Picopod.dir/usr/share/pico-sdk/src/common/pico_time/time.c.obj
 .text.alarm_pool_add_alarm_at.constprop.0
                0x0000000010002710      0x128 CMakeFiles/Picopod.dir/usr/share/pico-sdk/src/common/pico_time/time.c.obj
 .text.add_alarm_under_lock
                0x0000000010002838      0x108 CMakeFiles/Picopod.dir/usr/share/pico-sdk/src/common/pico_time/time.c.obj
 .text.alarm_pool_alarm_callback
                0x0000000010002940      0x1c8 CMakeFiles/Picopod.dir/usr/share/pico-sdk/src/common/pico_time/time.c.obj
 .text.alarm_pool_init_default
                0x0000000010002b08       0x64 CMakeFiles/Picopod.dir/usr/share/pico-sdk/src/common/pico_time/time.c.obj
                0x0000000010002b08                alarm_pool_init_default
 .text.alarm_pool_get_default
                0x0000000010002b6c        0x8 CMakeFiles/Picopod.dir/usr/share/pico-sdk/src/common/pico_time/time.c.obj
                0x0000000010002b6c                alarm_pool_get_default
 .text.alarm_pool_add_alarm_at
                0x0000000010002b74      0x1ac CMakeFiles/Picopod.dir/usr/share/pico-sdk/src/common/pico_time/time.c.obj
                0x0000000010002b74                alarm_pool_add_alarm_at
 .text.alarm_pool_cancel_alarm
                0x0000000010002d20       0x70 CMakeFiles/Picopod.dir/usr/share/pico-sdk/src/common/pico_time/time.c.obj
                0x0000000010002d20                alarm_pool_cancel_alarm
 .text.sleep_until
                0x0000000010002d90       0xac CMakeFiles/Picopod.dir/usr/share/pico-sdk/src/common/pico_time/time.c.obj
                0x0000000010002d90                sleep_until
 .text.sleep_ms
                0x0000000010002e3c       0x38 CMakeFiles/Picopod.dir/usr/share/pico-sdk/src/common/pico_time/time.c.obj
                0x0000000010002e3c                sleep_ms
 .text.best_effort_wfe_or_timeout
                0x0000000010002e74       0xd4 CMakeFiles/Picopod.dir/usr/share/pico-sdk/src/common/pico_time/time.c.obj
                0x0000000010002e74                best_effort_wfe_or_timeout
 .text.hardware_alarm_irq_handler
                0x0000000010002f48       0xb8 CMakeFiles/Picopod.dir/usr/share/pico-sdk/src/rp2_common/hardware_timer/timer.c.obj
 .text.hardware_alarm_claim
                0x0000000010003000       0x18 CMakeFiles/Picopod.dir/usr/share/pico-sdk/src/rp2_common/hardware_timer/timer.c.obj
                0x0000000010003000                hardware_alarm_claim
 .text.time_us_64
                0x0000000010003018       0x14 CMakeFiles/Picopod.dir/usr/share/pico-sdk/src/rp2_common/hardware_timer/timer.c.obj
                0x0000000010003018                time_us_64
 .text.busy_wait_us
                0x000000001000302c       0x54 CMakeFiles/Picopod.dir/usr/share/pico-sdk/src/rp2_common/hardware_timer/timer.c.obj
                0x000000001000302c                busy_wait_us
 .text.busy_wait_until
                0x0000000010003080       0x20 CMakeFiles/Picopod.dir/usr/share/pico-sdk/src/rp2_common/hardware_timer/timer.c.obj
                0x0000000010003080                busy_wait_until
 .text.hardware_alarm_set_callback
                0x00000000100030a0       0x8c CMakeFiles/Picopod.dir/usr/share/pico-sdk/src/rp2_common/hardware_timer/timer.c.obj
                0x00000000100030a0                hardware_alarm_set_callback
 .text.hardware_alarm_set_target
                0x000000001000312c       0xe4 CMakeFiles/Picopod.dir/usr/share/pico-sdk/src/rp2_common/hardware_timer/timer.c.obj
                0x000000001000312c                hardware_alarm_set_target
 .text.hardware_alarm_cancel
                0x0000000010003210       0x40 CMakeFiles/Picopod.dir/usr/share/pico-sdk/src/rp2_common/hardware_timer/timer.c.obj
                0x0000000010003210                hardware_alarm_cancel
 .text.ph_merge_nodes
                0x0000000010003250       0x68 CMakeFiles/Picopod.dir/usr/share/pico-sdk/src/common/pico_util/pheap.c.obj
 .text.ph_post_alloc_init
                0x00000000100032b8       0x3c CMakeFiles/Picopod.dir/usr/share/pico-sdk/src/common/pico_util/pheap.c.obj
                0x00000000100032b8                ph_post_alloc_init
 .text.ph_merge_two_pass
                0x00000000100032f4       0x90 CMakeFiles/Picopod.dir/usr/share/pico-sdk/src/common/pico_util/pheap.c.obj
                0x00000000100032f4                ph_merge_two_pass
 .text.ph_remove_any_head
                0x0000000010003384       0xf8 CMakeFiles/Picopod.dir/usr/share/pico-sdk/src/common/pico_util/pheap.c.obj
 .text.ph_remove_head
                0x000000001000347c      0x13c CMakeFiles/Picopod.dir/usr/share/pico-sdk/src/common/pico_util/pheap.c.obj
                0x000000001000347c                ph_remove_head
 .text.ph_remove_and_free_node
                0x00000000100035b8       0x7c CMakeFiles/Picopod.dir/usr/share/pico-sdk/src/common/pico_util/pheap.c.obj
                0x00000000100035b8                ph_remove_and_free_node
 .text.mutex_init
                0x0000000010003634       0x1c CMakeFiles/Picopod.dir/usr/share/pico-sdk/src/common/pico_sync/mutex.c.obj
                0x0000000010003634                mutex_init
 .text.recursive_mutex_init
                0x0000000010003650       0x1c CMakeFiles/Picopod.dir/usr/share/pico-sdk/src/common/pico_sync/mutex.c.obj
                0x0000000010003650                recursive_mutex_init
 .text.critical_section_init
                0x000000001000366c       0x1c CMakeFiles/Picopod.dir/usr/share/pico-sdk/src/common/pico_sync/critical_section.c.obj
                0x000000001000366c                critical_section_init
 .text.uart_init
                0x0000000010003688       0xe4 CMakeFiles/Picopod.dir/usr/share/pico-sdk/src/rp2_common/hardware_uart/uart.c.obj
                0x0000000010003688                uart_init
 .text.runtime_init
                0x000000001000376c       0xf0 CMakeFiles/Picopod.dir/usr/share/pico-sdk/src/rp2_common/pico_runtime/runtime.c.obj
                0x000000001000376c                runtime_init
 .text._exit    0x000000001000385c        0x4 CMakeFiles/Picopod.dir/usr/share/pico-sdk/src/rp2_common/pico_runtime/runtime.c.obj
                0x000000001000385c                _exit
 .text._sbrk    0x0000000010003860       0x34 CMakeFiles/Picopod.dir/usr/share/pico-sdk/src/rp2_common/pico_runtime/runtime.c.obj
                0x0000000010003860                _sbrk
 .text.exit     0x0000000010003894        0x4 CMakeFiles/Picopod.dir/usr/share/pico-sdk/src/rp2_common/pico_runtime/runtime.c.obj
                0x0000000010003894                exit
 .text.panic    0x0000000010003898       0x30 CMakeFiles/Picopod.dir/usr/share/pico-sdk/src/rp2_common/pico_runtime/runtime.c.obj
                0x0000000010003898                panic
 .text.hard_assertion_failure
                0x00000000100038c8        0xc CMakeFiles/Picopod.dir/usr/share/pico-sdk/src/rp2_common/pico_runtime/runtime.c.obj
                0x00000000100038c8                hard_assertion_failure
 .text.clocks_init
                0x00000000100038d4      0x2bc CMakeFiles/Picopod.dir/usr/share/pico-sdk/src/rp2_common/hardware_clocks/clocks.c.obj
                0x00000000100038d4                clocks_init
 .text.clock_get_hz
                0x0000000010003b90        0xc CMakeFiles/Picopod.dir/usr/share/pico-sdk/src/rp2_common/hardware_clocks/clocks.c.obj
                0x0000000010003b90                clock_get_hz
 .text.pll_init
                0x0000000010003b9c       0xa8 CMakeFiles/Picopod.dir/usr/share/pico-sdk/src/rp2_common/hardware_pll/pll.c.obj
                0x0000000010003b9c                pll_init
 .text.watchdog_start_tick
                0x0000000010003c44       0x10 CMakeFiles/Picopod.dir/usr/share/pico-sdk/src/rp2_common/hardware_watchdog/watchdog.c.obj
                0x0000000010003c44                watchdog_start_tick
 .text.watchdog_reboot
                0x0000000010003c54       0x98 CMakeFiles/Picopod.dir/usr/share/pico-sdk/src/rp2_common/hardware_watchdog/watchdog.c.obj
                0x0000000010003c54                watchdog_reboot
 .text.xosc_init
                0x0000000010003cec       0x28 CMakeFiles/Picopod.dir/usr/share/pico-sdk/src/rp2_common/hardware_xosc/xosc.c.obj
                0x0000000010003cec                xosc_init
 .text._out_buffer
                0x0000000010003d14        0x8 CMakeFiles/Picopod.dir/usr/share/pico-sdk/src/rp2_common/pico_printf/printf.c.obj
 .text._out_null
                0x0000000010003d1c        0x4 CMakeFiles/Picopod.dir/usr/share/pico-sdk/src/rp2_common/pico_printf/printf.c.obj
 .text._out_rev
                0x0000000010003d20       0xd0 CMakeFiles/Picopod.dir/usr/share/pico-sdk/src/rp2_common/pico_printf/printf.c.obj
 .text._ntoa_format
                0x0000000010003df0      0x1d0 CMakeFiles/Picopod.dir/usr/share/pico-sdk/src/rp2_common/pico_printf/printf.c.obj
 .text._out_char
                0x0000000010003fc0       0x10 CMakeFiles/Picopod.dir/usr/share/pico-sdk/src/rp2_common/pico_printf/printf.c.obj
 .text._out_fct
                0x0000000010003fd0       0x10 CMakeFiles/Picopod.dir/usr/share/pico-sdk/src/rp2_common/pico_printf/printf.c.obj
 .text._etoa    0x0000000010003fe0      0x478 CMakeFiles/Picopod.dir/usr/share/pico-sdk/src/rp2_common/pico_printf/printf.c.obj
 .text._ftoa    0x0000000010004458      0x3e0 CMakeFiles/Picopod.dir/usr/share/pico-sdk/src/rp2_common/pico_printf/printf.c.obj
 .text._vsnprintf
                0x0000000010004838      0xb08 CMakeFiles/Picopod.dir/usr/share/pico-sdk/src/rp2_common/pico_printf/printf.c.obj
 .text.__wrap_sprintf
                0x0000000010005340       0x28 CMakeFiles/Picopod.dir/usr/share/pico-sdk/src/rp2_common/pico_printf/printf.c.obj
                0x0000000010005340                __wrap_sprintf
 .text.__wrap_vsnprintf
                0x0000000010005368       0x1c CMakeFiles/Picopod.dir/usr/share/pico-sdk/src/rp2_common/pico_printf/printf.c.obj
                0x0000000010005368                __wrap_vsnprintf
 .text.vfctprintf
                0x0000000010005384       0x20 CMakeFiles/Picopod.dir/usr/share/pico-sdk/src/rp2_common/pico_printf/printf.c.obj
                0x0000000010005384                vfctprintf
 .text.weak_raw_vprintf
                0x00000000100053a4       0x30 CMakeFiles/Picopod.dir/usr/share/pico-sdk/src/rp2_common/pico_printf/printf.c.obj
                0x00000000100053a4                weak_raw_vprintf
 .text          0x00000000100053d4       0x10 CMakeFiles/Picopod.dir/usr/share/pico-sdk/src/rp2_common/pico_bit_ops/bit_ops_aeabi.S.obj
 .text.rom_func_lookup
                0x00000000100053e4       0x10 CMakeFiles/Picopod.dir/usr/share/pico-sdk/src/rp2_common/pico_bootrom/bootrom.c.obj
                0x00000000100053e4                rom_func_lookup
 .text.rom_data_lookup
                0x00000000100053f4       0x10 CMakeFiles/Picopod.dir/usr/share/pico-sdk/src/rp2_common/pico_bootrom/bootrom.c.obj
                0x00000000100053f4                rom_data_lookup
 .text.rom_funcs_lookup
                0x0000000010005404       0x3c CMakeFiles/Picopod.dir/usr/share/pico-sdk/src/rp2_common/pico_bootrom/bootrom.c.obj
                0x0000000010005404                rom_funcs_lookup
 .text.__wrap___aeabi_idiv
                0x0000000010005440       0x50 CMakeFiles/Picopod.dir/usr/share/pico-sdk/src/rp2_common/pico_divider/divider.S.obj
                0x0000000010005440                __wrap___aeabi_idivmod
                0x0000000010005440                divmod_s32s32
                0x0000000010005440                div_s32s32
                0x0000000010005440                __wrap___aeabi_idiv
                0x0000000010005448                divmod_s32s32_unsafe
                0x0000000010005474                divmod_s32s32_savestate
 .text.__wrap___aeabi_uidiv
                0x0000000010005490       0x4c CMakeFiles/Picopod.dir/usr/share/pico-sdk/src/rp2_common/pico_divider/divider.S.obj
                0x0000000010005490                __wrap___aeabi_uidiv
                0x0000000010005490                __wrap___aeabi_uidivmod
                0x0000000010005490                div_u32u32
                0x0000000010005490                divmod_u32u32
                0x0000000010005498                divmod_u32u32_unsafe
                0x00000000100054c0                divmod_u32u32_savestate
 .text.__wrap___aeabi_ldiv
                0x00000000100054dc      0x434 CMakeFiles/Picopod.dir/usr/share/pico-sdk/src/rp2_common/pico_divider/divider.S.obj
                0x00000000100054dc                div_s64s64
                0x00000000100054dc                divmod_s64s64
                0x00000000100054dc                __wrap___aeabi_ldivmod
                0x0000000010005514                div_u64u64
                0x0000000010005514                divmod_u64u64
                0x0000000010005514                __wrap___aeabi_uldivmod
                0x0000000010005524                divmod_u64u64_savestate
                0x000000001000554c                divmod_s64s64_unsafe
                0x00000000100055d4                divmod_u64u64_unsafe
 .text.__wrap___aeabi_darithmetic
                0x0000000010005910       0x80 CMakeFiles/Picopod.dir/usr/share/pico-sdk/src/rp2_common/pico_double/double_aeabi.S.obj
                0x0000000010005910                __wrap___aeabi_drsub
                0x0000000010005916                __wrap___aeabi_dsub
                0x0000000010005928                __wrap___aeabi_dadd
                0x000000001000593a                __wrap___aeabi_ddiv
                0x0000000010005976                __wrap___aeabi_dmul
 .text.__wrap___aeabi_cdcmple
                0x0000000010005990       0x6c CMakeFiles/Picopod.dir/usr/share/pico-sdk/src/rp2_common/pico_double/double_aeabi.S.obj
                0x0000000010005990                __wrap___aeabi_cdrcmple
                0x00000000100059a0                __wrap___aeabi_cdcmple
                0x00000000100059a0                __wrap___aeabi_cdcmpeq
 .text.__wrap___aeabi_dcmplt
                0x00000000100059fc        0xc CMakeFiles/Picopod.dir/usr/share/pico-sdk/src/rp2_common/pico_double/double_aeabi.S.obj
                0x00000000100059fc                __wrap___aeabi_dcmplt
 .text.__wrap___aeabi_dcmple
                0x0000000010005a08       0x10 CMakeFiles/Picopod.dir/usr/share/pico-sdk/src/rp2_common/pico_double/double_aeabi.S.obj
                0x0000000010005a08                __wrap___aeabi_dcmple
 .text.__wrap___aeabi_dcmpge
                0x0000000010005a18       0x10 CMakeFiles/Picopod.dir/usr/share/pico-sdk/src/rp2_common/pico_double/double_aeabi.S.obj
                0x0000000010005a18                __wrap___aeabi_dcmpge
 .text.__wrap___aeabi_dcmpgt
                0x0000000010005a28        0xa CMakeFiles/Picopod.dir/usr/share/pico-sdk/src/rp2_common/pico_double/double_aeabi.S.obj
                0x0000000010005a28                __wrap___aeabi_dcmpgt
 .text.__wrap___aeabi_dcmpun
                0x0000000010005a32       0x1c CMakeFiles/Picopod.dir/usr/share/pico-sdk/src/rp2_common/pico_double/double_aeabi.S.obj
                0x0000000010005a32                __wrap___aeabi_dcmpun
 *fill*         0x0000000010005a4e        0x2 
 .text.__wrap___aeabi_i2d
                0x0000000010005a50       0x38 CMakeFiles/Picopod.dir/usr/share/pico-sdk/src/rp2_common/pico_double/double_aeabi.S.obj
                0x0000000010005a50                __wrap___aeabi_ui2d
                0x0000000010005a58                __wrap___aeabi_i2d
 .text.__wrap___aeabi_d2iz
                0x0000000010005a88       0x48 CMakeFiles/Picopod.dir/usr/share/pico-sdk/src/rp2_common/pico_double/double_aeabi.S.obj
                0x0000000010005a88                __wrap___aeabi_d2iz
                0x0000000010005a88                double2int_z
 .text.__wrap___aeabi_d2uiz
                0x0000000010005ad0       0x18 CMakeFiles/Picopod.dir/usr/share/pico-sdk/src/rp2_common/pico_double/double_aeabi.S.obj
                0x0000000010005ad0                double2uint
                0x0000000010005ad0                __wrap___aeabi_d2uiz
 .text.__wrap___aeabi_d2f
                0x0000000010005ae8       0x18 CMakeFiles/Picopod.dir/usr/share/pico-sdk/src/rp2_common/pico_double/double_aeabi.S.obj
                0x0000000010005ae8                __wrap___aeabi_d2f
 .text.__aeabi_double_init
                0x0000000010005b00       0xc0 CMakeFiles/Picopod.dir/usr/share/pico-sdk/src/rp2_common/pico_double/double_init_rom.c.obj
                0x0000000010005b00                __aeabi_double_init
 .text.double_table_shim_on_use_helper
                0x0000000010005bc0       0x2c CMakeFiles/Picopod.dir/usr/share/pico-sdk/src/rp2_common/pico_double/double_v1_rom_shim.S.obj
                0x0000000010005bc0                double_table_shim_on_use_helper
 .text.__wrap___aeabi_dsub
                0x0000000010005bec       0x10 CMakeFiles/Picopod.dir/usr/share/pico-sdk/src/rp2_common/pico_double/double_v1_rom_shim.S.obj
                0x0000000010005bec                drsub_shim
                0x0000000010005bf2                dsub_shim
 .text.dadd_shim
                0x0000000010005bfc      0x15c CMakeFiles/Picopod.dir/usr/share/pico-sdk/src/rp2_common/pico_double/double_v1_rom_shim.S.obj
                0x0000000010005bfc                dadd_shim
 .text.dmul_shim
                0x0000000010005d58      0x15c CMakeFiles/Picopod.dir/usr/share/pico-sdk/src/rp2_common/pico_double/double_v1_rom_shim.S.obj
                0x0000000010005d58                dmul_shim
 .text.ddiv_shim
                0x0000000010005eb4      0x1b0 CMakeFiles/Picopod.dir/usr/share/pico-sdk/src/rp2_common/pico_double/double_v1_rom_shim.S.obj
                0x0000000010005eb4                ddiv_shim
 .text.double2uint_shim
                0x0000000010006064        0xe CMakeFiles/Picopod.dir/usr/share/pico-sdk/src/rp2_common/pico_double/double_v1_rom_shim.S.obj
                0x0000000010006064                double2uint_shim
                0x0000000010006066                double2ufix_shim
 *fill*         0x0000000010006072        0x2 
 .text.double2uint64_shim
                0x0000000010006074       0x70 CMakeFiles/Picopod.dir/usr/share/pico-sdk/src/rp2_common/pico_double/double_v1_rom_shim.S.obj
                0x0000000010006074                double2uint64_shim
                0x0000000010006076                double2ufix64_shim
                0x0000000010006096                d2fix_a
 .text.double2float_shim
                0x00000000100060e4       0x5c CMakeFiles/Picopod.dir/usr/share/pico-sdk/src/rp2_common/pico_double/double_v1_rom_shim.S.obj
                0x00000000100060e4                double2float_shim
 .text.dunpacks
                0x0000000010006140       0x3c CMakeFiles/Picopod.dir/usr/share/pico-sdk/src/rp2_common/pico_double/double_v1_rom_shim.S.obj
                0x0000000010006140                dunpacks
 .text.__aeabi_lmul
                0x000000001000617c       0x32 CMakeFiles/Picopod.dir/usr/share/pico-sdk/src/rp2_common/pico_int64_ops/pico_int64_ops_aeabi.S.obj
                0x000000001000617c                __wrap___aeabi_lmul
 *fill*         0x00000000100061ae        0x2 
 .text.__wrap___aeabi_farithmetic
                0x00000000100061b0       0x48 CMakeFiles/Picopod.dir/usr/share/pico-sdk/src/rp2_common/pico_float/float_aeabi.S.obj
                0x00000000100061b0                __wrap___aeabi_frsub
                0x00000000100061b6                __wrap___aeabi_fsub
                0x00000000100061bc                __wrap___aeabi_fadd
                0x00000000100061c2                __wrap___aeabi_fdiv
                0x00000000100061ea                __wrap___aeabi_fmul
 .text.__wrap___aeabi_cfcmple
                0x00000000100061f8       0x50 CMakeFiles/Picopod.dir/usr/share/pico-sdk/src/rp2_common/pico_float/float_aeabi.S.obj
                0x00000000100061f8                __wrap___aeabi_cfrcmple
                0x0000000010006204                __wrap___aeabi_cfcmpeq
                0x0000000010006204                __wrap___aeabi_cfcmple
 .text.__wrap___aeabi_fcmple
                0x0000000010006248       0x10 CMakeFiles/Picopod.dir/usr/share/pico-sdk/src/rp2_common/pico_float/float_aeabi.S.obj
                0x0000000010006248                __wrap___aeabi_fcmple
 .text.__wrap___aeabi_fcmpge
                0x0000000010006258       0x10 CMakeFiles/Picopod.dir/usr/share/pico-sdk/src/rp2_common/pico_float/float_aeabi.S.obj
                0x0000000010006258                __wrap___aeabi_fcmpge
 .text.__wrap___aeabi_i2f
                0x0000000010006268       0x44 CMakeFiles/Picopod.dir/usr/share/pico-sdk/src/rp2_common/pico_float/float_aeabi.S.obj
                0x0000000010006268                __wrap___aeabi_i2f
 .text.__wrap___aeabi_f2iz
                0x00000000100062ac       0x4e CMakeFiles/Picopod.dir/usr/share/pico-sdk/src/rp2_common/pico_float/float_aeabi.S.obj
                0x00000000100062ac                __wrap___aeabi_f2iz
                0x00000000100062ac                float2int_z
 *fill*         0x00000000100062fa        0x2 
 .text.float2int
                0x00000000100062fc       0x14 CMakeFiles/Picopod.dir/usr/share/pico-sdk/src/rp2_common/pico_float/float_aeabi.S.obj
                0x00000000100062fc                float2int
 .text.__wrap___aeabi_f2uiz
                0x0000000010006310        0xc CMakeFiles/Picopod.dir/usr/share/pico-sdk/src/rp2_common/pico_float/float_aeabi.S.obj
                0x0000000010006310                __wrap___aeabi_f2uiz
 .text.__wrap___aeabi_f2d
                0x000000001000631c       0x14 CMakeFiles/Picopod.dir/usr/share/pico-sdk/src/rp2_common/pico_float/float_aeabi.S.obj
                0x000000001000631c                __wrap___aeabi_f2d
 .text.__aeabi_float_init
                0x0000000010006330       0x64 CMakeFiles/Picopod.dir/usr/share/pico-sdk/src/rp2_common/pico_float/float_init_rom.c.obj
                0x0000000010006330                __aeabi_float_init
 .text.float_table_shim_on_use_helper
                0x0000000010006394       0x2c CMakeFiles/Picopod.dir/usr/share/pico-sdk/src/rp2_common/pico_float/float_v1_rom_shim.S.obj
                0x0000000010006394                float_table_shim_on_use_helper
 .text.float232_shims
                0x00000000100063c0       0x18 CMakeFiles/Picopod.dir/usr/share/pico-sdk/src/rp2_common/pico_float/float_v1_rom_shim.S.obj
                0x00000000100063c0                float2int_shim
                0x00000000100063c2                float2fix_shim
 .text.float2double_shim
                0x00000000100063d8       0x30 CMakeFiles/Picopod.dir/usr/share/pico-sdk/src/rp2_common/pico_float/float_v1_rom_shim.S.obj
                0x00000000100063d8                float2double_shim
 .text.__wrap_malloc
                0x0000000010006408       0x24 CMakeFiles/Picopod.dir/usr/share/pico-sdk/src/rp2_common/pico_malloc/pico_malloc.c.obj
                0x0000000010006408                __wrap_malloc
 .text.__wrap_realloc
                0x000000001000642c       0x24 CMakeFiles/Picopod.dir/usr/share/pico-sdk/src/rp2_common/pico_malloc/pico_malloc.c.obj
                0x000000001000642c                __wrap_realloc
 .text.__wrap_free
                0x0000000010006450        0x8 CMakeFiles/Picopod.dir/usr/share/pico-sdk/src/rp2_common/pico_malloc/pico_malloc.c.obj
                0x0000000010006450                __wrap_free
 .text          0x0000000010006458       0x10 CMakeFiles/Picopod.dir/usr/share/pico-sdk/src/rp2_common/pico_mem_ops/mem_ops_aeabi.S.obj
                0x0000000010006458                __aeabi_mem_init
 .text.memset   0x0000000010006468        0xc CMakeFiles/Picopod.dir/usr/share/pico-sdk/src/rp2_common/pico_mem_ops/mem_ops_aeabi.S.obj
                0x0000000010006468                __wrap_memset
 .text.memcpy   0x0000000010006474        0xc CMakeFiles/Picopod.dir/usr/share/pico-sdk/src/rp2_common/pico_mem_ops/mem_ops_aeabi.S.obj
                0x0000000010006474                __wrap___aeabi_memcpy
                0x0000000010006474                __wrap_memcpy
 .text._Znwj    0x0000000010006480        0x8 CMakeFiles/Picopod.dir/usr/share/pico-sdk/src/rp2_common/pico_standard_link/new_delete.cpp.obj
                0x0000000010006480                operator new(unsigned int)
 .text._ZdlPv   0x0000000010006488        0x8 CMakeFiles/Picopod.dir/usr/share/pico-sdk/src/rp2_common/pico_standard_link/new_delete.cpp.obj
                0x0000000010006488                operator delete(void*)
 .text._ZdlPvj  0x0000000010006490        0x8 CMakeFiles/Picopod.dir/usr/share/pico-sdk/src/rp2_common/pico_standard_link/new_delete.cpp.obj
                0x0000000010006490                operator delete(void*, unsigned int)
 .text.stdio_out_chars_no_crlf
                0x0000000010006498       0x10 CMakeFiles/Picopod.dir/usr/share/pico-sdk/src/rp2_common/pico_stdio/stdio.c.obj
 .text.stdio_out_chars_crlf
                0x00000000100064a8       0x94 CMakeFiles/Picopod.dir/usr/share/pico-sdk/src/rp2_common/pico_stdio/stdio.c.obj
 .text.stdio_buffered_printer
                0x000000001000653c       0x64 CMakeFiles/Picopod.dir/usr/share/pico-sdk/src/rp2_common/pico_stdio/stdio.c.obj
 .text.stdio_put_string
                0x00000000100065a0      0x100 CMakeFiles/Picopod.dir/usr/share/pico-sdk/src/rp2_common/pico_stdio/stdio.c.obj
 .text.__wrap_putchar
                0x00000000100066a0       0xa4 CMakeFiles/Picopod.dir/usr/share/pico-sdk/src/rp2_common/pico_stdio/stdio.c.obj
                0x00000000100066a0                __wrap_putchar
 .text.__wrap_puts
                0x0000000010006744       0x3c CMakeFiles/Picopod.dir/usr/share/pico-sdk/src/rp2_common/pico_stdio/stdio.c.obj
                0x0000000010006744                __wrap_puts
 .text._read    0x0000000010006780       0x94 CMakeFiles/Picopod.dir/usr/share/pico-sdk/src/rp2_common/pico_stdio/stdio.c.obj
                0x0000000010006780                _read
 .text._write   0x0000000010006814       0xac CMakeFiles/Picopod.dir/usr/share/pico-sdk/src/rp2_common/pico_stdio/stdio.c.obj
                0x0000000010006814                _write
 .text.stdio_set_driver_enabled
                0x00000000100068c0       0x30 CMakeFiles/Picopod.dir/usr/share/pico-sdk/src/rp2_common/pico_stdio/stdio.c.obj
                0x00000000100068c0                stdio_set_driver_enabled
 .text.__wrap_vprintf
                0x00000000100068f0       0xd8 CMakeFiles/Picopod.dir/usr/share/pico-sdk/src/rp2_common/pico_stdio/stdio.c.obj
                0x00000000100068f0                __wrap_vprintf
 .text.__wrap_printf
                0x00000000100069c8       0x18 CMakeFiles/Picopod.dir/usr/share/pico-sdk/src/rp2_common/pico_stdio/stdio.c.obj
                0x00000000100069c8                __wrap_printf
 .text.stdio_init_all
                0x00000000100069e0        0x8 CMakeFiles/Picopod.dir/usr/share/pico-sdk/src/rp2_common/pico_stdio/stdio.c.obj
                0x00000000100069e0                stdio_init_all
 .text.resetd_init
                0x00000000100069e8        0x4 CMakeFiles/Picopod.dir/usr/share/pico-sdk/src/rp2_common/pico_stdio_usb/reset_interface.c.obj
 .text.resetd_reset
                0x00000000100069ec        0xc CMakeFiles/Picopod.dir/usr/share/pico-sdk/src/rp2_common/pico_stdio_usb/reset_interface.c.obj
 .text.resetd_open
                0x00000000100069f8       0x28 CMakeFiles/Picopod.dir/usr/share/pico-sdk/src/rp2_common/pico_stdio_usb/reset_interface.c.obj
 .text.resetd_xfer_cb
                0x0000000010006a20        0x4 CMakeFiles/Picopod.dir/usr/share/pico-sdk/src/rp2_common/pico_stdio_usb/reset_interface.c.obj
 .text.resetd_control_xfer_cb
                0x0000000010006a24       0x64 CMakeFiles/Picopod.dir/usr/share/pico-sdk/src/rp2_common/pico_stdio_usb/reset_interface.c.obj
 .text.usbd_app_driver_get_cb
                0x0000000010006a88        0xc CMakeFiles/Picopod.dir/usr/share/pico-sdk/src/rp2_common/pico_stdio_usb/reset_interface.c.obj
                0x0000000010006a88                usbd_app_driver_get_cb
 .text.tud_cdc_line_coding_cb
                0x0000000010006a94       0x34 CMakeFiles/Picopod.dir/usr/share/pico-sdk/src/rp2_common/pico_stdio_usb/reset_interface.c.obj
                0x0000000010006a94                tud_cdc_line_coding_cb
 .text.stdio_usb_in_chars
                0x0000000010006ac8       0x68 CMakeFiles/Picopod.dir/usr/share/pico-sdk/src/rp2_common/pico_stdio_usb/stdio_usb.c.obj
                0x0000000010006ac8                stdio_usb_in_chars
 .text.stdio_usb_out_chars
                0x0000000010006b30       0xec CMakeFiles/Picopod.dir/usr/share/pico-sdk/src/rp2_common/pico_stdio_usb/stdio_usb.c.obj
 .text.timer_task
                0x0000000010006c1c       0x18 CMakeFiles/Picopod.dir/usr/share/pico-sdk/src/rp2_common/pico_stdio_usb/stdio_usb.c.obj
 .text.usb_irq  0x0000000010006c34       0x10 CMakeFiles/Picopod.dir/usr/share/pico-sdk/src/rp2_common/pico_stdio_usb/stdio_usb.c.obj
 .text.low_priority_worker_irq
                0x0000000010006c44       0x24 CMakeFiles/Picopod.dir/usr/share/pico-sdk/src/rp2_common/pico_stdio_usb/stdio_usb.c.obj
 .text.stdio_usb_init
                0x0000000010006c68       0xb0 CMakeFiles/Picopod.dir/usr/share/pico-sdk/src/rp2_common/pico_stdio_usb/stdio_usb.c.obj
                0x0000000010006c68                stdio_usb_init
 .text.tud_descriptor_device_cb
                0x0000000010006d18        0x8 CMakeFiles/Picopod.dir/usr/share/pico-sdk/src/rp2_common/pico_stdio_usb/stdio_usb_descriptors.c.obj
                0x0000000010006d18                tud_descriptor_device_cb
 .text.tud_descriptor_configuration_cb
                0x0000000010006d20        0x8 CMakeFiles/Picopod.dir/usr/share/pico-sdk/src/rp2_common/pico_stdio_usb/stdio_usb_descriptors.c.obj
                0x0000000010006d20                tud_descriptor_configuration_cb
 .text.tud_descriptor_string_cb
                0x0000000010006d28       0x70 CMakeFiles/Picopod.dir/usr/share/pico-sdk/src/rp2_common/pico_stdio_usb/stdio_usb_descriptors.c.obj
                0x0000000010006d28                tud_descriptor_string_cb
 .text.dcd_rp2040_irq
                0x0000000010006d98      0x21c CMakeFiles/Picopod.dir/usr/share/pico-sdk/lib/tinyusb/src/portable/raspberrypi/rp2040/dcd_rp2040.c.obj
 .text.dcd_int_enable
                0x0000000010006fb4        0xc CMakeFiles/Picopod.dir/usr/share/pico-sdk/lib/tinyusb/src/portable/raspberrypi/rp2040/dcd_rp2040.c.obj
                0x0000000010006fb4                dcd_int_enable
 .text.dcd_set_address
                0x0000000010006fc0       0x14 CMakeFiles/Picopod.dir/usr/share/pico-sdk/lib/tinyusb/src/portable/raspberrypi/rp2040/dcd_rp2040.c.obj
                0x0000000010006fc0                dcd_set_address
 .text.dcd_connect
                0x0000000010006fd4       0x10 CMakeFiles/Picopod.dir/usr/share/pico-sdk/lib/tinyusb/src/portable/raspberrypi/rp2040/dcd_rp2040.c.obj
                0x0000000010006fd4                dcd_connect
 .text.dcd_init
                0x0000000010006fe4      0x148 CMakeFiles/Picopod.dir/usr/share/pico-sdk/lib/tinyusb/src/portable/raspberrypi/rp2040/dcd_rp2040.c.obj
                0x0000000010006fe4                dcd_init
 .text.dcd_edpt0_status_complete
                0x000000001000712c       0x1c CMakeFiles/Picopod.dir/usr/share/pico-sdk/lib/tinyusb/src/portable/raspberrypi/rp2040/dcd_rp2040.c.obj
                0x000000001000712c                dcd_edpt0_status_complete
 .text.dcd_edpt_open
                0x0000000010007148       0xf0 CMakeFiles/Picopod.dir/usr/share/pico-sdk/lib/tinyusb/src/portable/raspberrypi/rp2040/dcd_rp2040.c.obj
                0x0000000010007148                dcd_edpt_open
 .text.dcd_edpt_close_all
                0x0000000010007238       0xbc CMakeFiles/Picopod.dir/usr/share/pico-sdk/lib/tinyusb/src/portable/raspberrypi/rp2040/dcd_rp2040.c.obj
                0x0000000010007238                dcd_edpt_close_all
 .text.dcd_edpt_xfer
                0x00000000100072f4       0x24 CMakeFiles/Picopod.dir/usr/share/pico-sdk/lib/tinyusb/src/portable/raspberrypi/rp2040/dcd_rp2040.c.obj
                0x00000000100072f4                dcd_edpt_xfer
 .text.dcd_edpt_stall
                0x0000000010007318       0x38 CMakeFiles/Picopod.dir/usr/share/pico-sdk/lib/tinyusb/src/portable/raspberrypi/rp2040/dcd_rp2040.c.obj
                0x0000000010007318                dcd_edpt_stall
 .text.dcd_edpt_clear_stall
                0x0000000010007350       0x30 CMakeFiles/Picopod.dir/usr/share/pico-sdk/lib/tinyusb/src/portable/raspberrypi/rp2040/dcd_rp2040.c.obj
                0x0000000010007350                dcd_edpt_clear_stall
 .text._hw_endpoint_buffer_control_update32.part.0
                0x0000000010007380       0x20 CMakeFiles/Picopod.dir/usr/share/pico-sdk/lib/tinyusb/src/portable/raspberrypi/rp2040/rp2040_usb.c.obj
 .text.rp2040_usb_init
                0x00000000100073a0       0x4c CMakeFiles/Picopod.dir/usr/share/pico-sdk/lib/tinyusb/src/portable/raspberrypi/rp2040/rp2040_usb.c.obj
                0x00000000100073a0                rp2040_usb_init
 .text.hw_endpoint_reset_transfer
                0x00000000100073ec        0xc CMakeFiles/Picopod.dir/usr/share/pico-sdk/lib/tinyusb/src/portable/raspberrypi/rp2040/rp2040_usb.c.obj
                0x00000000100073ec                hw_endpoint_reset_transfer
 .text._hw_endpoint_buffer_control_update32
                0x00000000100073f8       0x40 CMakeFiles/Picopod.dir/usr/share/pico-sdk/lib/tinyusb/src/portable/raspberrypi/rp2040/rp2040_usb.c.obj
                0x00000000100073f8                _hw_endpoint_buffer_control_update32
 .text.hw_endpoint_xfer_start
                0x0000000010007438      0x138 CMakeFiles/Picopod.dir/usr/share/pico-sdk/lib/tinyusb/src/portable/raspberrypi/rp2040/rp2040_usb.c.obj
                0x0000000010007438                hw_endpoint_xfer_start
 .text.hw_endpoint_xfer_continue
                0x0000000010007570      0x1e4 CMakeFiles/Picopod.dir/usr/share/pico-sdk/lib/tinyusb/src/portable/raspberrypi/rp2040/rp2040_usb.c.obj
                0x0000000010007570                hw_endpoint_xfer_continue
 .text.tud_mounted
                0x0000000010007754       0x10 CMakeFiles/Picopod.dir/usr/share/pico-sdk/lib/tinyusb/src/device/usbd.c.obj
                0x0000000010007754                tud_mounted
 .text.tud_suspended
                0x0000000010007764       0x10 CMakeFiles/Picopod.dir/usr/share/pico-sdk/lib/tinyusb/src/device/usbd.c.obj
                0x0000000010007764                tud_suspended
 .text.tud_inited
                0x0000000010007774        0xc CMakeFiles/Picopod.dir/usr/share/pico-sdk/lib/tinyusb/src/device/usbd.c.obj
                0x0000000010007774                tud_inited
 .text.tud_init
                0x0000000010007780       0xd8 CMakeFiles/Picopod.dir/usr/share/pico-sdk/lib/tinyusb/src/device/usbd.c.obj
                0x0000000010007780                tud_init
 .text.tud_task
                0x0000000010007858      0x8ec CMakeFiles/Picopod.dir/usr/share/pico-sdk/lib/tinyusb/src/device/usbd.c.obj
                0x0000000010007858                tud_task
 .text.dcd_event_bus_signal
                0x0000000010008144      0x120 CMakeFiles/Picopod.dir/usr/share/pico-sdk/lib/tinyusb/src/device/usbd.c.obj
                0x0000000010008144                dcd_event_bus_signal
 .text.dcd_event_bus_reset
                0x0000000010008264       0x54 CMakeFiles/Picopod.dir/usr/share/pico-sdk/lib/tinyusb/src/device/usbd.c.obj
                0x0000000010008264                dcd_event_bus_reset
 .text.dcd_event_setup_received
                0x00000000100082b8       0x50 CMakeFiles/Picopod.dir/usr/share/pico-sdk/lib/tinyusb/src/device/usbd.c.obj
                0x00000000100082b8                dcd_event_setup_received
 .text.dcd_event_xfer_complete
                0x0000000010008308       0x68 CMakeFiles/Picopod.dir/usr/share/pico-sdk/lib/tinyusb/src/device/usbd.c.obj
                0x0000000010008308                dcd_event_xfer_complete
 .text.usbd_open_edpt_pair
                0x0000000010008370       0x80 CMakeFiles/Picopod.dir/usr/share/pico-sdk/lib/tinyusb/src/device/usbd.c.obj
                0x0000000010008370                usbd_open_edpt_pair
 .text.usbd_edpt_open
                0x00000000100083f0       0x30 CMakeFiles/Picopod.dir/usr/share/pico-sdk/lib/tinyusb/src/device/usbd.c.obj
                0x00000000100083f0                usbd_edpt_open
 .text.usbd_edpt_claim
                0x0000000010008420       0x64 CMakeFiles/Picopod.dir/usr/share/pico-sdk/lib/tinyusb/src/device/usbd.c.obj
                0x0000000010008420                usbd_edpt_claim
 .text.usbd_edpt_release
                0x0000000010008484       0x4c CMakeFiles/Picopod.dir/usr/share/pico-sdk/lib/tinyusb/src/device/usbd.c.obj
                0x0000000010008484                usbd_edpt_release
 .text.usbd_edpt_xfer
                0x00000000100084d0       0x48 CMakeFiles/Picopod.dir/usr/share/pico-sdk/lib/tinyusb/src/device/usbd.c.obj
                0x00000000100084d0                usbd_edpt_xfer
 .text.tud_control_status
                0x0000000010008518       0x30 CMakeFiles/Picopod.dir/usr/share/pico-sdk/lib/tinyusb/src/device/usbd_control.c.obj
                0x0000000010008518                tud_control_status
 .text.tud_control_xfer
                0x0000000010008548       0xb8 CMakeFiles/Picopod.dir/usr/share/pico-sdk/lib/tinyusb/src/device/usbd_control.c.obj
                0x0000000010008548                tud_control_xfer
 .text.usbd_control_reset
                0x0000000010008600       0x14 CMakeFiles/Picopod.dir/usr/share/pico-sdk/lib/tinyusb/src/device/usbd_control.c.obj
                0x0000000010008600                usbd_control_reset
 .text.usbd_control_set_complete_callback
                0x0000000010008614        0xc CMakeFiles/Picopod.dir/usr/share/pico-sdk/lib/tinyusb/src/device/usbd_control.c.obj
                0x0000000010008614                usbd_control_set_complete_callback
 .text.usbd_control_set_request
                0x0000000010008620       0x1c CMakeFiles/Picopod.dir/usr/share/pico-sdk/lib/tinyusb/src/device/usbd_control.c.obj
                0x0000000010008620                usbd_control_set_request
 .text.usbd_control_xfer_cb
                0x000000001000863c       0xf8 CMakeFiles/Picopod.dir/usr/share/pico-sdk/lib/tinyusb/src/device/usbd_control.c.obj
                0x000000001000863c                usbd_control_xfer_cb
 .text.tud_cdc_n_connected
                0x0000000010008734       0x30 CMakeFiles/Picopod.dir/usr/share/pico-sdk/lib/tinyusb/src/class/cdc/cdc_device.c.obj
                0x0000000010008734                tud_cdc_n_connected
 .text.tud_cdc_n_available
                0x0000000010008764       0x18 CMakeFiles/Picopod.dir/usr/share/pico-sdk/lib/tinyusb/src/class/cdc/cdc_device.c.obj
                0x0000000010008764                tud_cdc_n_available
 .text.tud_cdc_n_read
                0x000000001000877c       0x70 CMakeFiles/Picopod.dir/usr/share/pico-sdk/lib/tinyusb/src/class/cdc/cdc_device.c.obj
                0x000000001000877c                tud_cdc_n_read
 .text.tud_cdc_n_write_flush
                0x00000000100087ec       0x78 CMakeFiles/Picopod.dir/usr/share/pico-sdk/lib/tinyusb/src/class/cdc/cdc_device.c.obj
                0x00000000100087ec                tud_cdc_n_write_flush
 .text.tud_cdc_n_write
                0x0000000010008864       0x34 CMakeFiles/Picopod.dir/usr/share/pico-sdk/lib/tinyusb/src/class/cdc/cdc_device.c.obj
                0x0000000010008864                tud_cdc_n_write
 .text.tud_cdc_n_write_available
                0x0000000010008898       0x18 CMakeFiles/Picopod.dir/usr/share/pico-sdk/lib/tinyusb/src/class/cdc/cdc_device.c.obj
                0x0000000010008898                tud_cdc_n_write_available
 .text.cdcd_init
                0x00000000100088b0       0x7c CMakeFiles/Picopod.dir/usr/share/pico-sdk/lib/tinyusb/src/class/cdc/cdc_device.c.obj
                0x00000000100088b0                cdcd_init
 .text.cdcd_reset
                0x000000001000892c       0x2c CMakeFiles/Picopod.dir/usr/share/pico-sdk/lib/tinyusb/src/class/cdc/cdc_device.c.obj
                0x000000001000892c                cdcd_reset
 .text.cdcd_open
                0x0000000010008958       0xe4 CMakeFiles/Picopod.dir/usr/share/pico-sdk/lib/tinyusb/src/class/cdc/cdc_device.c.obj
                0x0000000010008958                cdcd_open
 .text.cdcd_control_xfer_cb
                0x0000000010008a3c       0xe4 CMakeFiles/Picopod.dir/usr/share/pico-sdk/lib/tinyusb/src/class/cdc/cdc_device.c.obj
                0x0000000010008a3c                cdcd_control_xfer_cb
 .text.cdcd_xfer_cb
                0x0000000010008b20      0x198 CMakeFiles/Picopod.dir/usr/share/pico-sdk/lib/tinyusb/src/class/cdc/cdc_device.c.obj
                0x0000000010008b20                cdcd_xfer_cb
 .text.tusb_init
                0x0000000010008cb8        0xc CMakeFiles/Picopod.dir/usr/share/pico-sdk/lib/tinyusb/src/tusb.c.obj
                0x0000000010008cb8                tusb_init
 .text.tusb_inited
                0x0000000010008cc4        0x8 CMakeFiles/Picopod.dir/usr/share/pico-sdk/lib/tinyusb/src/tusb.c.obj
                0x0000000010008cc4                tusb_inited
 .text.tu_edpt_validate
                0x0000000010008ccc       0x78 CMakeFiles/Picopod.dir/usr/share/pico-sdk/lib/tinyusb/src/tusb.c.obj
                0x0000000010008ccc                tu_edpt_validate
 .text.tu_edpt_bind_driver
                0x0000000010008d44       0x2c CMakeFiles/Picopod.dir/usr/share/pico-sdk/lib/tinyusb/src/tusb.c.obj
                0x0000000010008d44                tu_edpt_bind_driver
 .text.tu_fifo_config
                0x0000000010008d70       0x78 CMakeFiles/Picopod.dir/usr/share/pico-sdk/lib/tinyusb/src/common/tusb_fifo.c.obj
                0x0000000010008d70                tu_fifo_config
 .text.tu_fifo_count
                0x0000000010008de8       0x20 CMakeFiles/Picopod.dir/usr/share/pico-sdk/lib/tinyusb/src/common/tusb_fifo.c.obj
                0x0000000010008de8                tu_fifo_count
 .text.tu_fifo_empty
                0x0000000010008e08       0x10 CMakeFiles/Picopod.dir/usr/share/pico-sdk/lib/tinyusb/src/common/tusb_fifo.c.obj
                0x0000000010008e08                tu_fifo_empty
 .text.tu_fifo_remaining
                0x0000000010008e18       0x1c CMakeFiles/Picopod.dir/usr/share/pico-sdk/lib/tinyusb/src/common/tusb_fifo.c.obj
                0x0000000010008e18                tu_fifo_remaining
 .text.tu_fifo_read
                0x0000000010008e34       0x9c CMakeFiles/Picopod.dir/usr/share/pico-sdk/lib/tinyusb/src/common/tusb_fifo.c.obj
                0x0000000010008e34                tu_fifo_read
 .text.tu_fifo_read_n
                0x0000000010008ed0      0x100 CMakeFiles/Picopod.dir/usr/share/pico-sdk/lib/tinyusb/src/common/tusb_fifo.c.obj
                0x0000000010008ed0                tu_fifo_read_n
 .text.tu_fifo_write
                0x0000000010008fd0       0x7c CMakeFiles/Picopod.dir/usr/share/pico-sdk/lib/tinyusb/src/common/tusb_fifo.c.obj
                0x0000000010008fd0                tu_fifo_write
 .text.tu_fifo_write_n
                0x000000001000904c       0xf8 CMakeFiles/Picopod.dir/usr/share/pico-sdk/lib/tinyusb/src/common/tusb_fifo.c.obj
                0x000000001000904c                tu_fifo_write_n
 .text.tu_fifo_clear
                0x0000000010009144       0x4c CMakeFiles/Picopod.dir/usr/share/pico-sdk/lib/tinyusb/src/common/tusb_fifo.c.obj
                0x0000000010009144                tu_fifo_clear
 .text.tu_fifo_set_overwritable
                0x0000000010009190       0x3c CMakeFiles/Picopod.dir/usr/share/pico-sdk/lib/tinyusb/src/common/tusb_fifo.c.obj
                0x0000000010009190                tu_fifo_set_overwritable
 .text.startup._retrieve_unique_id_on_boot
                0x00000000100091cc       0x10 CMakeFiles/Picopod.dir/usr/share/pico-sdk/src/rp2_common/pico_unique_id/unique_id.c.obj
 .text.pico_get_unique_board_id_string
                0x00000000100091dc      0x1bc CMakeFiles/Picopod.dir/usr/share/pico-sdk/src/rp2_common/pico_unique_id/unique_id.c.obj
                0x00000000100091dc                pico_get_unique_board_id_string
 .text.flash_get_unique_id
                0x0000000010009398       0x40 CMakeFiles/Picopod.dir/usr/share/pico-sdk/src/rp2_common/hardware_flash/flash.c.obj
                0x0000000010009398                flash_get_unique_id
 .text.spi_init
                0x00000000100093d8       0xf4 CMakeFiles/Picopod.dir/usr/share/pico-sdk/src/rp2_common/hardware_spi/spi.c.obj
                0x00000000100093d8                spi_init
 .text.adc_init
                0x00000000100094cc       0x38 CMakeFiles/Picopod.dir/usr/share/pico-sdk/src/rp2_common/hardware_adc/adc.c.obj
                0x00000000100094cc                adc_init
 .text._ZN5Print17availableForWriteEv
                0x0000000010009504        0x4 lib/lora/libLoRa_pico_lib.a(LoRa-RP2040.cpp.obj)
                0x0000000010009504                Print::availableForWrite()
 .text._ZN9LoRaClass5flushEv
                0x0000000010009508        0x4 lib/lora/libLoRa_pico_lib.a(LoRa-RP2040.cpp.obj)
                0x0000000010009508                LoRaClass::flush()
 .text._ZN9LoRaClass9availableEv
                0x000000001000950c       0x64 lib/lora/libLoRa_pico_lib.a(LoRa-RP2040.cpp.obj)
                0x000000001000950c                LoRaClass::available()
 .text._ZN9LoRaClass5writeEh
                0x0000000010009570       0xf8 lib/lora/libLoRa_pico_lib.a(LoRa-RP2040.cpp.obj)
                0x0000000010009570                LoRaClass::write(unsigned char)
 .text._ZN9LoRaClass4readEv
                0x0000000010009668       0xbc lib/lora/libLoRa_pico_lib.a(LoRa-RP2040.cpp.obj)
                0x0000000010009668                LoRaClass::read()
 .text._ZN9LoRaClass5writeEPKhj
                0x0000000010009724      0x104 lib/lora/libLoRa_pico_lib.a(LoRa-RP2040.cpp.obj)
                0x0000000010009724                LoRaClass::write(unsigned char const*, unsigned int)
 .text._ZN9LoRaClass4peekEv
                0x0000000010009828      0x120 lib/lora/libLoRa_pico_lib.a(LoRa-RP2040.cpp.obj)
                0x0000000010009828                LoRaClass::peek()
 .text._ZN9LoRaClass5beginEl
                0x0000000010009948      0x330 lib/lora/libLoRa_pico_lib.a(LoRa-RP2040.cpp.obj)
                0x0000000010009948                LoRaClass::begin(long)
 .text._ZN9LoRaClass11beginPacketEi
                0x0000000010009c78      0x214 lib/lora/libLoRa_pico_lib.a(LoRa-RP2040.cpp.obj)
                0x0000000010009c78                LoRaClass::beginPacket(int)
 .text._ZN9LoRaClass9endPacketEb
                0x0000000010009e8c      0x16c lib/lora/libLoRa_pico_lib.a(LoRa-RP2040.cpp.obj)
                0x0000000010009e8c                LoRaClass::endPacket(bool)
 .text._ZN9LoRaClass11parsePacketEi
                0x0000000010009ff8      0x314 lib/lora/libLoRa_pico_lib.a(LoRa-RP2040.cpp.obj)
                0x0000000010009ff8                LoRaClass::parsePacket(int)
 .text._ZN9LoRaClass10packetRssiEv
                0x000000001000a30c       0x6c lib/lora/libLoRa_pico_lib.a(LoRa-RP2040.cpp.obj)
                0x000000001000a30c                LoRaClass::packetRssi()
 .text._ZN9LoRaClass9packetSnrEv
                0x000000001000a378       0x78 lib/lora/libLoRa_pico_lib.a(LoRa-RP2040.cpp.obj)
                0x000000001000a378                LoRaClass::packetSnr()
 .text._ZN9LoRaClass4rssiEv
                0x000000001000a3f0       0x6c lib/lora/libLoRa_pico_lib.a(LoRa-RP2040.cpp.obj)
                0x000000001000a3f0                LoRaClass::rssi()
 .text._ZN9LoRaClass9onReceiveEPFviE
                0x000000001000a45c       0x24 lib/lora/libLoRa_pico_lib.a(LoRa-RP2040.cpp.obj)
                0x000000001000a45c                LoRaClass::onReceive(void (*)(int))
 .text._ZN9LoRaClass7receiveEi
                0x000000001000a480      0x170 lib/lora/libLoRa_pico_lib.a(LoRa-RP2040.cpp.obj)
                0x000000001000a480                LoRaClass::receive(int)
 .text._ZN9LoRaClass10setTxPowerEii
                0x000000001000a5f0      0x184 lib/lora/libLoRa_pico_lib.a(LoRa-RP2040.cpp.obj)
                0x000000001000a5f0                LoRaClass::setTxPower(int, int)
 .text._ZN9LoRaClass18setSpreadingFactorEi
                0x000000001000a774      0x2a0 lib/lora/libLoRa_pico_lib.a(LoRa-RP2040.cpp.obj)
                0x000000001000a774                LoRaClass::setSpreadingFactor(int)
 .text._ZN9LoRaClass18setSignalBandwidthEl
                0x000000001000aa14      0x250 lib/lora/libLoRa_pico_lib.a(LoRa-RP2040.cpp.obj)
                0x000000001000aa14                LoRaClass::setSignalBandwidth(long)
 .text._ZN9LoRaClass6randomEv
                0x000000001000ac64       0x60 lib/lora/libLoRa_pico_lib.a(LoRa-RP2040.cpp.obj)
                0x000000001000ac64                LoRaClass::random()
 .text._ZN9LoRaClass14handleDio0RiseEv
                0x000000001000acc4      0x188 lib/lora/libLoRa_pico_lib.a(LoRa-RP2040.cpp.obj)
                0x000000001000acc4                LoRaClass::handleDio0Rise()
 .text._ZN9LoRaClass10onDio0RiseEjm
                0x000000001000ae4c       0x14 lib/lora/libLoRa_pico_lib.a(LoRa-RP2040.cpp.obj)
                0x000000001000ae4c                LoRaClass::onDio0Rise(unsigned int, unsigned long)
 .text.startup._GLOBAL__sub_I__ZN9LoRaClassC2Ev
                0x000000001000ae60       0x34 lib/lora/libLoRa_pico_lib.a(LoRa-RP2040.cpp.obj)
 .text._ZN12VoltageClass11initVoltageEii
                0x000000001000ae94       0x58 lib/voltage/libsensors_voltage.a(voltage.cpp.obj)
                0x000000001000ae94                VoltageClass::initVoltage(int, int)
 .text          0x000000001000aeec      0xadc lib/lora/libLoRa_print.a(Print.cpp.obj)
                0x000000001000aeec                Print::write(unsigned char const*, unsigned int)
                0x000000001000af14                Print::print(std::__cxx11::basic_string<char, std::char_traits<char>, std::allocator<char> >)
                0x000000001000af58                Print::print(char)
                0x000000001000af64                Print::print(char const*)
                0x000000001000afbc                Print::println()
                0x000000001000aff8                Print::println(char const*)
                0x000000001000b098                Print::println(char)
                0x000000001000b0e4                Print::printNumber(unsigned long, unsigned char)
                0x000000001000b180                Print::print(long, int)
                0x000000001000b1c4                Print::println(int, int)
                0x000000001000b210                Print::println(long, int)
                0x000000001000b25c                Print::print(unsigned long, int)
                0x000000001000b274                Print::print(unsigned int, int)
                0x000000001000b28c                Print::print(unsigned char, int)
                0x000000001000b2a4                Print::println(unsigned int, int)
                0x000000001000b308                Print::println(unsigned long, int)
                0x000000001000b36c                Print::println(unsigned char, int)
                0x000000001000b3d0                Print::print(int, int)
                0x000000001000b414                Print::printULLNumber(unsigned long long, unsigned char)
                0x000000001000b558                Print::print(long long, int)
                0x000000001000b5ac                Print::print(unsigned long long, int)
                0x000000001000b5cc                Print::println(unsigned long long, int)
                0x000000001000b638                Print::println(long long, int)
                0x000000001000b6d4                Print::printFloat(double, int)
                0x000000001000b964                Print::print(double, int)
                0x000000001000b974                Print::println(double, int)
 .text._ZNK10__cxxabiv117__class_type_info11__do_upcastEPKS0_PPv
                0x000000001000b9c8       0x38 /usr/bin/../lib/gcc/arm-none-eabi/9.3.1/../../../../arm-none-eabi/lib/thumb/v6-m/nofp/libstdc++.a(class_type_info.o)
                0x000000001000b9c8                __cxxabiv1::__class_type_info::__do_upcast(__cxxabiv1::__class_type_info const*, void**) const
 .text._ZNK10__cxxabiv117__class_type_info20__do_find_public_srcEiPKvPKS0_S2_
                0x000000001000ba00       0x14 /usr/bin/../lib/gcc/arm-none-eabi/9.3.1/../../../../arm-none-eabi/lib/thumb/v6-m/nofp/libstdc++.a(class_type_info.o)
                0x000000001000ba00                __cxxabiv1::__class_type_info::__do_find_public_src(int, void const*, __cxxabiv1::__class_type_info const*, void const*) const
 .text._ZN10__cxxabiv117__class_type_infoD2Ev
                0x000000001000ba14       0x18 /usr/bin/../lib/gcc/arm-none-eabi/9.3.1/../../../../arm-none-eabi/lib/thumb/v6-m/nofp/libstdc++.a(class_type_info.o)
                0x000000001000ba14                __cxxabiv1::__class_type_info::~__class_type_info()
                0x000000001000ba14                __cxxabiv1::__class_type_info::~__class_type_info()
 .text._ZN10__cxxabiv117__class_type_infoD0Ev
                0x000000001000ba2c       0x20 /usr/bin/../lib/gcc/arm-none-eabi/9.3.1/../../../../arm-none-eabi/lib/thumb/v6-m/nofp/libstdc++.a(class_type_info.o)
                0x000000001000ba2c                __cxxabiv1::__class_type_info::~__class_type_info()
 .text._ZNK10__cxxabiv117__class_type_info12__do_dyncastEiNS0_10__sub_kindEPKS0_PKvS3_S5_RNS0_16__dyncast_resultE
                0x000000001000ba4c       0x40 /usr/bin/../lib/gcc/arm-none-eabi/9.3.1/../../../../arm-none-eabi/lib/thumb/v6-m/nofp/libstdc++.a(class_type_info.o)
                0x000000001000ba4c                __cxxabiv1::__class_type_info::__do_dyncast(int, __cxxabiv1::__class_type_info::__sub_kind, __cxxabiv1::__class_type_info const*, void const*, __cxxabiv1::__class_type_info const*, void const*, __cxxabiv1::__class_type_info::__dyncast_result&) const
 .text._ZNK10__cxxabiv117__class_type_info11__do_upcastEPKS0_PKvRNS0_15__upcast_resultE
                0x000000001000ba8c       0x1c /usr/bin/../lib/gcc/arm-none-eabi/9.3.1/../../../../arm-none-eabi/lib/thumb/v6-m/nofp/libstdc++.a(class_type_info.o)
                0x000000001000ba8c                __cxxabiv1::__class_type_info::__do_upcast(__cxxabiv1::__class_type_info const*, void const*, __cxxabiv1::__class_type_info::__upcast_result&) const
 .text._ZNK10__cxxabiv117__class_type_info10__do_catchEPKSt9type_infoPPvj
                0x000000001000baa8       0x24 /usr/bin/../lib/gcc/arm-none-eabi/9.3.1/../../../../arm-none-eabi/lib/thumb/v6-m/nofp/libstdc++.a(class_type_info.o)
                0x000000001000baa8                __cxxabiv1::__class_type_info::__do_catch(std::type_info const*, void**, unsigned int) const
 .text._ZN10__cxxabiv120__si_class_type_infoD2Ev
                0x000000001000bacc       0x18 /usr/bin/../lib/gcc/arm-none-eabi/9.3.1/../../../../arm-none-eabi/lib/thumb/v6-m/nofp/libstdc++.a(si_class_type_info.o)
                0x000000001000bacc                __cxxabiv1::__si_class_type_info::~__si_class_type_info()
                0x000000001000bacc                __cxxabiv1::__si_class_type_info::~__si_class_type_info()
 .text._ZN10__cxxabiv120__si_class_type_infoD0Ev
                0x000000001000bae4       0x20 /usr/bin/../lib/gcc/arm-none-eabi/9.3.1/../../../../arm-none-eabi/lib/thumb/v6-m/nofp/libstdc++.a(si_class_type_info.o)
                0x000000001000bae4                __cxxabiv1::__si_class_type_info::~__si_class_type_info()
 .text._ZNK10__cxxabiv120__si_class_type_info20__do_find_public_srcEiPKvPKNS_17__class_type_infoES2_
                0x000000001000bb04       0x38 /usr/bin/../lib/gcc/arm-none-eabi/9.3.1/../../../../arm-none-eabi/lib/thumb/v6-m/nofp/libstdc++.a(si_class_type_info.o)
                0x000000001000bb04                __cxxabiv1::__si_class_type_info::__do_find_public_src(int, void const*, __cxxabiv1::__class_type_info const*, void const*) const
 .text._ZNK10__cxxabiv120__si_class_type_info12__do_dyncastEiNS_17__class_type_info10__sub_kindEPKS1_PKvS4_S6_RNS1_16__dyncast_resultE
                0x000000001000bb3c       0x9c /usr/bin/../lib/gcc/arm-none-eabi/9.3.1/../../../../arm-none-eabi/lib/thumb/v6-m/nofp/libstdc++.a(si_class_type_info.o)
                0x000000001000bb3c                __cxxabiv1::__si_class_type_info::__do_dyncast(int, __cxxabiv1::__class_type_info::__sub_kind, __cxxabiv1::__class_type_info const*, void const*, __cxxabiv1::__class_type_info const*, void const*, __cxxabiv1::__class_type_info::__dyncast_result&) const
 .text._ZNK10__cxxabiv120__si_class_type_info11__do_upcastEPKNS_17__class_type_infoEPKvRNS1_15__upcast_resultE
                0x000000001000bbd8       0x24 /usr/bin/../lib/gcc/arm-none-eabi/9.3.1/../../../../arm-none-eabi/lib/thumb/v6-m/nofp/libstdc++.a(si_class_type_info.o)
                0x000000001000bbd8                __cxxabiv1::__si_class_type_info::__do_upcast(__cxxabiv1::__class_type_info const*, void const*, __cxxabiv1::__class_type_info::__upcast_result&) const
 .text._ZNSt9type_infoD2Ev
                0x000000001000bbfc        0x4 /usr/bin/../lib/gcc/arm-none-eabi/9.3.1/../../../../arm-none-eabi/lib/thumb/v6-m/nofp/libstdc++.a(tinfo.o)
                0x000000001000bbfc                std::type_info::~type_info()
                0x000000001000bbfc                std::type_info::~type_info()
 .text._ZNKSt9type_info14__is_pointer_pEv
                0x000000001000bc00        0x4 /usr/bin/../lib/gcc/arm-none-eabi/9.3.1/../../../../arm-none-eabi/lib/thumb/v6-m/nofp/libstdc++.a(tinfo.o)
                0x000000001000bc00                std::type_info::__is_function_p() const
                0x000000001000bc00                std::type_info::__is_pointer_p() const
 .text._ZNKSt9type_infoeqERKS_
                0x000000001000bc04       0x30 /usr/bin/../lib/gcc/arm-none-eabi/9.3.1/../../../../arm-none-eabi/lib/thumb/v6-m/nofp/libstdc++.a(tinfo.o)
                0x000000001000bc04                std::type_info::operator==(std::type_info const&) const
 .text.unlikely._ZSt17__throw_bad_allocv
                0x000000001000bc34       0x20 /usr/bin/../lib/gcc/arm-none-eabi/9.3.1/../../../../arm-none-eabi/lib/thumb/v6-m/nofp/libstdc++.a(functexcept.o)
                0x000000001000bc34                std::__throw_bad_alloc()
 .text.unlikely._ZSt19__throw_logic_errorPKc
                0x000000001000bc54       0x30 /usr/bin/../lib/gcc/arm-none-eabi/9.3.1/../../../../arm-none-eabi/lib/thumb/v6-m/nofp/libstdc++.a(functexcept.o)
                0x000000001000bc54                std::__throw_logic_error(char const*)
 .text.unlikely._ZSt20__throw_length_errorPKc
                0x000000001000bc84       0x30 /usr/bin/../lib/gcc/arm-none-eabi/9.3.1/../../../../arm-none-eabi/lib/thumb/v6-m/nofp/libstdc++.a(functexcept.o)
                0x000000001000bc84                std::__throw_length_error(char const*)
 .text._ZNSt7__cxx1112basic_stringIcSt11char_traitsIcESaIcEE9_M_createERjj
                0x000000001000bcb4       0x3c /usr/bin/../lib/gcc/arm-none-eabi/9.3.1/../../../../arm-none-eabi/lib/thumb/v6-m/nofp/libstdc++.a(string-inst.o)
                0x000000001000bcb4                std::__cxx11::basic_string<char, std::char_traits<char>, std::allocator<char> >::_M_create(unsigned int&, unsigned int)
 .text._ZNSt7__cxx1112basic_stringIcSt11char_traitsIcESaIcEE9_M_assignERKS4_
                0x000000001000bcf0       0x74 /usr/bin/../lib/gcc/arm-none-eabi/9.3.1/../../../../arm-none-eabi/lib/thumb/v6-m/nofp/libstdc++.a(string-inst.o)
                0x000000001000bcf0                std::__cxx11::basic_string<char, std::char_traits<char>, std::allocator<char> >::_M_assign(std::__cxx11::basic_string<char, std::char_traits<char>, std::allocator<char> > const&)
 .text._ZNSt7__cxx1112basic_stringIcSt11char_traitsIcESaIcEE9_M_mutateEjjPKcj
                0x000000001000bd64       0xbc /usr/bin/../lib/gcc/arm-none-eabi/9.3.1/../../../../arm-none-eabi/lib/thumb/v6-m/nofp/libstdc++.a(string-inst.o)
                0x000000001000bd64                std::__cxx11::basic_string<char, std::char_traits<char>, std::allocator<char> >::_M_mutate(unsigned int, unsigned int, char const*, unsigned int)
 .text._ZNSt7__cxx1112basic_stringIcSt11char_traitsIcESaIcEE7reserveEj
                0x000000001000be20       0x90 /usr/bin/../lib/gcc/arm-none-eabi/9.3.1/../../../../arm-none-eabi/lib/thumb/v6-m/nofp/libstdc++.a(string-inst.o)
                0x000000001000be20                std::__cxx11::basic_string<char, std::char_traits<char>, std::allocator<char> >::reserve(unsigned int)
 .text._ZNSt7__cxx1112basic_stringIcSt11char_traitsIcESaIcEE10_M_replaceEjjPKcj
                0x000000001000beb0      0x194 /usr/bin/../lib/gcc/arm-none-eabi/9.3.1/../../../../arm-none-eabi/lib/thumb/v6-m/nofp/libstdc++.a(string-inst.o)
                0x000000001000beb0                std::__cxx11::basic_string<char, std::char_traits<char>, std::allocator<char> >::_M_replace(unsigned int, unsigned int, char const*, unsigned int)
 .text._ZNSt7__cxx1112basic_stringIcSt11char_traitsIcESaIcEE9_M_appendEPKcj
                0x000000001000c044       0x54 /usr/bin/../lib/gcc/arm-none-eabi/9.3.1/../../../../arm-none-eabi/lib/thumb/v6-m/nofp/libstdc++.a(string-inst.o)
                0x000000001000c044                std::__cxx11::basic_string<char, std::char_traits<char>, std::allocator<char> >::_M_append(char const*, unsigned int)
 .text._ZNKSt9bad_alloc4whatEv
                0x000000001000c098        0x8 /usr/bin/../lib/gcc/arm-none-eabi/9.3.1/../../../../arm-none-eabi/lib/thumb/v6-m/nofp/libstdc++.a(bad_alloc.o)
                0x000000001000c098                std::bad_alloc::what() const
 .text._ZNSt9bad_allocD2Ev
                0x000000001000c0a0       0x18 /usr/bin/../lib/gcc/arm-none-eabi/9.3.1/../../../../arm-none-eabi/lib/thumb/v6-m/nofp/libstdc++.a(bad_alloc.o)
                0x000000001000c0a0                std::bad_alloc::~bad_alloc()
                0x000000001000c0a0                std::bad_alloc::~bad_alloc()
 .text._ZNSt9bad_allocD0Ev
                0x000000001000c0b8       0x20 /usr/bin/../lib/gcc/arm-none-eabi/9.3.1/../../../../arm-none-eabi/lib/thumb/v6-m/nofp/libstdc++.a(bad_alloc.o)
                0x000000001000c0b8                std::bad_alloc::~bad_alloc()
 .text._ZN12_GLOBAL__N_14pool4freeEPv.constprop.0
                0x000000001000c0d8       0x78 /usr/bin/../lib/gcc/arm-none-eabi/9.3.1/../../../../arm-none-eabi/lib/thumb/v6-m/nofp/libstdc++.a(eh_alloc.o)
 .text._ZN12_GLOBAL__N_14pool8allocateEj.constprop.0
                0x000000001000c150       0x50 /usr/bin/../lib/gcc/arm-none-eabi/9.3.1/../../../../arm-none-eabi/lib/thumb/v6-m/nofp/libstdc++.a(eh_alloc.o)
 .text.__cxa_allocate_exception
                0x000000001000c1a0       0x2c /usr/bin/../lib/gcc/arm-none-eabi/9.3.1/../../../../arm-none-eabi/lib/thumb/v6-m/nofp/libstdc++.a(eh_alloc.o)
                0x000000001000c1a0                __cxa_allocate_exception
 .text.__cxa_free_exception
                0x000000001000c1cc       0x24 /usr/bin/../lib/gcc/arm-none-eabi/9.3.1/../../../../arm-none-eabi/lib/thumb/v6-m/nofp/libstdc++.a(eh_alloc.o)
                0x000000001000c1cc                __cxa_free_exception
 .text.startup._GLOBAL__sub_I__ZN9__gnu_cxx9__freeresEv
                0x000000001000c1f0       0x2c /usr/bin/../lib/gcc/arm-none-eabi/9.3.1/../../../../arm-none-eabi/lib/thumb/v6-m/nofp/libstdc++.a(eh_alloc.o)
 .text.__cxa_end_cleanup
                0x000000001000c21c        0xc /usr/bin/../lib/gcc/arm-none-eabi/9.3.1/../../../../arm-none-eabi/lib/thumb/v6-m/nofp/libstdc++.a(eh_arm.o)
                0x000000001000c21c                __cxa_end_cleanup
 .text.__cxa_type_match
                0x000000001000c228       0xd0 /usr/bin/../lib/gcc/arm-none-eabi/9.3.1/../../../../arm-none-eabi/lib/thumb/v6-m/nofp/libstdc++.a(eh_arm.o)
                0x000000001000c228                __cxa_type_match
 .text.__cxa_begin_cleanup
                0x000000001000c2f8       0x60 /usr/bin/../lib/gcc/arm-none-eabi/9.3.1/../../../../arm-none-eabi/lib/thumb/v6-m/nofp/libstdc++.a(eh_arm.o)
                0x000000001000c2f8                __cxa_begin_cleanup
 .text.__gnu_end_cleanup
                0x000000001000c358       0x70 /usr/bin/../lib/gcc/arm-none-eabi/9.3.1/../../../../arm-none-eabi/lib/thumb/v6-m/nofp/libstdc++.a(eh_arm.o)
                0x000000001000c358                __gnu_end_cleanup
 .text.__cxa_begin_catch
                0x000000001000c3c8       0x74 /usr/bin/../lib/gcc/arm-none-eabi/9.3.1/../../../../arm-none-eabi/lib/thumb/v6-m/nofp/libstdc++.a(eh_catch.o)
                0x000000001000c3c8                __cxa_begin_catch
 .text.__cxa_end_catch
                0x000000001000c43c       0x90 /usr/bin/../lib/gcc/arm-none-eabi/9.3.1/../../../../arm-none-eabi/lib/thumb/v6-m/nofp/libstdc++.a(eh_catch.o)
                0x000000001000c43c                __cxa_end_catch
 .text._ZNSt9exceptionD2Ev
                0x000000001000c4cc        0x4 /usr/bin/../lib/gcc/arm-none-eabi/9.3.1/../../../../arm-none-eabi/lib/thumb/v6-m/nofp/libstdc++.a(eh_exception.o)
                0x000000001000c4cc                std::exception::~exception()
                0x000000001000c4cc                std::exception::~exception()
 .text._ZNSt13bad_exceptionD2Ev
                0x000000001000c4d0        0x4 /usr/bin/../lib/gcc/arm-none-eabi/9.3.1/../../../../arm-none-eabi/lib/thumb/v6-m/nofp/libstdc++.a(eh_exception.o)
                0x000000001000c4d0                std::bad_exception::~bad_exception()
                0x000000001000c4d0                std::bad_exception::~bad_exception()
 .text._ZNKSt13bad_exception4whatEv
                0x000000001000c4d4        0x8 /usr/bin/../lib/gcc/arm-none-eabi/9.3.1/../../../../arm-none-eabi/lib/thumb/v6-m/nofp/libstdc++.a(eh_exception.o)
                0x000000001000c4d4                transaction clone for std::bad_exception::what() const
                0x000000001000c4d4                std::bad_exception::what() const
 .text._ZNSt13bad_exceptionD0Ev
                0x000000001000c4dc       0x10 /usr/bin/../lib/gcc/arm-none-eabi/9.3.1/../../../../arm-none-eabi/lib/thumb/v6-m/nofp/libstdc++.a(eh_exception.o)
                0x000000001000c4dc                std::bad_exception::~bad_exception()
 .text.__cxa_get_globals_fast
                0x000000001000c4ec        0x8 /usr/bin/../lib/gcc/arm-none-eabi/9.3.1/../../../../arm-none-eabi/lib/thumb/v6-m/nofp/libstdc++.a(eh_globals.o)
                0x000000001000c4ec                __cxa_get_globals_fast
 .text.__cxa_get_globals
                0x000000001000c4f4        0x8 /usr/bin/../lib/gcc/arm-none-eabi/9.3.1/../../../../arm-none-eabi/lib/thumb/v6-m/nofp/libstdc++.a(eh_globals.o)
                0x000000001000c4f4                __cxa_get_globals
 .text._ZL28read_encoded_value_with_basehjPKhPj
                0x000000001000c4fc      0x114 /usr/bin/../lib/gcc/arm-none-eabi/9.3.1/../../../../arm-none-eabi/lib/thumb/v6-m/nofp/libstdc++.a(eh_personality.o)
 .text._ZL21base_of_encoded_valuehP15_Unwind_Context
                0x000000001000c610       0x48 /usr/bin/../lib/gcc/arm-none-eabi/9.3.1/../../../../arm-none-eabi/lib/thumb/v6-m/nofp/libstdc++.a(eh_personality.o)
 .text._ZL17parse_lsda_headerP15_Unwind_ContextPKhP16lsda_header_info
                0x000000001000c658       0x98 /usr/bin/../lib/gcc/arm-none-eabi/9.3.1/../../../../arm-none-eabi/lib/thumb/v6-m/nofp/libstdc++.a(eh_personality.o)
 .text.__gxx_personality_v0
                0x000000001000c6f0      0x4a4 /usr/bin/../lib/gcc/arm-none-eabi/9.3.1/../../../../arm-none-eabi/lib/thumb/v6-m/nofp/libstdc++.a(eh_personality.o)
                0x000000001000c6f0                __gxx_personality_v0
 .text._ZN10__cxxabiv111__terminateEPFvvE
                0x000000001000cb94       0x28 /usr/bin/../lib/gcc/arm-none-eabi/9.3.1/../../../../arm-none-eabi/lib/thumb/v6-m/nofp/libstdc++.a(eh_terminate.o)
                0x000000001000cb94                __cxxabiv1::__terminate(void (*)())
 .text._ZSt9terminatev
                0x000000001000cbbc       0x10 /usr/bin/../lib/gcc/arm-none-eabi/9.3.1/../../../../arm-none-eabi/lib/thumb/v6-m/nofp/libstdc++.a(eh_terminate.o)
                0x000000001000cbbc                std::terminate()
 .text._ZN10__cxxabiv112__unexpectedEPFvvE
                0x000000001000cbcc        0x8 /usr/bin/../lib/gcc/arm-none-eabi/9.3.1/../../../../arm-none-eabi/lib/thumb/v6-m/nofp/libstdc++.a(eh_terminate.o)
                0x000000001000cbcc                __cxxabiv1::__unexpected(void (*)())
 .text._ZSt10unexpectedv
                0x000000001000cbd4       0x10 /usr/bin/../lib/gcc/arm-none-eabi/9.3.1/../../../../arm-none-eabi/lib/thumb/v6-m/nofp/libstdc++.a(eh_terminate.o)
                0x000000001000cbd4                std::unexpected()
 .text._ZSt13get_terminatev
                0x000000001000cbe4        0xc /usr/bin/../lib/gcc/arm-none-eabi/9.3.1/../../../../arm-none-eabi/lib/thumb/v6-m/nofp/libstdc++.a(eh_terminate.o)
                0x000000001000cbe4                std::get_terminate()
 .text._ZSt14get_unexpectedv
                0x000000001000cbf0        0xc /usr/bin/../lib/gcc/arm-none-eabi/9.3.1/../../../../arm-none-eabi/lib/thumb/v6-m/nofp/libstdc++.a(eh_terminate.o)
                0x000000001000cbf0                std::get_unexpected()
 .text._ZL23__gxx_exception_cleanup19_Unwind_Reason_CodeP21_Unwind_Control_Block
                0x000000001000cbfc       0x34 /usr/bin/../lib/gcc/arm-none-eabi/9.3.1/../../../../arm-none-eabi/lib/thumb/v6-m/nofp/libstdc++.a(eh_throw.o)
 .text.__cxa_init_primary_exception
                0x000000001000cc30       0x4c /usr/bin/../lib/gcc/arm-none-eabi/9.3.1/../../../../arm-none-eabi/lib/thumb/v6-m/nofp/libstdc++.a(eh_throw.o)
                0x000000001000cc30                __cxa_init_primary_exception
 .text.__cxa_throw
                0x000000001000cc7c       0x34 /usr/bin/../lib/gcc/arm-none-eabi/9.3.1/../../../../arm-none-eabi/lib/thumb/v6-m/nofp/libstdc++.a(eh_throw.o)
                0x000000001000cc7c                __cxa_throw
 .text.__cxa_rethrow
                0x000000001000ccb0       0x70 /usr/bin/../lib/gcc/arm-none-eabi/9.3.1/../../../../arm-none-eabi/lib/thumb/v6-m/nofp/libstdc++.a(eh_throw.o)
                0x000000001000ccb0                __cxa_rethrow
 .text._ZN9__gnu_cxx27__verbose_terminate_handlerEv
                0x000000001000cd20      0x114 /usr/bin/../lib/gcc/arm-none-eabi/9.3.1/../../../../arm-none-eabi/lib/thumb/v6-m/nofp/libstdc++.a(vterminate.o)
                0x000000001000cd20                __gnu_cxx::__verbose_terminate_handler()
 .text._ZNKSt11logic_error4whatEv
                0x000000001000ce34        0x4 /usr/bin/../lib/gcc/arm-none-eabi/9.3.1/../../../../arm-none-eabi/lib/thumb/v6-m/nofp/libstdc++.a(stdexcept.o)
                0x000000001000ce34                std::logic_error::what() const
 .text._ZNSt11logic_errorD2Ev
                0x000000001000ce38       0x40 /usr/bin/../lib/gcc/arm-none-eabi/9.3.1/../../../../arm-none-eabi/lib/thumb/v6-m/nofp/libstdc++.a(stdexcept.o)
                0x000000001000ce38                std::logic_error::~logic_error()
                0x000000001000ce38                std::logic_error::~logic_error()
 .text._ZNSt11logic_errorD0Ev
                0x000000001000ce78       0x14 /usr/bin/../lib/gcc/arm-none-eabi/9.3.1/../../../../arm-none-eabi/lib/thumb/v6-m/nofp/libstdc++.a(stdexcept.o)
                0x000000001000ce78                std::logic_error::~logic_error()
 .text._ZNSt12length_errorD2Ev
                0x000000001000ce8c       0x18 /usr/bin/../lib/gcc/arm-none-eabi/9.3.1/../../../../arm-none-eabi/lib/thumb/v6-m/nofp/libstdc++.a(stdexcept.o)
                0x000000001000ce8c                std::length_error::~length_error()
                0x000000001000ce8c                std::length_error::~length_error()
 .text._ZNSt12length_errorD0Ev
                0x000000001000cea4       0x1c /usr/bin/../lib/gcc/arm-none-eabi/9.3.1/../../../../arm-none-eabi/lib/thumb/v6-m/nofp/libstdc++.a(stdexcept.o)
                0x000000001000cea4                std::length_error::~length_error()
 .text._ZNSt11logic_errorC2EPKc
                0x000000001000cec0       0x24 /usr/bin/../lib/gcc/arm-none-eabi/9.3.1/../../../../arm-none-eabi/lib/thumb/v6-m/nofp/libstdc++.a(cow-stdexcept.o)
                0x000000001000cec0                std::logic_error::logic_error(char const*)
                0x000000001000cec0                std::logic_error::logic_error(char const*)
 .text._ZNSt12length_errorC2EPKc
                0x000000001000cee4       0x14 /usr/bin/../lib/gcc/arm-none-eabi/9.3.1/../../../../arm-none-eabi/lib/thumb/v6-m/nofp/libstdc++.a(cow-stdexcept.o)
                0x000000001000cee4                std::length_error::length_error(char const*)
                0x000000001000cee4                std::length_error::length_error(char const*)
 .text._ZNSs4_Rep9_S_createEjjRKSaIcE
                0x000000001000cef8       0x64 /usr/bin/../lib/gcc/arm-none-eabi/9.3.1/../../../../arm-none-eabi/lib/thumb/v6-m/nofp/libstdc++.a(cow-string-inst.o)
                0x000000001000cef8                std::string::_Rep::_S_create(unsigned int, unsigned int, std::allocator<char> const&)
 .text._ZNSs12_S_constructIPcEES0_T_S1_RKSaIcESt20forward_iterator_tag.part.0
                0x000000001000cf5c       0x48 /usr/bin/../lib/gcc/arm-none-eabi/9.3.1/../../../../arm-none-eabi/lib/thumb/v6-m/nofp/libstdc++.a(cow-string-inst.o)
 .text._ZNSs4_Rep10_M_destroyERKSaIcE
                0x000000001000cfa4        0x8 /usr/bin/../lib/gcc/arm-none-eabi/9.3.1/../../../../arm-none-eabi/lib/thumb/v6-m/nofp/libstdc++.a(cow-string-inst.o)
                0x000000001000cfa4                std::string::_Rep::_M_destroy(std::allocator<char> const&)
 .text._ZNSs12_S_constructIPKcEEPcT_S3_RKSaIcESt20forward_iterator_tag
                0x000000001000cfac       0x24 /usr/bin/../lib/gcc/arm-none-eabi/9.3.1/../../../../arm-none-eabi/lib/thumb/v6-m/nofp/libstdc++.a(cow-string-inst.o)
                0x000000001000cfac                char* std::string::_S_construct<char const*>(char const*, char const*, std::allocator<char> const&, std::forward_iterator_tag)
 .text._ZNSsC2EPKcRKSaIcE
                0x000000001000cfd0       0x2c /usr/bin/../lib/gcc/arm-none-eabi/9.3.1/../../../../arm-none-eabi/lib/thumb/v6-m/nofp/libstdc++.a(cow-string-inst.o)
                0x000000001000cfd0                std::basic_string<char, std::char_traits<char>, std::allocator<char> >::basic_string(char const*, std::allocator<char> const&)
                0x000000001000cfd0                std::basic_string<char, std::char_traits<char>, std::allocator<char> >::basic_string(char const*, std::allocator<char> const&)
 .text          0x000000001000cffc     0x77f0 /usr/bin/../lib/gcc/arm-none-eabi/9.3.1/../../../../arm-none-eabi/lib/thumb/v6-m/nofp/libstdc++.a(cp-demangle.o)
                0x00000000100146f4                __cxa_demangle
                0x00000000100147c8                __gcclibcxx_demangle_callback
 .text._ZN10__cxxabiv1L24__is_gxx_exception_classEPc
                0x00000000100147ec       0x3c /usr/bin/../lib/gcc/arm-none-eabi/9.3.1/../../../../arm-none-eabi/lib/thumb/v6-m/nofp/libstdc++.a(eh_call.o)
 .text.__cxa_call_terminate
                0x0000000010014828       0x20 /usr/bin/../lib/gcc/arm-none-eabi/9.3.1/../../../../arm-none-eabi/lib/thumb/v6-m/nofp/libstdc++.a(eh_call.o)
                0x0000000010014828                __cxa_call_terminate
 .text.unlikely.__cxa_call_unexpected
                0x0000000010014848      0x100 /usr/bin/../lib/gcc/arm-none-eabi/9.3.1/../../../../arm-none-eabi/lib/thumb/v6-m/nofp/libstdc++.a(eh_call.o)
                0x0000000010014848                __cxa_call_unexpected
 .text.__cxa_current_exception_type
                0x0000000010014948       0x20 /usr/bin/../lib/gcc/arm-none-eabi/9.3.1/../../../../arm-none-eabi/lib/thumb/v6-m/nofp/libstdc++.a(eh_type.o)
                0x0000000010014948                __cxa_current_exception_type
 .text.abort    0x0000000010014968       0x10 /usr/bin/../lib/gcc/arm-none-eabi/9.3.1/../../../../arm-none-eabi/lib/thumb/v6-m/nofp/libc.a(lib_a-abort.o)
                0x0000000010014968                abort
 .text.fputc    0x0000000010014978       0x58 /usr/bin/../lib/gcc/arm-none-eabi/9.3.1/../../../../arm-none-eabi/lib/thumb/v6-m/nofp/libc.a(lib_a-fputc.o)
                0x0000000010014978                fputc
 .text._fputs_r
                0x00000000100149d0       0x8c /usr/bin/../lib/gcc/arm-none-eabi/9.3.1/../../../../arm-none-eabi/lib/thumb/v6-m/nofp/libc.a(lib_a-fputs.o)
                0x00000000100149d0                _fputs_r
 .text.fputs    0x0000000010014a5c       0x18 /usr/bin/../lib/gcc/arm-none-eabi/9.3.1/../../../../arm-none-eabi/lib/thumb/v6-m/nofp/libc.a(lib_a-fputs.o)
                0x0000000010014a5c                fputs
 .text._fstat_r
                0x0000000010014a74       0x28 /usr/bin/../lib/gcc/arm-none-eabi/9.3.1/../../../../arm-none-eabi/lib/thumb/v6-m/nofp/libc.a(lib_a-fstatr.o)
                0x0000000010014a74                _fstat_r
 .text.__sfvwrite_r
                0x0000000010014a9c      0x2f0 /usr/bin/../lib/gcc/arm-none-eabi/9.3.1/../../../../arm-none-eabi/lib/thumb/v6-m/nofp/libc.a(lib_a-fvwrite.o)
                0x0000000010014a9c                __sfvwrite_r
 .text._fwrite_r
                0x0000000010014d8c       0xb0 /usr/bin/../lib/gcc/arm-none-eabi/9.3.1/../../../../arm-none-eabi/lib/thumb/v6-m/nofp/libc.a(lib_a-fwrite.o)
                0x0000000010014d8c                _fwrite_r
 .text.fwrite   0x0000000010014e3c       0x20 /usr/bin/../lib/gcc/arm-none-eabi/9.3.1/../../../../arm-none-eabi/lib/thumb/v6-m/nofp/libc.a(lib_a-fwrite.o)
                0x0000000010014e3c                fwrite
 .text.__retarget_lock_init_recursive
                0x0000000010014e5c        0x4 /usr/bin/../lib/gcc/arm-none-eabi/9.3.1/../../../../arm-none-eabi/lib/thumb/v6-m/nofp/libc.a(lib_a-lock.o)
                0x0000000010014e5c                __retarget_lock_init_recursive
 .text.__retarget_lock_close_recursive
                0x0000000010014e60        0x4 /usr/bin/../lib/gcc/arm-none-eabi/9.3.1/../../../../arm-none-eabi/lib/thumb/v6-m/nofp/libc.a(lib_a-lock.o)
                0x0000000010014e60                __retarget_lock_close_recursive
 .text.__retarget_lock_acquire_recursive
                0x0000000010014e64        0x4 /usr/bin/../lib/gcc/arm-none-eabi/9.3.1/../../../../arm-none-eabi/lib/thumb/v6-m/nofp/libc.a(lib_a-lock.o)
                0x0000000010014e64                __retarget_lock_acquire_recursive
 .text.__retarget_lock_release_recursive
                0x0000000010014e68        0x4 /usr/bin/../lib/gcc/arm-none-eabi/9.3.1/../../../../arm-none-eabi/lib/thumb/v6-m/nofp/libc.a(lib_a-lock.o)
                0x0000000010014e68                __retarget_lock_release_recursive
 .text.__swhatbuf_r
                0x0000000010014e6c       0x60 /usr/bin/../lib/gcc/arm-none-eabi/9.3.1/../../../../arm-none-eabi/lib/thumb/v6-m/nofp/libc.a(lib_a-makebuf.o)
                0x0000000010014e6c                __swhatbuf_r
 .text.__smakebuf_r
                0x0000000010014ecc       0x90 /usr/bin/../lib/gcc/arm-none-eabi/9.3.1/../../../../arm-none-eabi/lib/thumb/v6-m/nofp/libc.a(lib_a-makebuf.o)
                0x0000000010014ecc                __smakebuf_r
 .text.malloc   0x0000000010014f5c       0x14 /usr/bin/../lib/gcc/arm-none-eabi/9.3.1/../../../../arm-none-eabi/lib/thumb/v6-m/nofp/libc.a(lib_a-malloc.o)
                0x0000000010014f5c                malloc
 .text.free     0x0000000010014f70       0x14 /usr/bin/../lib/gcc/arm-none-eabi/9.3.1/../../../../arm-none-eabi/lib/thumb/v6-m/nofp/libc.a(lib_a-malloc.o)
                0x0000000010014f70                free
 .text._malloc_r
                0x0000000010014f84      0x580 /usr/bin/../lib/gcc/arm-none-eabi/9.3.1/../../../../arm-none-eabi/lib/thumb/v6-m/nofp/libc.a(lib_a-mallocr.o)
                0x0000000010014f84                _malloc_r
 .text.__malloc_lock
                0x0000000010015504       0x10 /usr/bin/../lib/gcc/arm-none-eabi/9.3.1/../../../../arm-none-eabi/lib/thumb/v6-m/nofp/libc.a(lib_a-mlock.o)
                0x0000000010015504                __malloc_lock
 .text.__malloc_unlock
                0x0000000010015514       0x10 /usr/bin/../lib/gcc/arm-none-eabi/9.3.1/../../../../arm-none-eabi/lib/thumb/v6-m/nofp/libc.a(lib_a-mlock.o)
                0x0000000010015514                __malloc_unlock