Archive member included to satisfy reference by file (symbol)

lib/lora/libLoRa_pico_lib.a(LoRa-RP2040.cpp.obj)
                              CMakeFiles/Picopod.dir/Picopod.cpp.obj (LoRaClass::available())
lib/voltage/libsensors_voltage.a(voltage.cpp.obj)
                              CMakeFiles/Picopod.dir/Picopod.cpp.obj (VoltageClass::getVoltage())
lib/lora/libLoRa_print.a(Print.cpp.obj)
                              CMakeFiles/Picopod.dir/Picopod.cpp.obj (Print::print(char const*))
/usr/bin/../lib/gcc/arm-none-eabi/9.3.1/../../../../arm-none-eabi/lib/thumb/v6-m/nofp/libstdc++.a(class_type_info.o)
                              lib/lora/libLoRa_print.a(Print.cpp.obj) (vtable for __cxxabiv1::__class_type_info)
/usr/bin/../lib/gcc/arm-none-eabi/9.3.1/../../../../arm-none-eabi/lib/thumb/v6-m/nofp/libstdc++.a(del_op.o)
                              CMakeFiles/Picopod.dir/Picopod.cpp.obj (operator delete(void*))
/usr/bin/../lib/gcc/arm-none-eabi/9.3.1/../../../../arm-none-eabi/lib/thumb/v6-m/nofp/libstdc++.a(del_ops.o)
                              /usr/bin/../lib/gcc/arm-none-eabi/9.3.1/../../../../arm-none-eabi/lib/thumb/v6-m/nofp/libstdc++.a(class_type_info.o) (operator delete(void*, unsigned int))
/usr/bin/../lib/gcc/arm-none-eabi/9.3.1/../../../../arm-none-eabi/lib/thumb/v6-m/nofp/libstdc++.a(eh_arm.o)
                              CMakeFiles/Picopod.dir/Picopod.cpp.obj (__cxa_end_cleanup)
/usr/bin/../lib/gcc/arm-none-eabi/9.3.1/../../../../arm-none-eabi/lib/thumb/v6-m/nofp/libstdc++.a(eh_exception.o)
                              /usr/bin/../lib/gcc/arm-none-eabi/9.3.1/../../../../arm-none-eabi/lib/thumb/v6-m/nofp/libstdc++.a(eh_arm.o) (typeinfo for __cxxabiv1::__forced_unwind)
/usr/bin/../lib/gcc/arm-none-eabi/9.3.1/../../../../arm-none-eabi/lib/thumb/v6-m/nofp/libstdc++.a(eh_globals.o)
                              /usr/bin/../lib/gcc/arm-none-eabi/9.3.1/../../../../arm-none-eabi/lib/thumb/v6-m/nofp/libstdc++.a(eh_arm.o) (__cxa_get_globals)
/usr/bin/../lib/gcc/arm-none-eabi/9.3.1/../../../../arm-none-eabi/lib/thumb/v6-m/nofp/libstdc++.a(eh_personality.o)
                              CMakeFiles/Picopod.dir/Picopod.cpp.obj (__gxx_personality_v0)
/usr/bin/../lib/gcc/arm-none-eabi/9.3.1/../../../../arm-none-eabi/lib/thumb/v6-m/nofp/libstdc++.a(eh_terminate.o)
                              /usr/bin/../lib/gcc/arm-none-eabi/9.3.1/../../../../arm-none-eabi/lib/thumb/v6-m/nofp/libstdc++.a(eh_arm.o) (std::terminate())
/usr/bin/../lib/gcc/arm-none-eabi/9.3.1/../../../../arm-none-eabi/lib/thumb/v6-m/nofp/libstdc++.a(eh_unex_handler.o)
                              /usr/bin/../lib/gcc/arm-none-eabi/9.3.1/../../../../arm-none-eabi/lib/thumb/v6-m/nofp/libstdc++.a(eh_terminate.o) (__cxxabiv1::__unexpected_handler)
/usr/bin/../lib/gcc/arm-none-eabi/9.3.1/../../../../arm-none-eabi/lib/thumb/v6-m/nofp/libstdc++.a(pure.o)
                              lib/lora/libLoRa_print.a(Print.cpp.obj) (__cxa_pure_virtual)
/usr/bin/../lib/gcc/arm-none-eabi/9.3.1/../../../../arm-none-eabi/lib/thumb/v6-m/nofp/libstdc++.a(si_class_type_info.o)
                              /usr/bin/../lib/gcc/arm-none-eabi/9.3.1/../../../../arm-none-eabi/lib/thumb/v6-m/nofp/libstdc++.a(class_type_info.o) (vtable for __cxxabiv1::__si_class_type_info)
/usr/bin/../lib/gcc/arm-none-eabi/9.3.1/../../../../arm-none-eabi/lib/thumb/v6-m/nofp/libstdc++.a(tinfo.o)
                              /usr/bin/../lib/gcc/arm-none-eabi/9.3.1/../../../../arm-none-eabi/lib/thumb/v6-m/nofp/libstdc++.a(class_type_info.o) (std::type_info::~type_info())
/usr/bin/../lib/gcc/arm-none-eabi/9.3.1/../../../../arm-none-eabi/lib/thumb/v6-m/nofp/libstdc++.a(vterminate.o)
                              /usr/bin/../lib/gcc/arm-none-eabi/9.3.1/../../../../arm-none-eabi/lib/thumb/v6-m/nofp/libstdc++.a(eh_terminate.o) (__gnu_cxx::__verbose_terminate_handler())
/usr/bin/../lib/gcc/arm-none-eabi/9.3.1/../../../../arm-none-eabi/lib/thumb/v6-m/nofp/libstdc++.a(functexcept.o)
                              CMakeFiles/Picopod.dir/Picopod.cpp.obj (std::__throw_logic_error(char const*))
/usr/bin/../lib/gcc/arm-none-eabi/9.3.1/../../../../arm-none-eabi/lib/thumb/v6-m/nofp/libstdc++.a(snprintf_lite.o)
                              /usr/bin/../lib/gcc/arm-none-eabi/9.3.1/../../../../arm-none-eabi/lib/thumb/v6-m/nofp/libstdc++.a(functexcept.o) (__gnu_cxx::__snprintf_lite(char*, unsigned int, char const*, std::__va_list))
/usr/bin/../lib/gcc/arm-none-eabi/9.3.1/../../../../arm-none-eabi/lib/thumb/v6-m/nofp/libstdc++.a(string-inst.o)
                              CMakeFiles/Picopod.dir/Picopod.cpp.obj (std::__cxx11::basic_string<char, std::char_traits<char>, std::allocator<char> >::_M_create(unsigned int&, unsigned int))
/usr/bin/../lib/gcc/arm-none-eabi/9.3.1/../../../../arm-none-eabi/lib/thumb/v6-m/nofp/libstdc++.a(bad_alloc.o)
                              /usr/bin/../lib/gcc/arm-none-eabi/9.3.1/../../../../arm-none-eabi/lib/thumb/v6-m/nofp/libstdc++.a(functexcept.o) (std::bad_alloc::~bad_alloc())
[...]
Memory Configuration

Name             Origin             Length             Attributes
FLASH            0x0000000010000000 0x0000000000200000 xr
RAM              0x0000000020000000 0x0000000000040000 xrw
SCRATCH_X        0x0000000020040000 0x0000000000001000 xrw
SCRATCH_Y        0x0000000020041000 0x0000000000001000 xrw
*default*        0x0000000000000000 0xffffffffffffffff

Linker script and memory map

LOAD /usr/bin/../lib/gcc/arm-none-eabi/9.3.1/thumb/v6-m/nofp/crti.o
LOAD /usr/bin/../lib/gcc/arm-none-eabi/9.3.1/thumb/v6-m/nofp/crtbegin.o
LOAD /usr/bin/../lib/gcc/arm-none-eabi/9.3.1/../../../../arm-none-eabi/lib/thumb/v6-m/nofp/crt0.o

.flash_begin    0x0000000010000000        0x0
                0x0000000010000000                __flash_binary_start = .

.boot2          0x0000000010000000      0x100
                0x0000000010000000                __boot2_start__ = .
 *(.boot2)
 .boot2         0x0000000010000000      0x100 /tmp/ccO5c9Ql.o
                0x0000000010000100                __boot2_end__ = .
                0x0000000000000001                ASSERT (((__boot2_end__ - __boot2_start__) == 0x100), ERROR: Pico second stage bootloader must be 256 bytes in size)

.text           0x0000000010000100    0x14960
                0x0000000010000100                __logical_binary_start = .
 *(.vectors)
 .vectors       0x0000000010000100       0xd4 CMakeFiles/Picopod.dir/usr/share/pico-sdk/src/rp2_common/pico_standard_link/crt0.S.obj
                0x0000000010000100                __vectors
                0x0000000010000100                __VECTOR_TABLE
                0x00000000100001c0                isr_invalid
                0x00000000100001c0                __default_isrs_start
                0x00000000100001c2                isr_nmi
                0x00000000100001c4                isr_hardfault
                0x00000000100001c6                isr_svcall
                0x00000000100001c8                isr_pendsv
                0x00000000100001ca                isr_systick
                0x00000000100001cc                isr_irq30
                0x00000000100001cc                __unhandled_user_irq
                0x00000000100001cc                isr_irq13
                0x00000000100001cc                isr_irq27
                0x00000000100001cc                isr_irq31
                0x00000000100001cc                isr_irq5
                0x00000000100001cc                isr_irq11
                0x00000000100001cc                isr_irq23
                0x00000000100001cc                isr_irq18
                0x00000000100001cc                isr_irq28
                0x00000000100001cc                isr_irq19
                0x00000000100001cc                isr_irq0
                0x00000000100001cc                isr_irq6
                0x00000000100001cc                isr_irq22
                0x00000000100001cc                isr_irq17
                0x00000000100001cc                isr_irq14
                0x00000000100001cc                isr_irq2
                0x00000000100001cc                isr_irq10
                0x00000000100001cc                isr_irq8
                0x00000000100001cc                isr_irq24
                0x00000000100001cc                isr_irq1
                0x00000000100001cc                isr_irq7
                0x00000000100001cc                isr_irq21
                0x00000000100001cc                isr_irq20
                0x00000000100001cc                isr_irq15
                0x00000000100001cc                isr_irq25
                0x00000000100001cc                isr_irq4
                0x00000000100001cc                isr_irq16
                0x00000000100001cc                isr_irq29
                0x00000000100001cc                isr_irq26
                0x00000000100001cc                __default_isrs_end
                0x00000000100001cc                isr_irq3
                0x00000000100001cc                isr_irq12
                0x00000000100001cc                isr_irq9
                0x00000000100001d2                unhandled_user_irq_num_in_r0
 *(.binary_info_header)
 .binary_info_header
                0x00000000100001d4       0x14 CMakeFiles/Picopod.dir/usr/share/pico-sdk/src/rp2_common/pico_standard_link/crt0.S.obj
                0x00000000100001e8                __binary_info_header_end = .
 *(.reset)
 .reset         0x00000000100001e8       0xa8 CMakeFiles/Picopod.dir/usr/share/pico-sdk/src/rp2_common/pico_standard_link/crt0.S.obj
                0x00000000100001e8                _entry_point
                0x0000000010000266                __get_current_exception
 .reset         0x0000000010000290       0x30 CMakeFiles/Picopod.dir/usr/share/pico-sdk/src/rp2_common/pico_standard_link/binary_info.c.obj
 *(.init)
 .init          0x00000000100002c0        0x4 /usr/bin/../lib/gcc/arm-none-eabi/9.3.1/thumb/v6-m/nofp/crti.o
                0x00000000100002c0                _init
 *(EXCLUDE_FILE(*libm.a: *libc.a:*lib_a-mem*.o *libgcc.a:) .text*)
 .text          0x00000000100002c4       0x48 /usr/bin/../lib/gcc/arm-none-eabi/9.3.1/thumb/v6-m/nofp/crtbegin.o
 .text._ZN9__gnu_cxx12__to_xstringINSt7__cxx1112basic_stringIcSt11char_traitsIcESaIcEEEcEET_PFiPT0_jPKS8_St9__va_listEjSB_z.constprop.0
                0x000000001000030c       0x64 CMakeFiles/Picopod.dir/Picopod.cpp.obj
 .text._Z9LORAsetupv
                0x0000000010000370       0x70 CMakeFiles/Picopod.dir/Picopod.cpp.obj
                0x0000000010000370                LORAsetup()
 .text.startup._GLOBAL__sub_I_send_telemtery
                0x00000000100003e0       0x14 CMakeFiles/Picopod.dir/Picopod.cpp.obj
 .text._Z17LORASendOKMessagev
                0x00000000100003f4       0x74 CMakeFiles/Picopod.dir/Picopod.cpp.obj
                0x00000000100003f4                LORASendOKMessage()
 .text._Z11LORAReceivev
                0x0000000010000468      0x298 CMakeFiles/Picopod.dir/Picopod.cpp.obj
                0x0000000010000468                LORAReceive()
 .text.startup.main
                0x0000000010000700      0x3d0 CMakeFiles/Picopod.dir/Picopod.cpp.obj
                0x0000000010000700                main
 .text.gpio_set_function
                0x0000000010000ad0       0x30 CMakeFiles/Picopod.dir/usr/share/pico-sdk/src/rp2_common/hardware_gpio/gpio.c.obj
                0x0000000010000ad0                gpio_set_function
 .text.gpio_set_pulls
                0x0000000010000b00       0x30 CMakeFiles/Picopod.dir/usr/share/pico-sdk/src/rp2_common/hardware_gpio/gpio.c.obj
                0x0000000010000b00                gpio_set_pulls
 .text.gpio_set_input_enabled
                0x0000000010000b30       0x28 CMakeFiles/Picopod.dir/usr/share/pico-sdk/src/rp2_common/hardware_gpio/gpio.c.obj
                0x0000000010000b30                gpio_set_input_enabled
 .text.gpio_init
                0x0000000010000b58       0x3c CMakeFiles/Picopod.dir/usr/share/pico-sdk/src/rp2_common/hardware_gpio/gpio.c.obj
                0x0000000010000b58                gpio_init
 .text.hw_claim_or_assert
                0x0000000010000b94       0x48 CMakeFiles/Picopod.dir/usr/share/pico-sdk/src/rp2_common/hardware_claim/claim.c.obj
                0x0000000010000b94                hw_claim_or_assert
 .text.hw_claim_unused_from_range
                0x0000000010000bdc       0x9c CMakeFiles/Picopod.dir/usr/share/pico-sdk/src/rp2_common/hardware_claim/claim.c.obj
                0x0000000010000bdc                hw_claim_unused_from_range
 .text.running_on_fpga
                0x0000000010000c78       0x10 CMakeFiles/Picopod.dir/usr/share/pico-sdk/src/rp2_common/pico_platform/platform.c.obj
                0x0000000010000c78                running_on_fpga
 .text.spin_locks_reset
                0x0000000010000c88       0x1c CMakeFiles/Picopod.dir/usr/share/pico-sdk/src/rp2_common/hardware_sync/sync.c.obj
                0x0000000010000c88                spin_locks_reset
 .text.next_striped_spin_lock_num
                0x0000000010000ca4       0x18 CMakeFiles/Picopod.dir/usr/share/pico-sdk/src/rp2_common/hardware_sync/sync.c.obj
                0x0000000010000ca4                next_striped_spin_lock_num
 .text.spin_lock_claim_unused
                0x0000000010000cbc       0x20 CMakeFiles/Picopod.dir/usr/share/pico-sdk/src/rp2_common/hardware_sync/sync.c.obj
                0x0000000010000cbc                spin_lock_claim_unused
 .text.timer_pool_entry_comparator
                0x0000000010000cdc       0x34 CMakeFiles/Picopod.dir/usr/share/pico-sdk/src/common/pico_time/time.c.obj
                0x0000000010000cdc                timer_pool_entry_comparator
 .text.sleep_until_callback
                0x0000000010000d10       0x30 CMakeFiles/Picopod.dir/usr/share/pico-sdk/src/common/pico_time/time.c.obj
 .text.alarm_pool_add_alarm_at.constprop.0
                0x0000000010000d40      0x128 CMakeFiles/Picopod.dir/usr/share/pico-sdk/src/common/pico_time/time.c.obj
 .text.add_alarm_under_lock
                0x0000000010000e68      0x108 CMakeFiles/Picopod.dir/usr/share/pico-sdk/src/common/pico_time/time.c.obj
 .text.alarm_pool_alarm_callback
                0x0000000010000f70      0x1c8 CMakeFiles/Picopod.dir/usr/share/pico-sdk/src/common/pico_time/time.c.obj
 .text.alarm_pool_init_default
                0x0000000010001138       0x64 CMakeFiles/Picopod.dir/usr/share/pico-sdk/src/common/pico_time/time.c.obj
                0x0000000010001138                alarm_pool_init_default
 .text.alarm_pool_get_default
                0x000000001000119c        0x8 CMakeFiles/Picopod.dir/usr/share/pico-sdk/src/common/pico_time/time.c.obj
                0x000000001000119c                alarm_pool_get_default
 .text.alarm_pool_add_alarm_at
                0x00000000100011a4      0x1ac CMakeFiles/Picopod.dir/usr/share/pico-sdk/src/common/pico_time/time.c.obj
                0x00000000100011a4                alarm_pool_add_alarm_at
 .text.sleep_until
                0x0000000010001350       0xac CMakeFiles/Picopod.dir/usr/share/pico-sdk/src/common/pico_time/time.c.obj
                0x0000000010001350                sleep_until
 .text.sleep_ms
                0x00000000100013fc       0x38 CMakeFiles/Picopod.dir/usr/share/pico-sdk/src/common/pico_time/time.c.obj
                0x00000000100013fc                sleep_ms
 .text.best_effort_wfe_or_timeout
                0x0000000010001434       0xd4 CMakeFiles/Picopod.dir/usr/share/pico-sdk/src/common/pico_time/time.c.obj
                0x0000000010001434                best_effort_wfe_or_timeout
 .text.hardware_alarm_irq_handler
                0x0000000010001508       0xb8 CMakeFiles/Picopod.dir/usr/share/pico-sdk/src/rp2_common/hardware_timer/timer.c.obj
 .text.hardware_alarm_claim
                0x00000000100015c0       0x18 CMakeFiles/Picopod.dir/usr/share/pico-sdk/src/rp2_common/hardware_timer/timer.c.obj
                0x00000000100015c0                hardware_alarm_claim
 .text.time_us_64
                0x00000000100015d8       0x14 CMakeFiles/Picopod.dir/usr/share/pico-sdk/src/rp2_common/hardware_timer/timer.c.obj
                0x00000000100015d8                time_us_64
 .text.busy_wait_us
                0x00000000100015ec       0x54 CMakeFiles/Picopod.dir/usr/share/pico-sdk/src/rp2_common/hardware_timer/timer.c.obj
                0x00000000100015ec                busy_wait_us
 .text.busy_wait_until
                0x0000000010001640       0x20 CMakeFiles/Picopod.dir/usr/share/pico-sdk/src/rp2_common/hardware_timer/timer.c.obj
                0x0000000010001640                busy_wait_until
 .text.hardware_alarm_set_callback
                0x0000000010001660       0x8c CMakeFiles/Picopod.dir/usr/share/pico-sdk/src/rp2_common/hardware_timer/timer.c.obj
                0x0000000010001660                hardware_alarm_set_callback
 .text.hardware_alarm_set_target
                0x00000000100016ec       0xe4 CMakeFiles/Picopod.dir/usr/share/pico-sdk/src/rp2_common/hardware_timer/timer.c.obj
                0x00000000100016ec                hardware_alarm_set_target
 .text.hardware_alarm_cancel
                0x00000000100017d0       0x40 CMakeFiles/Picopod.dir/usr/share/pico-sdk/src/rp2_common/hardware_timer/timer.c.obj
                0x00000000100017d0                hardware_alarm_cancel
 .text.lock_init
                0x0000000010001810       0x10 CMakeFiles/Picopod.dir/usr/share/pico-sdk/src/common/pico_sync/lock_core.c.obj
                0x0000000010001810                lock_init
 .text.mutex_init
                0x0000000010001820       0x1c CMakeFiles/Picopod.dir/usr/share/pico-sdk/src/common/pico_sync/mutex.c.obj
                0x0000000010001820                mutex_init
 .text.recursive_mutex_init
                0x000000001000183c       0x1c CMakeFiles/Picopod.dir/usr/share/pico-sdk/src/common/pico_sync/mutex.c.obj
                0x000000001000183c                recursive_mutex_init
 .text.critical_section_init
                0x0000000010001858       0x1c CMakeFiles/Picopod.dir/usr/share/pico-sdk/src/common/pico_sync/critical_section.c.obj
                0x0000000010001858                critical_section_init
 .text.ph_merge_nodes
                0x0000000010001874       0x68 CMakeFiles/Picopod.dir/usr/share/pico-sdk/src/common/pico_util/pheap.c.obj
 .text.ph_post_alloc_init
                0x00000000100018dc       0x3c CMakeFiles/Picopod.dir/usr/share/pico-sdk/src/common/pico_util/pheap.c.obj
                0x00000000100018dc                ph_post_alloc_init
 .text.ph_merge_two_pass
                0x0000000010001918       0x90 CMakeFiles/Picopod.dir/usr/share/pico-sdk/src/common/pico_util/pheap.c.obj
                0x0000000010001918                ph_merge_two_pass
 .text.ph_remove_any_head
                0x00000000100019a8       0xf8 CMakeFiles/Picopod.dir/usr/share/pico-sdk/src/common/pico_util/pheap.c.obj
 .text.ph_remove_head
                0x0000000010001aa0      0x13c CMakeFiles/Picopod.dir/usr/share/pico-sdk/src/common/pico_util/pheap.c.obj
                0x0000000010001aa0                ph_remove_head
 .text.ph_remove_and_free_node
                0x0000000010001bdc       0x7c CMakeFiles/Picopod.dir/usr/share/pico-sdk/src/common/pico_util/pheap.c.obj
                0x0000000010001bdc                ph_remove_and_free_node
 .text.runtime_init
                0x0000000010001c58       0xf0 CMakeFiles/Picopod.dir/usr/share/pico-sdk/src/rp2_common/pico_runtime/runtime.c.obj
                0x0000000010001c58                runtime_init
 .text._exit    0x0000000010001d48        0x4 CMakeFiles/Picopod.dir/usr/share/pico-sdk/src/rp2_common/pico_runtime/runtime.c.obj
                0x0000000010001d48                _exit
 .text._sbrk    0x0000000010001d4c       0x34 CMakeFiles/Picopod.dir/usr/share/pico-sdk/src/rp2_common/pico_runtime/runtime.c.obj
                0x0000000010001d4c                _sbrk
 .text.exit     0x0000000010001d80        0x4 CMakeFiles/Picopod.dir/usr/share/pico-sdk/src/rp2_common/pico_runtime/runtime.c.obj
                0x0000000010001d80                exit
 .text.panic    0x0000000010001d84       0x30 CMakeFiles/Picopod.dir/usr/share/pico-sdk/src/rp2_common/pico_runtime/runtime.c.obj
                0x0000000010001d84                panic
 .text.hard_assertion_failure
                0x0000000010001db4        0xc CMakeFiles/Picopod.dir/usr/share/pico-sdk/src/rp2_common/pico_runtime/runtime.c.obj
                0x0000000010001db4                hard_assertion_failure
 .text.clocks_init
                0x0000000010001dc0      0x2bc CMakeFiles/Picopod.dir/usr/share/pico-sdk/src/rp2_common/hardware_clocks/clocks.c.obj
                0x0000000010001dc0                clocks_init
 .text.clock_get_hz
                0x000000001000207c        0xc CMakeFiles/Picopod.dir/usr/share/pico-sdk/src/rp2_common/hardware_clocks/clocks.c.obj
                0x000000001000207c                clock_get_hz
 .text.irq_set_enabled
                0x0000000010002088       0x24 CMakeFiles/Picopod.dir/usr/share/pico-sdk/src/rp2_common/hardware_irq/irq.c.obj
                0x0000000010002088                irq_set_enabled
 .text.irq_set_pending
                0x00000000100020ac       0x10 CMakeFiles/Picopod.dir/usr/share/pico-sdk/src/rp2_common/hardware_irq/irq.c.obj
                0x00000000100020ac                irq_set_pending
 .text.irq_get_vtable_handler
                0x00000000100020bc       0x10 CMakeFiles/Picopod.dir/usr/share/pico-sdk/src/rp2_common/hardware_irq/irq.c.obj
                0x00000000100020bc                irq_get_vtable_handler
 .text.irq_set_exclusive_handler
                0x00000000100020cc       0x54 CMakeFiles/Picopod.dir/usr/share/pico-sdk/src/rp2_common/hardware_irq/irq.c.obj
                0x00000000100020cc                irq_set_exclusive_handler
 .text.irq_remove_handler
                0x0000000010002120      0x1b8 CMakeFiles/Picopod.dir/usr/share/pico-sdk/src/rp2_common/hardware_irq/irq.c.obj
                0x0000000010002120                irq_remove_handler
 .text.irq_add_tail_to_free_list
                0x00000000100022d8       0xb8 CMakeFiles/Picopod.dir/usr/share/pico-sdk/src/rp2_common/hardware_irq/irq.c.obj
                0x00000000100022d8                irq_add_tail_to_free_list
 .text.irq_init_priorities
                0x0000000010002390       0x24 CMakeFiles/Picopod.dir/usr/share/pico-sdk/src/rp2_common/hardware_irq/irq.c.obj
                0x0000000010002390                irq_init_priorities
 .text.pll_init
                0x00000000100023b4       0xa4 CMakeFiles/Picopod.dir/usr/share/pico-sdk/src/rp2_common/hardware_pll/pll.c.obj
                0x00000000100023b4                pll_init
 .text.watchdog_start_tick
                0x0000000010002458       0x10 CMakeFiles/Picopod.dir/usr/share/pico-sdk/src/rp2_common/hardware_watchdog/watchdog.c.obj
                0x0000000010002458                watchdog_start_tick
 .text.watchdog_reboot
                0x0000000010002468       0x98 CMakeFiles/Picopod.dir/usr/share/pico-sdk/src/rp2_common/hardware_watchdog/watchdog.c.obj
                0x0000000010002468                watchdog_reboot
 .text.xosc_init
                0x0000000010002500       0x28 CMakeFiles/Picopod.dir/usr/share/pico-sdk/src/rp2_common/hardware_xosc/xosc.c.obj
                0x0000000010002500                xosc_init
 .text._out_buffer
                0x0000000010002528        0x8 CMakeFiles/Picopod.dir/usr/share/pico-sdk/src/rp2_common/pico_printf/printf.c.obj
 .text._out_null
                0x0000000010002530        0x4 CMakeFiles/Picopod.dir/usr/share/pico-sdk/src/rp2_common/pico_printf/printf.c.obj
 .text._out_rev
                0x0000000010002534       0xd0 CMakeFiles/Picopod.dir/usr/share/pico-sdk/src/rp2_common/pico_printf/printf.c.obj
 .text._ntoa_format
                0x0000000010002604      0x1d0 CMakeFiles/Picopod.dir/usr/share/pico-sdk/src/rp2_common/pico_printf/printf.c.obj
 .text._out_char
                0x00000000100027d4       0x10 CMakeFiles/Picopod.dir/usr/share/pico-sdk/src/rp2_common/pico_printf/printf.c.obj
 .text._out_fct
                0x00000000100027e4       0x10 CMakeFiles/Picopod.dir/usr/share/pico-sdk/src/rp2_common/pico_printf/printf.c.obj
 .text._etoa    0x00000000100027f4      0x478 CMakeFiles/Picopod.dir/usr/share/pico-sdk/src/rp2_common/pico_printf/printf.c.obj
 .text._ftoa    0x0000000010002c6c      0x3e0 CMakeFiles/Picopod.dir/usr/share/pico-sdk/src/rp2_common/pico_printf/printf.c.obj
 .text._vsnprintf
                0x000000001000304c      0xb08 CMakeFiles/Picopod.dir/usr/share/pico-sdk/src/rp2_common/pico_printf/printf.c.obj
 .text.__wrap_sprintf
                0x0000000010003b54       0x28 CMakeFiles/Picopod.dir/usr/share/pico-sdk/src/rp2_common/pico_printf/printf.c.obj
                0x0000000010003b54                __wrap_sprintf
 .text.__wrap_vsnprintf
                0x0000000010003b7c       0x1c CMakeFiles/Picopod.dir/usr/share/pico-sdk/src/rp2_common/pico_printf/printf.c.obj
                0x0000000010003b7c                __wrap_vsnprintf
 .text.vfctprintf
                0x0000000010003b98       0x20 CMakeFiles/Picopod.dir/usr/share/pico-sdk/src/rp2_common/pico_printf/printf.c.obj
                0x0000000010003b98                vfctprintf
 .text.weak_raw_vprintf
                0x0000000010003bb8       0x30 CMakeFiles/Picopod.dir/usr/share/pico-sdk/src/rp2_common/pico_printf/printf.c.obj
                0x0000000010003bb8                weak_raw_vprintf
 .text          0x0000000010003be8       0x10 CMakeFiles/Picopod.dir/usr/share/pico-sdk/src/rp2_common/pico_bit_ops/bit_ops_aeabi.S.obj
 .text.rom_func_lookup
                0x0000000010003bf8       0x10 CMakeFiles/Picopod.dir/usr/share/pico-sdk/src/rp2_common/pico_bootrom/bootrom.c.obj
                0x0000000010003bf8                rom_func_lookup
 .text.rom_data_lookup
                0x0000000010003c08       0x10 CMakeFiles/Picopod.dir/usr/share/pico-sdk/src/rp2_common/pico_bootrom/bootrom.c.obj
                0x0000000010003c08                rom_data_lookup
 .text.rom_funcs_lookup
                0x0000000010003c18       0x3c CMakeFiles/Picopod.dir/usr/share/pico-sdk/src/rp2_common/pico_bootrom/bootrom.c.obj
                0x0000000010003c18                rom_funcs_lookup
 .text.__wrap___aeabi_idiv
                0x0000000010003c54       0x50 CMakeFiles/Picopod.dir/usr/share/pico-sdk/src/rp2_common/pico_divider/divider.S.obj
                0x0000000010003c54                __wrap___aeabi_idivmod
                0x0000000010003c54                divmod_s32s32
                0x0000000010003c54                div_s32s32
                0x0000000010003c54                __wrap___aeabi_idiv
                0x0000000010003c5c                divmod_s32s32_unsafe
                0x0000000010003c88                divmod_s32s32_savestate
 .text.__wrap___aeabi_uidiv
                0x0000000010003ca4       0x4c CMakeFiles/Picopod.dir/usr/share/pico-sdk/src/rp2_common/pico_divider/divider.S.obj
                0x0000000010003ca4                __wrap___aeabi_uidiv
                0x0000000010003ca4                __wrap___aeabi_uidivmod
                0x0000000010003ca4                div_u32u32
                0x0000000010003ca4                divmod_u32u32
                0x0000000010003cac                divmod_u32u32_unsafe
                0x0000000010003cd4                divmod_u32u32_savestate
 .text.__wrap___aeabi_ldiv
                0x0000000010003cf0      0x434 CMakeFiles/Picopod.dir/usr/share/pico-sdk/src/rp2_common/pico_divider/divider.S.obj
                0x0000000010003cf0                div_s64s64
                0x0000000010003cf0                divmod_s64s64
                0x0000000010003cf0                __wrap___aeabi_ldivmod
                0x0000000010003d28                div_u64u64
                0x0000000010003d28                divmod_u64u64
                0x0000000010003d28                __wrap___aeabi_uldivmod
                0x0000000010003d38                divmod_u64u64_savestate
                0x0000000010003d60                divmod_s64s64_unsafe
                0x0000000010003de8                divmod_u64u64_unsafe
 .text.__wrap___aeabi_darithmetic
                0x0000000010004124       0x80 CMakeFiles/Picopod.dir/usr/share/pico-sdk/src/rp2_common/pico_double/double_aeabi.S.obj
                0x0000000010004124                __wrap___aeabi_drsub
                0x000000001000412a                __wrap___aeabi_dsub
                0x000000001000413c                __wrap___aeabi_dadd
                0x000000001000414e                __wrap___aeabi_ddiv
                0x000000001000418a                __wrap___aeabi_dmul
 .text.__wrap___aeabi_cdcmple
                0x00000000100041a4       0x6c CMakeFiles/Picopod.dir/usr/share/pico-sdk/src/rp2_common/pico_double/double_aeabi.S.obj
                0x00000000100041a4                __wrap___aeabi_cdrcmple
                0x00000000100041b4                __wrap___aeabi_cdcmple
                0x00000000100041b4                __wrap___aeabi_cdcmpeq
 .text.__wrap___aeabi_dcmplt
                0x0000000010004210        0xc CMakeFiles/Picopod.dir/usr/share/pico-sdk/src/rp2_common/pico_double/double_aeabi.S.obj
                0x0000000010004210                __wrap___aeabi_dcmplt
 .text.__wrap___aeabi_dcmple
                0x000000001000421c       0x10 CMakeFiles/Picopod.dir/usr/share/pico-sdk/src/rp2_common/pico_double/double_aeabi.S.obj
                0x000000001000421c                __wrap___aeabi_dcmple
 .text.__wrap___aeabi_dcmpge
                0x000000001000422c       0x10 CMakeFiles/Picopod.dir/usr/share/pico-sdk/src/rp2_common/pico_double/double_aeabi.S.obj
                0x000000001000422c                __wrap___aeabi_dcmpge
 .text.__wrap___aeabi_dcmpgt
                0x000000001000423c        0xa CMakeFiles/Picopod.dir/usr/share/pico-sdk/src/rp2_common/pico_double/double_aeabi.S.obj
                0x000000001000423c                __wrap___aeabi_dcmpgt
 .text.__wrap___aeabi_dcmpun
                0x0000000010004246       0x1c CMakeFiles/Picopod.dir/usr/share/pico-sdk/src/rp2_common/pico_double/double_aeabi.S.obj
                0x0000000010004246                __wrap___aeabi_dcmpun
 *fill*         0x0000000010004262        0x2 
 .text.__wrap___aeabi_i2d
                0x0000000010004264       0x38 CMakeFiles/Picopod.dir/usr/share/pico-sdk/src/rp2_common/pico_double/double_aeabi.S.obj
                0x0000000010004264                __wrap___aeabi_ui2d
                0x000000001000426c                __wrap___aeabi_i2d
 .text.__wrap___aeabi_d2iz
                0x000000001000429c       0x48 CMakeFiles/Picopod.dir/usr/share/pico-sdk/src/rp2_common/pico_double/double_aeabi.S.obj
                0x000000001000429c                __wrap___aeabi_d2iz
                0x000000001000429c                double2int_z
 .text.__wrap___aeabi_d2uiz
                0x00000000100042e4       0x18 CMakeFiles/Picopod.dir/usr/share/pico-sdk/src/rp2_common/pico_double/double_aeabi.S.obj
                0x00000000100042e4                double2uint
                0x00000000100042e4                __wrap___aeabi_d2uiz
 .text.__wrap___aeabi_d2f
                0x00000000100042fc       0x18 CMakeFiles/Picopod.dir/usr/share/pico-sdk/src/rp2_common/pico_double/double_aeabi.S.obj
                0x00000000100042fc                __wrap___aeabi_d2f
 .text.__aeabi_double_init
                0x0000000010004314       0xc0 CMakeFiles/Picopod.dir/usr/share/pico-sdk/src/rp2_common/pico_double/double_init_rom.c.obj
                0x0000000010004314                __aeabi_double_init
 .text.double_table_shim_on_use_helper
                0x00000000100043d4       0x2c CMakeFiles/Picopod.dir/usr/share/pico-sdk/src/rp2_common/pico_double/double_v1_rom_shim.S.obj
                0x00000000100043d4                double_table_shim_on_use_helper
 .text.__wrap___aeabi_dsub
                0x0000000010004400       0x10 CMakeFiles/Picopod.dir/usr/share/pico-sdk/src/rp2_common/pico_double/double_v1_rom_shim.S.obj
                0x0000000010004400                drsub_shim
                0x0000000010004406                dsub_shim
 .text.dadd_shim
                0x0000000010004410      0x15c CMakeFiles/Picopod.dir/usr/share/pico-sdk/src/rp2_common/pico_double/double_v1_rom_shim.S.obj
                0x0000000010004410                dadd_shim
 .text.dmul_shim
                0x000000001000456c      0x15c CMakeFiles/Picopod.dir/usr/share/pico-sdk/src/rp2_common/pico_double/double_v1_rom_shim.S.obj
                0x000000001000456c                dmul_shim
 .text.ddiv_shim
                0x00000000100046c8      0x1b0 CMakeFiles/Picopod.dir/usr/share/pico-sdk/src/rp2_common/pico_double/double_v1_rom_shim.S.obj
                0x00000000100046c8                ddiv_shim
 .text.double2uint_shim
                0x0000000010004878        0xe CMakeFiles/Picopod.dir/usr/share/pico-sdk/src/rp2_common/pico_double/double_v1_rom_shim.S.obj
                0x0000000010004878                double2uint_shim
                0x000000001000487a                double2ufix_shim
 *fill*         0x0000000010004886        0x2 
 .text.double2uint64_shim
                0x0000000010004888       0x70 CMakeFiles/Picopod.dir/usr/share/pico-sdk/src/rp2_common/pico_double/double_v1_rom_shim.S.obj
                0x0000000010004888                double2uint64_shim
                0x000000001000488a                double2ufix64_shim
                0x00000000100048aa                d2fix_a
 .text.double2float_shim
                0x00000000100048f8       0x5c CMakeFiles/Picopod.dir/usr/share/pico-sdk/src/rp2_common/pico_double/double_v1_rom_shim.S.obj
                0x00000000100048f8                double2float_shim
 .text.dunpacks
                0x0000000010004954       0x3c CMakeFiles/Picopod.dir/usr/share/pico-sdk/src/rp2_common/pico_double/double_v1_rom_shim.S.obj
                0x0000000010004954                dunpacks
 .text.__aeabi_lmul
                0x0000000010004990       0x32 CMakeFiles/Picopod.dir/usr/share/pico-sdk/src/rp2_common/pico_int64_ops/pico_int64_ops_aeabi.S.obj
                0x0000000010004990                __wrap___aeabi_lmul
 *fill*         0x00000000100049c2        0x2 
 .text.__wrap___aeabi_farithmetic
                0x00000000100049c4       0x48 CMakeFiles/Picopod.dir/usr/share/pico-sdk/src/rp2_common/pico_float/float_aeabi.S.obj
                0x00000000100049c4                __wrap___aeabi_frsub
                0x00000000100049ca                __wrap___aeabi_fsub
                0x00000000100049d0                __wrap___aeabi_fadd
                0x00000000100049d6                __wrap___aeabi_fdiv
                0x00000000100049fe                __wrap___aeabi_fmul
 .text.__wrap___aeabi_i2f
                0x0000000010004a0c       0x44 CMakeFiles/Picopod.dir/usr/share/pico-sdk/src/rp2_common/pico_float/float_aeabi.S.obj
                0x0000000010004a0c                __wrap___aeabi_i2f
 .text.__wrap___aeabi_f2iz
                0x0000000010004a50       0x4e CMakeFiles/Picopod.dir/usr/share/pico-sdk/src/rp2_common/pico_float/float_aeabi.S.obj
                0x0000000010004a50                __wrap___aeabi_f2iz
                0x0000000010004a50                float2int_z
 *fill*         0x0000000010004a9e        0x2 
 .text.float2int
                0x0000000010004aa0       0x14 CMakeFiles/Picopod.dir/usr/share/pico-sdk/src/rp2_common/pico_float/float_aeabi.S.obj
                0x0000000010004aa0                float2int
 .text.__wrap___aeabi_f2uiz
                0x0000000010004ab4        0xc CMakeFiles/Picopod.dir/usr/share/pico-sdk/src/rp2_common/pico_float/float_aeabi.S.obj
                0x0000000010004ab4                __wrap___aeabi_f2uiz
 .text.__wrap___aeabi_f2d
                0x0000000010004ac0       0x14 CMakeFiles/Picopod.dir/usr/share/pico-sdk/src/rp2_common/pico_float/float_aeabi.S.obj
                0x0000000010004ac0                __wrap___aeabi_f2d
 .text.__aeabi_float_init
                0x0000000010004ad4       0x64 CMakeFiles/Picopod.dir/usr/share/pico-sdk/src/rp2_common/pico_float/float_init_rom.c.obj
                0x0000000010004ad4                __aeabi_float_init
 .text.float_table_shim_on_use_helper
                0x0000000010004b38       0x2c CMakeFiles/Picopod.dir/usr/share/pico-sdk/src/rp2_common/pico_float/float_v1_rom_shim.S.obj
                0x0000000010004b38                float_table_shim_on_use_helper
 .text.float232_shims
                0x0000000010004b64       0x18 CMakeFiles/Picopod.dir/usr/share/pico-sdk/src/rp2_common/pico_float/float_v1_rom_shim.S.obj
                0x0000000010004b64                float2int_shim
                0x0000000010004b66                float2fix_shim
 .text.float2double_shim
                0x0000000010004b7c       0x30 CMakeFiles/Picopod.dir/usr/share/pico-sdk/src/rp2_common/pico_float/float_v1_rom_shim.S.obj
                0x0000000010004b7c                float2double_shim
 .text.__wrap_malloc
                0x0000000010004bac       0x24 CMakeFiles/Picopod.dir/usr/share/pico-sdk/src/rp2_common/pico_malloc/pico_malloc.c.obj
                0x0000000010004bac                __wrap_malloc
 .text.__wrap_free
                0x0000000010004bd0        0x8 CMakeFiles/Picopod.dir/usr/share/pico-sdk/src/rp2_common/pico_malloc/pico_malloc.c.obj
                0x0000000010004bd0                __wrap_free
 .text          0x0000000010004bd8       0x10 CMakeFiles/Picopod.dir/usr/share/pico-sdk/src/rp2_common/pico_mem_ops/mem_ops_aeabi.S.obj
                0x0000000010004bd8                __aeabi_mem_init
 .text.memset   0x0000000010004be8        0xc CMakeFiles/Picopod.dir/usr/share/pico-sdk/src/rp2_common/pico_mem_ops/mem_ops_aeabi.S.obj
                0x0000000010004be8                __wrap_memset
 .text.memcpy   0x0000000010004bf4        0xc CMakeFiles/Picopod.dir/usr/share/pico-sdk/src/rp2_common/pico_mem_ops/mem_ops_aeabi.S.obj
                0x0000000010004bf4                __wrap___aeabi_memcpy
                0x0000000010004bf4                __wrap_memcpy
 .text.stdio_out_chars_no_crlf
                0x0000000010004c00       0x10 CMakeFiles/Picopod.dir/usr/share/pico-sdk/src/rp2_common/pico_stdio/stdio.c.obj
 .text.stdio_out_chars_crlf
                0x0000000010004c10       0x94 CMakeFiles/Picopod.dir/usr/share/pico-sdk/src/rp2_common/pico_stdio/stdio.c.obj
 .text.stdio_buffered_printer
                0x0000000010004ca4       0x64 CMakeFiles/Picopod.dir/usr/share/pico-sdk/src/rp2_common/pico_stdio/stdio.c.obj
 .text.stdio_put_string
                0x0000000010004d08      0x100 CMakeFiles/Picopod.dir/usr/share/pico-sdk/src/rp2_common/pico_stdio/stdio.c.obj
 .text.__wrap_putchar
                0x0000000010004e08       0xa4 CMakeFiles/Picopod.dir/usr/share/pico-sdk/src/rp2_common/pico_stdio/stdio.c.obj
                0x0000000010004e08                __wrap_putchar
 .text.__wrap_puts
                0x0000000010004eac       0x3c CMakeFiles/Picopod.dir/usr/share/pico-sdk/src/rp2_common/pico_stdio/stdio.c.obj
                0x0000000010004eac                __wrap_puts
 .text._read    0x0000000010004ee8       0x98 CMakeFiles/Picopod.dir/usr/share/pico-sdk/src/rp2_common/pico_stdio/stdio.c.obj
                0x0000000010004ee8                _read
 .text._write   0x0000000010004f80       0xac CMakeFiles/Picopod.dir/usr/share/pico-sdk/src/rp2_common/pico_stdio/stdio.c.obj
                0x0000000010004f80                _write
 .text.stdio_set_driver_enabled
                0x000000001000502c       0x3c CMakeFiles/Picopod.dir/usr/share/pico-sdk/src/rp2_common/pico_stdio/stdio.c.obj
                0x000000001000502c                stdio_set_driver_enabled
 .text.__wrap_vprintf
                0x0000000010005068       0xd8 CMakeFiles/Picopod.dir/usr/share/pico-sdk/src/rp2_common/pico_stdio/stdio.c.obj
                0x0000000010005068                __wrap_vprintf
 .text.__wrap_printf
                0x0000000010005140       0x18 CMakeFiles/Picopod.dir/usr/share/pico-sdk/src/rp2_common/pico_stdio/stdio.c.obj
                0x0000000010005140                __wrap_printf
 .text.stdio_init_all
                0x0000000010005158        0x8 CMakeFiles/Picopod.dir/usr/share/pico-sdk/src/rp2_common/pico_stdio/stdio.c.obj
                0x0000000010005158                stdio_init_all
 .text.resetd_init
                0x0000000010005160        0x4 CMakeFiles/Picopod.dir/usr/share/pico-sdk/src/rp2_common/pico_stdio_usb/reset_interface.c.obj
 .text.resetd_reset
                0x0000000010005164        0xc CMakeFiles/Picopod.dir/usr/share/pico-sdk/src/rp2_common/pico_stdio_usb/reset_interface.c.obj
 .text.resetd_open
                0x0000000010005170       0x28 CMakeFiles/Picopod.dir/usr/share/pico-sdk/src/rp2_common/pico_stdio_usb/reset_interface.c.obj
 .text.resetd_xfer_cb
                0x0000000010005198        0x4 CMakeFiles/Picopod.dir/usr/share/pico-sdk/src/rp2_common/pico_stdio_usb/reset_interface.c.obj
 .text.resetd_control_xfer_cb
                0x000000001000519c       0x64 CMakeFiles/Picopod.dir/usr/share/pico-sdk/src/rp2_common/pico_stdio_usb/reset_interface.c.obj
 .text.usbd_app_driver_get_cb
                0x0000000010005200        0xc CMakeFiles/Picopod.dir/usr/share/pico-sdk/src/rp2_common/pico_stdio_usb/reset_interface.c.obj
                0x0000000010005200                usbd_app_driver_get_cb
 .text.tud_cdc_line_coding_cb
                0x000000001000520c       0x34 CMakeFiles/Picopod.dir/usr/share/pico-sdk/src/rp2_common/pico_stdio_usb/reset_interface.c.obj
                0x000000001000520c                tud_cdc_line_coding_cb
 .text.stdio_usb_in_chars
                0x0000000010005240       0x68 CMakeFiles/Picopod.dir/usr/share/pico-sdk/src/rp2_common/pico_stdio_usb/stdio_usb.c.obj
                0x0000000010005240                stdio_usb_in_chars
 .text.stdio_usb_out_chars
                0x00000000100052a8       0xec CMakeFiles/Picopod.dir/usr/share/pico-sdk/src/rp2_common/pico_stdio_usb/stdio_usb.c.obj
 .text.timer_task
                0x0000000010005394       0x10 CMakeFiles/Picopod.dir/usr/share/pico-sdk/src/rp2_common/pico_stdio_usb/stdio_usb.c.obj
 .text.low_priority_worker_irq
                0x00000000100053a4       0x24 CMakeFiles/Picopod.dir/usr/share/pico-sdk/src/rp2_common/pico_stdio_usb/stdio_usb.c.obj
 .text.stdio_usb_init
                0x00000000100053c8       0x90 CMakeFiles/Picopod.dir/usr/share/pico-sdk/src/rp2_common/pico_stdio_usb/stdio_usb.c.obj
                0x00000000100053c8                stdio_usb_init
 .text.tud_descriptor_device_cb
                0x0000000010005458        0x8 CMakeFiles/Picopod.dir/usr/share/pico-sdk/src/rp2_common/pico_stdio_usb/stdio_usb_descriptors.c.obj
                0x0000000010005458                tud_descriptor_device_cb
 .text.tud_descriptor_configuration_cb
                0x0000000010005460        0x8 CMakeFiles/Picopod.dir/usr/share/pico-sdk/src/rp2_common/pico_stdio_usb/stdio_usb_descriptors.c.obj
                0x0000000010005460                tud_descriptor_configuration_cb
 .text.tud_descriptor_string_cb
                0x0000000010005468       0x70 CMakeFiles/Picopod.dir/usr/share/pico-sdk/src/rp2_common/pico_stdio_usb/stdio_usb_descriptors.c.obj
                0x0000000010005468                tud_descriptor_string_cb
 .text.dcd_rp2040_irq
                0x00000000100054d8      0x21c CMakeFiles/Picopod.dir/usr/share/pico-sdk/lib/tinyusb/src/portable/raspberrypi/rp2040/dcd_rp2040.c.obj
 .text.dcd_int_enable
                0x00000000100056f4        0xc CMakeFiles/Picopod.dir/usr/share/pico-sdk/lib/tinyusb/src/portable/raspberrypi/rp2040/dcd_rp2040.c.obj
                0x00000000100056f4                dcd_int_enable
 .text.dcd_set_address
                0x0000000010005700       0x14 CMakeFiles/Picopod.dir/usr/share/pico-sdk/lib/tinyusb/src/portable/raspberrypi/rp2040/dcd_rp2040.c.obj
                0x0000000010005700                dcd_set_address
 .text.dcd_connect
                0x0000000010005714       0x10 CMakeFiles/Picopod.dir/usr/share/pico-sdk/lib/tinyusb/src/portable/raspberrypi/rp2040/dcd_rp2040.c.obj
                0x0000000010005714                dcd_connect
 .text.dcd_init
                0x0000000010005724      0x148 CMakeFiles/Picopod.dir/usr/share/pico-sdk/lib/tinyusb/src/portable/raspberrypi/rp2040/dcd_rp2040.c.obj
                0x0000000010005724                dcd_init
 .text.dcd_edpt0_status_complete
                0x000000001000586c       0x1c CMakeFiles/Picopod.dir/usr/share/pico-sdk/lib/tinyusb/src/portable/raspberrypi/rp2040/dcd_rp2040.c.obj
                0x000000001000586c                dcd_edpt0_status_complete
 .text.dcd_edpt_open
                0x0000000010005888       0xf0 CMakeFiles/Picopod.dir/usr/share/pico-sdk/lib/tinyusb/src/portable/raspberrypi/rp2040/dcd_rp2040.c.obj
                0x0000000010005888                dcd_edpt_open
 .text.dcd_edpt_close_all
                0x0000000010005978       0xbc CMakeFiles/Picopod.dir/usr/share/pico-sdk/lib/tinyusb/src/portable/raspberrypi/rp2040/dcd_rp2040.c.obj
                0x0000000010005978                dcd_edpt_close_all
 .text.dcd_edpt_xfer
                0x0000000010005a34       0x24 CMakeFiles/Picopod.dir/usr/share/pico-sdk/lib/tinyusb/src/portable/raspberrypi/rp2040/dcd_rp2040.c.obj
                0x0000000010005a34                dcd_edpt_xfer
 .text.dcd_edpt_stall
                0x0000000010005a58       0x38 CMakeFiles/Picopod.dir/usr/share/pico-sdk/lib/tinyusb/src/portable/raspberrypi/rp2040/dcd_rp2040.c.obj
                0x0000000010005a58                dcd_edpt_stall
 .text.dcd_edpt_clear_stall
                0x0000000010005a90       0x30 CMakeFiles/Picopod.dir/usr/share/pico-sdk/lib/tinyusb/src/portable/raspberrypi/rp2040/dcd_rp2040.c.obj
                0x0000000010005a90                dcd_edpt_clear_stall
 .text._hw_endpoint_buffer_control_update32.part.0
                0x0000000010005ac0       0x20 CMakeFiles/Picopod.dir/usr/share/pico-sdk/lib/tinyusb/src/portable/raspberrypi/rp2040/rp2040_usb.c.obj
 .text.rp2040_usb_init
                0x0000000010005ae0       0x4c CMakeFiles/Picopod.dir/usr/share/pico-sdk/lib/tinyusb/src/portable/raspberrypi/rp2040/rp2040_usb.c.obj
                0x0000000010005ae0                rp2040_usb_init
 .text.hw_endpoint_reset_transfer
                0x0000000010005b2c        0xc CMakeFiles/Picopod.dir/usr/share/pico-sdk/lib/tinyusb/src/portable/raspberrypi/rp2040/rp2040_usb.c.obj
                0x0000000010005b2c                hw_endpoint_reset_transfer
 .text._hw_endpoint_buffer_control_update32
                0x0000000010005b38       0x40 CMakeFiles/Picopod.dir/usr/share/pico-sdk/lib/tinyusb/src/portable/raspberrypi/rp2040/rp2040_usb.c.obj
                0x0000000010005b38                _hw_endpoint_buffer_control_update32
 .text.hw_endpoint_xfer_start
                0x0000000010005b78      0x138 CMakeFiles/Picopod.dir/usr/share/pico-sdk/lib/tinyusb/src/portable/raspberrypi/rp2040/rp2040_usb.c.obj
                0x0000000010005b78                hw_endpoint_xfer_start
 .text.hw_endpoint_xfer_continue
                0x0000000010005cb0      0x1e4 CMakeFiles/Picopod.dir/usr/share/pico-sdk/lib/tinyusb/src/portable/raspberrypi/rp2040/rp2040_usb.c.obj
                0x0000000010005cb0                hw_endpoint_xfer_continue
 .text.tud_mounted
                0x0000000010005e94       0x10 CMakeFiles/Picopod.dir/usr/share/pico-sdk/lib/tinyusb/src/device/usbd.c.obj
                0x0000000010005e94                tud_mounted
 .text.tud_suspended
                0x0000000010005ea4       0x10 CMakeFiles/Picopod.dir/usr/share/pico-sdk/lib/tinyusb/src/device/usbd.c.obj
                0x0000000010005ea4                tud_suspended
 .text.tud_inited
                0x0000000010005eb4        0xc CMakeFiles/Picopod.dir/usr/share/pico-sdk/lib/tinyusb/src/device/usbd.c.obj
                0x0000000010005eb4                tud_inited
 .text.tud_init
                0x0000000010005ec0       0xd8 CMakeFiles/Picopod.dir/usr/share/pico-sdk/lib/tinyusb/src/device/usbd.c.obj
                0x0000000010005ec0                tud_init
 .text.tud_task
                0x0000000010005f98      0x8ec CMakeFiles/Picopod.dir/usr/share/pico-sdk/lib/tinyusb/src/device/usbd.c.obj
                0x0000000010005f98                tud_task
 .text.dcd_event_bus_signal
                0x0000000010006884      0x120 CMakeFiles/Picopod.dir/usr/share/pico-sdk/lib/tinyusb/src/device/usbd.c.obj
                0x0000000010006884                dcd_event_bus_signal
 .text.dcd_event_bus_reset
                0x00000000100069a4       0x54 CMakeFiles/Picopod.dir/usr/share/pico-sdk/lib/tinyusb/src/device/usbd.c.obj
                0x00000000100069a4                dcd_event_bus_reset
 .text.dcd_event_setup_received
                0x00000000100069f8       0x50 CMakeFiles/Picopod.dir/usr/share/pico-sdk/lib/tinyusb/src/device/usbd.c.obj
                0x00000000100069f8                dcd_event_setup_received
 .text.dcd_event_xfer_complete
                0x0000000010006a48       0x68 CMakeFiles/Picopod.dir/usr/share/pico-sdk/lib/tinyusb/src/device/usbd.c.obj
                0x0000000010006a48                dcd_event_xfer_complete
 .text.usbd_open_edpt_pair
                0x0000000010006ab0       0x80 CMakeFiles/Picopod.dir/usr/share/pico-sdk/lib/tinyusb/src/device/usbd.c.obj
                0x0000000010006ab0                usbd_open_edpt_pair
 .text.usbd_edpt_open
                0x0000000010006b30       0x30 CMakeFiles/Picopod.dir/usr/share/pico-sdk/lib/tinyusb/src/device/usbd.c.obj
                0x0000000010006b30                usbd_edpt_open
 .text.usbd_edpt_claim
                0x0000000010006b60       0x64 CMakeFiles/Picopod.dir/usr/share/pico-sdk/lib/tinyusb/src/device/usbd.c.obj
                0x0000000010006b60                usbd_edpt_claim
 .text.usbd_edpt_release
                0x0000000010006bc4       0x4c CMakeFiles/Picopod.dir/usr/share/pico-sdk/lib/tinyusb/src/device/usbd.c.obj
                0x0000000010006bc4                usbd_edpt_release
 .text.usbd_edpt_xfer
                0x0000000010006c10       0x48 CMakeFiles/Picopod.dir/usr/share/pico-sdk/lib/tinyusb/src/device/usbd.c.obj
                0x0000000010006c10                usbd_edpt_xfer
 .text.tud_control_status
                0x0000000010006c58       0x30 CMakeFiles/Picopod.dir/usr/share/pico-sdk/lib/tinyusb/src/device/usbd_control.c.obj
                0x0000000010006c58                tud_control_status
 .text.tud_control_xfer
                0x0000000010006c88       0xb8 CMakeFiles/Picopod.dir/usr/share/pico-sdk/lib/tinyusb/src/device/usbd_control.c.obj
                0x0000000010006c88                tud_control_xfer
 .text.usbd_control_reset
                0x0000000010006d40       0x14 CMakeFiles/Picopod.dir/usr/share/pico-sdk/lib/tinyusb/src/device/usbd_control.c.obj
                0x0000000010006d40                usbd_control_reset
 .text.usbd_control_set_complete_callback
                0x0000000010006d54        0xc CMakeFiles/Picopod.dir/usr/share/pico-sdk/lib/tinyusb/src/device/usbd_control.c.obj
                0x0000000010006d54                usbd_control_set_complete_callback
 .text.usbd_control_set_request
                0x0000000010006d60       0x1c CMakeFiles/Picopod.dir/usr/share/pico-sdk/lib/tinyusb/src/device/usbd_control.c.obj
                0x0000000010006d60                usbd_control_set_request
 .text.usbd_control_xfer_cb
                0x0000000010006d7c       0xf8 CMakeFiles/Picopod.dir/usr/share/pico-sdk/lib/tinyusb/src/device/usbd_control.c.obj
                0x0000000010006d7c                usbd_control_xfer_cb
 .text.tud_cdc_n_connected
                0x0000000010006e74       0x30 CMakeFiles/Picopod.dir/usr/share/pico-sdk/lib/tinyusb/src/class/cdc/cdc_device.c.obj
                0x0000000010006e74                tud_cdc_n_connected
 .text.tud_cdc_n_available
                0x0000000010006ea4       0x18 CMakeFiles/Picopod.dir/usr/share/pico-sdk/lib/tinyusb/src/class/cdc/cdc_device.c.obj
                0x0000000010006ea4                tud_cdc_n_available
 .text.tud_cdc_n_read
                0x0000000010006ebc       0x70 CMakeFiles/Picopod.dir/usr/share/pico-sdk/lib/tinyusb/src/class/cdc/cdc_device.c.obj
                0x0000000010006ebc                tud_cdc_n_read
 .text.tud_cdc_n_write_flush
                0x0000000010006f2c       0x78 CMakeFiles/Picopod.dir/usr/share/pico-sdk/lib/tinyusb/src/class/cdc/cdc_device.c.obj
                0x0000000010006f2c                tud_cdc_n_write_flush
 .text.tud_cdc_n_write
                0x0000000010006fa4       0x34 CMakeFiles/Picopod.dir/usr/share/pico-sdk/lib/tinyusb/src/class/cdc/cdc_device.c.obj
                0x0000000010006fa4                tud_cdc_n_write
 .text.tud_cdc_n_write_available
                0x0000000010006fd8       0x18 CMakeFiles/Picopod.dir/usr/share/pico-sdk/lib/tinyusb/src/class/cdc/cdc_device.c.obj
                0x0000000010006fd8                tud_cdc_n_write_available
 .text.cdcd_init
                0x0000000010006ff0       0x7c CMakeFiles/Picopod.dir/usr/share/pico-sdk/lib/tinyusb/src/class/cdc/cdc_device.c.obj
                0x0000000010006ff0                cdcd_init
 .text.cdcd_reset
                0x000000001000706c       0x2c CMakeFiles/Picopod.dir/usr/share/pico-sdk/lib/tinyusb/src/class/cdc/cdc_device.c.obj
                0x000000001000706c                cdcd_reset
 .text.cdcd_open
                0x0000000010007098       0xe4 CMakeFiles/Picopod.dir/usr/share/pico-sdk/lib/tinyusb/src/class/cdc/cdc_device.c.obj
                0x0000000010007098                cdcd_open
 .text.cdcd_control_xfer_cb
                0x000000001000717c       0xe4 CMakeFiles/Picopod.dir/usr/share/pico-sdk/lib/tinyusb/src/class/cdc/cdc_device.c.obj
                0x000000001000717c                cdcd_control_xfer_cb
 .text.cdcd_xfer_cb
                0x0000000010007260      0x198 CMakeFiles/Picopod.dir/usr/share/pico-sdk/lib/tinyusb/src/class/cdc/cdc_device.c.obj
                0x0000000010007260                cdcd_xfer_cb
 .text.tusb_init
                0x00000000100073f8        0xc CMakeFiles/Picopod.dir/usr/share/pico-sdk/lib/tinyusb/src/tusb.c.obj
                0x00000000100073f8                tusb_init
 .text.tusb_inited
                0x0000000010007404        0x8 CMakeFiles/Picopod.dir/usr/share/pico-sdk/lib/tinyusb/src/tusb.c.obj
                0x0000000010007404                tusb_inited
 .text.tu_edpt_validate
                0x000000001000740c       0x78 CMakeFiles/Picopod.dir/usr/share/pico-sdk/lib/tinyusb/src/tusb.c.obj
                0x000000001000740c                tu_edpt_validate
 .text.tu_edpt_bind_driver
                0x0000000010007484       0x2c CMakeFiles/Picopod.dir/usr/share/pico-sdk/lib/tinyusb/src/tusb.c.obj
                0x0000000010007484                tu_edpt_bind_driver
 .text.tu_fifo_config
                0x00000000100074b0       0x78 CMakeFiles/Picopod.dir/usr/share/pico-sdk/lib/tinyusb/src/common/tusb_fifo.c.obj
                0x00000000100074b0                tu_fifo_config
 .text.tu_fifo_count
                0x0000000010007528       0x20 CMakeFiles/Picopod.dir/usr/share/pico-sdk/lib/tinyusb/src/common/tusb_fifo.c.obj
                0x0000000010007528                tu_fifo_count
 .text.tu_fifo_empty
                0x0000000010007548       0x10 CMakeFiles/Picopod.dir/usr/share/pico-sdk/lib/tinyusb/src/common/tusb_fifo.c.obj
                0x0000000010007548                tu_fifo_empty
 .text.tu_fifo_remaining
                0x0000000010007558       0x1c CMakeFiles/Picopod.dir/usr/share/pico-sdk/lib/tinyusb/src/common/tusb_fifo.c.obj
                0x0000000010007558                tu_fifo_remaining
 .text.tu_fifo_read
                0x0000000010007574       0x9c CMakeFiles/Picopod.dir/usr/share/pico-sdk/lib/tinyusb/src/common/tusb_fifo.c.obj
                0x0000000010007574                tu_fifo_read
 .text.tu_fifo_read_n
                0x0000000010007610      0x100 CMakeFiles/Picopod.dir/usr/share/pico-sdk/lib/tinyusb/src/common/tusb_fifo.c.obj
                0x0000000010007610                tu_fifo_read_n
 .text.tu_fifo_write
                0x0000000010007710       0x7c CMakeFiles/Picopod.dir/usr/share/pico-sdk/lib/tinyusb/src/common/tusb_fifo.c.obj
                0x0000000010007710                tu_fifo_write
 .text.tu_fifo_write_n
                0x000000001000778c       0xf8 CMakeFiles/Picopod.dir/usr/share/pico-sdk/lib/tinyusb/src/common/tusb_fifo.c.obj
                0x000000001000778c                tu_fifo_write_n
 .text.tu_fifo_clear
                0x0000000010007884       0x4c CMakeFiles/Picopod.dir/usr/share/pico-sdk/lib/tinyusb/src/common/tusb_fifo.c.obj
                0x0000000010007884                tu_fifo_clear
 .text.tu_fifo_set_overwritable
                0x00000000100078d0       0x3c CMakeFiles/Picopod.dir/usr/share/pico-sdk/lib/tinyusb/src/common/tusb_fifo.c.obj
                0x00000000100078d0                tu_fifo_set_overwritable
 .text.startup._retrieve_unique_id_on_boot
                0x000000001000790c       0x10 CMakeFiles/Picopod.dir/usr/share/pico-sdk/src/rp2_common/pico_unique_id/unique_id.c.obj
 .text.pico_get_unique_board_id_string
                0x000000001000791c      0x1bc CMakeFiles/Picopod.dir/usr/share/pico-sdk/src/rp2_common/pico_unique_id/unique_id.c.obj
                0x000000001000791c                pico_get_unique_board_id_string
 .text.flash_get_unique_id
                0x0000000010007ad8       0x40 CMakeFiles/Picopod.dir/usr/share/pico-sdk/src/rp2_common/hardware_flash/flash.c.obj
                0x0000000010007ad8                flash_get_unique_id
 .text.spi_init
                0x0000000010007b18       0xf4 CMakeFiles/Picopod.dir/usr/share/pico-sdk/src/rp2_common/hardware_spi/spi.c.obj
                0x0000000010007b18                spi_init
 .text.adc_init
                0x0000000010007c0c       0x38 CMakeFiles/Picopod.dir/usr/share/pico-sdk/src/rp2_common/hardware_adc/adc.c.obj
                0x0000000010007c0c                adc_init
 .text._ZN5Print17availableForWriteEv
                0x0000000010007c44        0x4 lib/lora/libLoRa_pico_lib.a(LoRa-RP2040.cpp.obj)
                0x0000000010007c44                Print::availableForWrite()
 .text._ZN9LoRaClass5flushEv
                0x0000000010007c48        0x4 lib/lora/libLoRa_pico_lib.a(LoRa-RP2040.cpp.obj)
                0x0000000010007c48                LoRaClass::flush()
 .text._ZN9LoRaClass9availableEv
                0x0000000010007c4c       0x64 lib/lora/libLoRa_pico_lib.a(LoRa-RP2040.cpp.obj)
                0x0000000010007c4c                LoRaClass::available()
 .text._ZN9LoRaClass5writeEh
                0x0000000010007cb0       0xf8 lib/lora/libLoRa_pico_lib.a(LoRa-RP2040.cpp.obj)
                0x0000000010007cb0                LoRaClass::write(unsigned char)
 .text._ZN9LoRaClass4readEv
                0x0000000010007da8       0xbc lib/lora/libLoRa_pico_lib.a(LoRa-RP2040.cpp.obj)
                0x0000000010007da8                LoRaClass::read()
 .text._ZN9LoRaClass5writeEPKhj
                0x0000000010007e64      0x104 lib/lora/libLoRa_pico_lib.a(LoRa-RP2040.cpp.obj)
                0x0000000010007e64                LoRaClass::write(unsigned char const*, unsigned int)
 .text._ZN9LoRaClass4peekEv
                0x0000000010007f68      0x120 lib/lora/libLoRa_pico_lib.a(LoRa-RP2040.cpp.obj)
                0x0000000010007f68                LoRaClass::peek()
 .text._ZN9LoRaClass5beginEl
                0x0000000010008088      0x330 lib/lora/libLoRa_pico_lib.a(LoRa-RP2040.cpp.obj)
                0x0000000010008088                LoRaClass::begin(long)
 .text._ZN9LoRaClass11beginPacketEi
                0x00000000100083b8      0x214 lib/lora/libLoRa_pico_lib.a(LoRa-RP2040.cpp.obj)
                0x00000000100083b8                LoRaClass::beginPacket(int)
 .text._ZN9LoRaClass9endPacketEb
                0x00000000100085cc      0x16c lib/lora/libLoRa_pico_lib.a(LoRa-RP2040.cpp.obj)
                0x00000000100085cc                LoRaClass::endPacket(bool)
 .text._ZN9LoRaClass11parsePacketEi
                0x0000000010008738      0x314 lib/lora/libLoRa_pico_lib.a(LoRa-RP2040.cpp.obj)
                0x0000000010008738                LoRaClass::parsePacket(int)
 .text._ZN9LoRaClass10packetRssiEv
                0x0000000010008a4c       0x6c lib/lora/libLoRa_pico_lib.a(LoRa-RP2040.cpp.obj)
                0x0000000010008a4c                LoRaClass::packetRssi()
 .text._ZN9LoRaClass9packetSnrEv
                0x0000000010008ab8       0x78 lib/lora/libLoRa_pico_lib.a(LoRa-RP2040.cpp.obj)
                0x0000000010008ab8                LoRaClass::packetSnr()
 .text._ZN9LoRaClass10setTxPowerEii
                0x0000000010008b30      0x184 lib/lora/libLoRa_pico_lib.a(LoRa-RP2040.cpp.obj)
                0x0000000010008b30                LoRaClass::setTxPower(int, int)
 .text._ZN9LoRaClass18setSpreadingFactorEi
                0x0000000010008cb4      0x2a0 lib/lora/libLoRa_pico_lib.a(LoRa-RP2040.cpp.obj)
                0x0000000010008cb4                LoRaClass::setSpreadingFactor(int)
 .text._ZN9LoRaClass18setSignalBandwidthEl
                0x0000000010008f54      0x250 lib/lora/libLoRa_pico_lib.a(LoRa-RP2040.cpp.obj)
                0x0000000010008f54                LoRaClass::setSignalBandwidth(long)
 .text._ZN9LoRaClass6randomEv
                0x00000000100091a4       0x60 lib/lora/libLoRa_pico_lib.a(LoRa-RP2040.cpp.obj)
                0x00000000100091a4                LoRaClass::random()
 .text.startup._GLOBAL__sub_I__ZN9LoRaClassC2Ev
                0x0000000010009204       0x34 lib/lora/libLoRa_pico_lib.a(LoRa-RP2040.cpp.obj)
 .text._ZN12VoltageClass10getVoltageEv
                0x0000000010009238       0x44 lib/voltage/libsensors_voltage.a(voltage.cpp.obj)
                0x0000000010009238                VoltageClass::getVoltage()
 .text._ZN12VoltageClass11initVoltageEii
                0x000000001000927c       0x58 lib/voltage/libsensors_voltage.a(voltage.cpp.obj)
                0x000000001000927c                VoltageClass::initVoltage(int, int)
 .text          0x00000000100092d4      0xadc lib/lora/libLoRa_print.a(Print.cpp.obj)
                0x00000000100092d4                Print::write(unsigned char const*, unsigned int)
                0x00000000100092fc                Print::print(std::__cxx11::basic_string<char, std::char_traits<char>, std::allocator<char> >)
                0x0000000010009340                Print::print(char)
                0x000000001000934c                Print::print(char const*)
                0x00000000100093a4                Print::println()
                0x00000000100093e0                Print::println(char const*)
                0x0000000010009480                Print::println(char)
                0x00000000100094cc                Print::printNumber(unsigned long, unsigned char)
                0x0000000010009568                Print::print(long, int)
                0x00000000100095ac                Print::println(int, int)
                0x00000000100095f8                Print::println(long, int)
                0x0000000010009644                Print::print(unsigned long, int)
                0x000000001000965c                Print::print(unsigned int, int)
                0x0000000010009674                Print::print(unsigned char, int)
                0x000000001000968c                Print::println(unsigned int, int)
                0x00000000100096f0                Print::println(unsigned long, int)
                0x0000000010009754                Print::println(unsigned char, int)
                0x00000000100097b8                Print::print(int, int)
                0x00000000100097fc                Print::printULLNumber(unsigned long long, unsigned char)
                0x0000000010009940                Print::print(long long, int)
                0x0000000010009994                Print::print(unsigned long long, int)
                0x00000000100099b4                Print::println(unsigned long long, int)
                0x0000000010009a20                Print::println(long long, int)
                0x0000000010009abc                Print::printFloat(double, int)
                0x0000000010009d4c                Print::print(double, int)
                0x0000000010009d5c                Print::println(double, int)
 .text._ZNK10__cxxabiv117__class_type_info11__do_upcastEPKS0_PPv
                0x0000000010009db0       0x38 /usr/bin/../lib/gcc/arm-none-eabi/9.3.1/../../../../arm-none-eabi/lib/thumb/v6-m/nofp/libstdc++.a(class_type_info.o)
                0x0000000010009db0                __cxxabiv1::__class_type_info::__do_upcast(__cxxabiv1::__class_type_info const*, void**) const
 .text._ZNK10__cxxabiv117__class_type_info20__do_find_public_srcEiPKvPKS0_S2_
                0x0000000010009de8       0x14 /usr/bin/../lib/gcc/arm-none-eabi/9.3.1/../../../../arm-none-eabi/lib/thumb/v6-m/nofp/libstdc++.a(class_type_info.o)
                0x0000000010009de8                __cxxabiv1::__class_type_info::__do_find_public_src(int, void const*, __cxxabiv1::__class_type_info const*, void const*) const
 .text._ZN10__cxxabiv117__class_type_infoD2Ev
                0x0000000010009dfc       0x18 /usr/bin/../lib/gcc/arm-none-eabi/9.3.1/../../../../arm-none-eabi/lib/thumb/v6-m/nofp/libstdc++.a(class_type_info.o)
                0x0000000010009dfc                __cxxabiv1::__class_type_info::~__class_type_info()
                0x0000000010009dfc                __cxxabiv1::__class_type_info::~__class_type_info()
 .text._ZN10__cxxabiv117__class_type_infoD0Ev
                0x0000000010009e14       0x20 /usr/bin/../lib/gcc/arm-none-eabi/9.3.1/../../../../arm-none-eabi/lib/thumb/v6-m/nofp/libstdc++.a(class_type_info.o)
                0x0000000010009e14                __cxxabiv1::__class_type_info::~__class_type_info()
 .text._ZNK10__cxxabiv117__class_type_info12__do_dyncastEiNS0_10__sub_kindEPKS0_PKvS3_S5_RNS0_16__dyncast_resultE
                0x0000000010009e34       0x40 /usr/bin/../lib/gcc/arm-none-eabi/9.3.1/../../../../arm-none-eabi/lib/thumb/v6-m/nofp/libstdc++.a(class_type_info.o)
                0x0000000010009e34                __cxxabiv1::__class_type_info::__do_dyncast(int, __cxxabiv1::__class_type_info::__sub_kind, __cxxabiv1::__class_type_info const*, void const*, __cxxabiv1::__class_type_info const*, void const*, __cxxabiv1::__class_type_info::__dyncast_result&) const
 .text._ZNK10__cxxabiv117__class_type_info11__do_upcastEPKS0_PKvRNS0_15__upcast_resultE
                0x0000000010009e74       0x1c /usr/bin/../lib/gcc/arm-none-eabi/9.3.1/../../../../arm-none-eabi/lib/thumb/v6-m/nofp/libstdc++.a(class_type_info.o)
                0x0000000010009e74                __cxxabiv1::__class_type_info::__do_upcast(__cxxabiv1::__class_type_info const*, void const*, __cxxabiv1::__class_type_info::__upcast_result&) const
 .text._ZNK10__cxxabiv117__class_type_info10__do_catchEPKSt9type_infoPPvj
                0x0000000010009e90       0x24 /usr/bin/../lib/gcc/arm-none-eabi/9.3.1/../../../../arm-none-eabi/lib/thumb/v6-m/nofp/libstdc++.a(class_type_info.o)
                0x0000000010009e90                __cxxabiv1::__class_type_info::__do_catch(std::type_info const*, void**, unsigned int) const
 .text._ZdlPv   0x0000000010009eb4        0x8 /usr/bin/../lib/gcc/arm-none-eabi/9.3.1/../../../../arm-none-eabi/lib/thumb/v6-m/nofp/libstdc++.a(del_op.o)
                0x0000000010009eb4                operator delete(void*)
 .text._ZdlPvj  0x0000000010009ebc        0x8 /usr/bin/../lib/gcc/arm-none-eabi/9.3.1/../../../../arm-none-eabi/lib/thumb/v6-m/nofp/libstdc++.a(del_ops.o)
                0x0000000010009ebc                operator delete(void*, unsigned int)
 .text.__cxa_end_cleanup
                0x0000000010009ec4        0xc /usr/bin/../lib/gcc/arm-none-eabi/9.3.1/../../../../arm-none-eabi/lib/thumb/v6-m/nofp/libstdc++.a(eh_arm.o)
                0x0000000010009ec4                __cxa_end_cleanup
 .text.__cxa_type_match
                0x0000000010009ed0       0xd0 /usr/bin/../lib/gcc/arm-none-eabi/9.3.1/../../../../arm-none-eabi/lib/thumb/v6-m/nofp/libstdc++.a(eh_arm.o)
                0x0000000010009ed0                __cxa_type_match
 .text.__cxa_begin_cleanup
                0x0000000010009fa0       0x60 /usr/bin/../lib/gcc/arm-none-eabi/9.3.1/../../../../arm-none-eabi/lib/thumb/v6-m/nofp/libstdc++.a(eh_arm.o)
                0x0000000010009fa0                __cxa_begin_cleanup
 .text.__gnu_end_cleanup
                0x000000001000a000       0x70 /usr/bin/../lib/gcc/arm-none-eabi/9.3.1/../../../../arm-none-eabi/lib/thumb/v6-m/nofp/libstdc++.a(eh_arm.o)
                0x000000001000a000                __gnu_end_cleanup
 .text._ZNSt9exceptionD2Ev
                0x000000001000a070        0x4 /usr/bin/../lib/gcc/arm-none-eabi/9.3.1/../../../../arm-none-eabi/lib/thumb/v6-m/nofp/libstdc++.a(eh_exception.o)
                0x000000001000a070                std::exception::~exception()
                0x000000001000a070                std::exception::~exception()
 .text._ZNSt13bad_exceptionD2Ev
                0x000000001000a074        0x4 /usr/bin/../lib/gcc/arm-none-eabi/9.3.1/../../../../arm-none-eabi/lib/thumb/v6-m/nofp/libstdc++.a(eh_exception.o)
                0x000000001000a074                std::bad_exception::~bad_exception()
                0x000000001000a074                std::bad_exception::~bad_exception()
 .text._ZNKSt13bad_exception4whatEv
                0x000000001000a078        0x8 /usr/bin/../lib/gcc/arm-none-eabi/9.3.1/../../../../arm-none-eabi/lib/thumb/v6-m/nofp/libstdc++.a(eh_exception.o)
                0x000000001000a078                transaction clone for std::bad_exception::what() const
                0x000000001000a078                std::bad_exception::what() const
 .text._ZNSt13bad_exceptionD0Ev
                0x000000001000a080       0x10 /usr/bin/../lib/gcc/arm-none-eabi/9.3.1/../../../../arm-none-eabi/lib/thumb/v6-m/nofp/libstdc++.a(eh_exception.o)
                0x000000001000a080                std::bad_exception::~bad_exception()
 .text.__cxa_get_globals_fast
                0x000000001000a090        0x8 /usr/bin/../lib/gcc/arm-none-eabi/9.3.1/../../../../arm-none-eabi/lib/thumb/v6-m/nofp/libstdc++.a(eh_globals.o)
                0x000000001000a090                __cxa_get_globals_fast
 .text.__cxa_get_globals
                0x000000001000a098        0x8 /usr/bin/../lib/gcc/arm-none-eabi/9.3.1/../../../../arm-none-eabi/lib/thumb/v6-m/nofp/libstdc++.a(eh_globals.o)
                0x000000001000a098                __cxa_get_globals
 .text._ZL28read_encoded_value_with_basehjPKhPj
                0x000000001000a0a0      0x114 /usr/bin/../lib/gcc/arm-none-eabi/9.3.1/../../../../arm-none-eabi/lib/thumb/v6-m/nofp/libstdc++.a(eh_personality.o)
 .text._ZL21base_of_encoded_valuehP15_Unwind_Context
                0x000000001000a1b4       0x48 /usr/bin/../lib/gcc/arm-none-eabi/9.3.1/../../../../arm-none-eabi/lib/thumb/v6-m/nofp/libstdc++.a(eh_personality.o)
 .text._ZL17parse_lsda_headerP15_Unwind_ContextPKhP16lsda_header_info
                0x000000001000a1fc       0x98 /usr/bin/../lib/gcc/arm-none-eabi/9.3.1/../../../../arm-none-eabi/lib/thumb/v6-m/nofp/libstdc++.a(eh_personality.o)
 .text.__gxx_personality_v0
                0x000000001000a294      0x4a4 /usr/bin/../lib/gcc/arm-none-eabi/9.3.1/../../../../arm-none-eabi/lib/thumb/v6-m/nofp/libstdc++.a(eh_personality.o)
                0x000000001000a294                __gxx_personality_v0
 .text._ZN10__cxxabiv111__terminateEPFvvE
                0x000000001000a738       0x28 /usr/bin/../lib/gcc/arm-none-eabi/9.3.1/../../../../arm-none-eabi/lib/thumb/v6-m/nofp/libstdc++.a(eh_terminate.o)
                0x000000001000a738                __cxxabiv1::__terminate(void (*)())
 .text._ZSt9terminatev
                0x000000001000a760       0x10 /usr/bin/../lib/gcc/arm-none-eabi/9.3.1/../../../../arm-none-eabi/lib/thumb/v6-m/nofp/libstdc++.a(eh_terminate.o)
                0x000000001000a760                std::terminate()
 .text._ZN10__cxxabiv112__unexpectedEPFvvE
                0x000000001000a770        0x8 /usr/bin/../lib/gcc/arm-none-eabi/9.3.1/../../../../arm-none-eabi/lib/thumb/v6-m/nofp/libstdc++.a(eh_terminate.o)
                0x000000001000a770                __cxxabiv1::__unexpected(void (*)())
 .text._ZSt10unexpectedv
                0x000000001000a778       0x10 /usr/bin/../lib/gcc/arm-none-eabi/9.3.1/../../../../arm-none-eabi/lib/thumb/v6-m/nofp/libstdc++.a(eh_terminate.o)
                0x000000001000a778                std::unexpected()
 .text._ZSt13get_terminatev
                0x000000001000a788        0xc /usr/bin/../lib/gcc/arm-none-eabi/9.3.1/../../../../arm-none-eabi/lib/thumb/v6-m/nofp/libstdc++.a(eh_terminate.o)
                0x000000001000a788                std::get_terminate()
 .text._ZSt14get_unexpectedv
                0x000000001000a794        0xc /usr/bin/../lib/gcc/arm-none-eabi/9.3.1/../../../../arm-none-eabi/lib/thumb/v6-m/nofp/libstdc++.a(eh_terminate.o)
                0x000000001000a794                std::get_unexpected()
 .text._ZN10__cxxabiv120__si_class_type_infoD2Ev
                0x000000001000a7a0       0x18 /usr/bin/../lib/gcc/arm-none-eabi/9.3.1/../../../../arm-none-eabi/lib/thumb/v6-m/nofp/libstdc++.a(si_class_type_info.o)
                0x000000001000a7a0                __cxxabiv1::__si_class_type_info::~__si_class_type_info()
                0x000000001000a7a0                __cxxabiv1::__si_class_type_info::~__si_class_type_info()
 .text._ZN10__cxxabiv120__si_class_type_infoD0Ev
                0x000000001000a7b8       0x20 /usr/bin/../lib/gcc/arm-none-eabi/9.3.1/../../../../arm-none-eabi/lib/thumb/v6-m/nofp/libstdc++.a(si_class_type_info.o)
                0x000000001000a7b8                __cxxabiv1::__si_class_type_info::~__si_class_type_info()
 .text._ZNK10__cxxabiv120__si_class_type_info20__do_find_public_srcEiPKvPKNS_17__class_type_infoES2_
                0x000000001000a7d8       0x38 /usr/bin/../lib/gcc/arm-none-eabi/9.3.1/../../../../arm-none-eabi/lib/thumb/v6-m/nofp/libstdc++.a(si_class_type_info.o)
                0x000000001000a7d8                __cxxabiv1::__si_class_type_info::__do_find_public_src(int, void const*, __cxxabiv1::__class_type_info const*, void const*) const
 .text._ZNK10__cxxabiv120__si_class_type_info12__do_dyncastEiNS_17__class_type_info10__sub_kindEPKS1_PKvS4_S6_RNS1_16__dyncast_resultE
                0x000000001000a810       0x9c /usr/bin/../lib/gcc/arm-none-eabi/9.3.1/../../../../arm-none-eabi/lib/thumb/v6-m/nofp/libstdc++.a(si_class_type_info.o)
                0x000000001000a810                __cxxabiv1::__si_class_type_info::__do_dyncast(int, __cxxabiv1::__class_type_info::__sub_kind, __cxxabiv1::__class_type_info const*, void const*, __cxxabiv1::__class_type_info const*, void const*, __cxxabiv1::__class_type_info::__dyncast_result&) const
 .text._ZNK10__cxxabiv120__si_class_type_info11__do_upcastEPKNS_17__class_type_infoEPKvRNS1_15__upcast_resultE
                0x000000001000a8ac       0x24 /usr/bin/../lib/gcc/arm-none-eabi/9.3.1/../../../../arm-none-eabi/lib/thumb/v6-m/nofp/libstdc++.a(si_class_type_info.o)
                0x000000001000a8ac                __cxxabiv1::__si_class_type_info::__do_upcast(__cxxabiv1::__class_type_info const*, void const*, __cxxabiv1::__class_type_info::__upcast_result&) const
 .text._ZNSt9type_infoD2Ev
                0x000000001000a8d0        0x4 /usr/bin/../lib/gcc/arm-none-eabi/9.3.1/../../../../arm-none-eabi/lib/thumb/v6-m/nofp/libstdc++.a(tinfo.o)
                0x000000001000a8d0                std::type_info::~type_info()
                0x000000001000a8d0                std::type_info::~type_info()
 .text._ZNKSt9type_info14__is_pointer_pEv
                0x000000001000a8d4        0x4 /usr/bin/../lib/gcc/arm-none-eabi/9.3.1/../../../../arm-none-eabi/lib/thumb/v6-m/nofp/libstdc++.a(tinfo.o)
                0x000000001000a8d4                std::type_info::__is_function_p() const
                0x000000001000a8d4                std::type_info::__is_pointer_p() const
 .text._ZNKSt9type_infoeqERKS_
                0x000000001000a8d8       0x30 /usr/bin/../lib/gcc/arm-none-eabi/9.3.1/../../../../arm-none-eabi/lib/thumb/v6-m/nofp/libstdc++.a(tinfo.o)
                0x000000001000a8d8                std::type_info::operator==(std::type_info const&) const
 .text._ZN9__gnu_cxx27__verbose_terminate_handlerEv
                0x000000001000a908      0x114 /usr/bin/../lib/gcc/arm-none-eabi/9.3.1/../../../../arm-none-eabi/lib/thumb/v6-m/nofp/libstdc++.a(vterminate.o)
                0x000000001000a908                __gnu_cxx::__verbose_terminate_handler()
 .text.unlikely._ZSt17__throw_bad_allocv
                0x000000001000aa1c       0x20 /usr/bin/../lib/gcc/arm-none-eabi/9.3.1/../../../../arm-none-eabi/lib/thumb/v6-m/nofp/libstdc++.a(functexcept.o)
                0x000000001000aa1c                std::__throw_bad_alloc()
 .text.unlikely._ZSt19__throw_logic_errorPKc
                0x000000001000aa3c       0x30 /usr/bin/../lib/gcc/arm-none-eabi/9.3.1/../../../../arm-none-eabi/lib/thumb/v6-m/nofp/libstdc++.a(functexcept.o)
                0x000000001000aa3c                std::__throw_logic_error(char const*)
 .text.unlikely._ZSt20__throw_length_errorPKc
                0x000000001000aa6c       0x30 /usr/bin/../lib/gcc/arm-none-eabi/9.3.1/../../../../arm-none-eabi/lib/thumb/v6-m/nofp/libstdc++.a(functexcept.o)
                0x000000001000aa6c                std::__throw_length_error(char const*)
 .text._ZNSt7__cxx1112basic_stringIcSt11char_traitsIcESaIcEE9_M_createERjj
                0x000000001000aa9c       0x3c /usr/bin/../lib/gcc/arm-none-eabi/9.3.1/../../../../arm-none-eabi/lib/thumb/v6-m/nofp/libstdc++.a(string-inst.o)
                0x000000001000aa9c                std::__cxx11::basic_string<char, std::char_traits<char>, std::allocator<char> >::_M_create(unsigned int&, unsigned int)
 .text._ZNSt7__cxx1112basic_stringIcSt11char_traitsIcESaIcEE9_M_assignERKS4_
                0x000000001000aad8       0x74 /usr/bin/../lib/gcc/arm-none-eabi/9.3.1/../../../../arm-none-eabi/lib/thumb/v6-m/nofp/libstdc++.a(string-inst.o)
                0x000000001000aad8                std::__cxx11::basic_string<char, std::char_traits<char>, std::allocator<char> >::_M_assign(std::__cxx11::basic_string<char, std::char_traits<char>, std::allocator<char> > const&)
 .text._ZNSt7__cxx1112basic_stringIcSt11char_traitsIcESaIcEE9_M_mutateEjjPKcj
                0x000000001000ab4c       0xbc /usr/bin/../lib/gcc/arm-none-eabi/9.3.1/../../../../arm-none-eabi/lib/thumb/v6-m/nofp/libstdc++.a(string-inst.o)
                0x000000001000ab4c                std::__cxx11::basic_string<char, std::char_traits<char>, std::allocator<char> >::_M_mutate(unsigned int, unsigned int, char const*, unsigned int)
 .text._ZNSt7__cxx1112basic_stringIcSt11char_traitsIcESaIcEE7reserveEj
                0x000000001000ac08       0x90 /usr/bin/../lib/gcc/arm-none-eabi/9.3.1/../../../../arm-none-eabi/lib/thumb/v6-m/nofp/libstdc++.a(string-inst.o)
                0x000000001000ac08                std::__cxx11::basic_string<char, std::char_traits<char>, std::allocator<char> >::reserve(unsigned int)
 .text._ZNSt7__cxx1112basic_stringIcSt11char_traitsIcESaIcEE10_M_replaceEjjPKcj
                0x000000001000ac98      0x194 /usr/bin/../lib/gcc/arm-none-eabi/9.3.1/../../../../arm-none-eabi/lib/thumb/v6-m/nofp/libstdc++.a(string-inst.o)
                0x000000001000ac98                std::__cxx11::basic_string<char, std::char_traits<char>, std::allocator<char> >::_M_replace(unsigned int, unsigned int, char const*, unsigned int)
 .text._ZNSt7__cxx1112basic_stringIcSt11char_traitsIcESaIcEE9_M_appendEPKcj
                0x000000001000ae2c       0x54 /usr/bin/../lib/gcc/arm-none-eabi/9.3.1/../../../../arm-none-eabi/lib/thumb/v6-m/nofp/libstdc++.a(string-inst.o)
                0x000000001000ae2c                std::__cxx11::basic_string<char, std::char_traits<char>, std::allocator<char> >::_M_append(char const*, unsigned int)
 .text._ZNKSt9bad_alloc4whatEv
                0x000000001000ae80        0x8 /usr/bin/../lib/gcc/arm-none-eabi/9.3.1/../../../../arm-none-eabi/lib/thumb/v6-m/nofp/libstdc++.a(bad_alloc.o)
                0x000000001000ae80                std::bad_alloc::what() const
 .text._ZNSt9bad_allocD2Ev
                0x000000001000ae88       0x18 /usr/bin/../lib/gcc/arm-none-eabi/9.3.1/../../../../arm-none-eabi/lib/thumb/v6-m/nofp/libstdc++.a(bad_alloc.o)
                0x000000001000ae88                std::bad_alloc::~bad_alloc()
                0x000000001000ae88                std::bad_alloc::~bad_alloc()
 .text._ZNSt9bad_allocD0Ev
                0x000000001000aea0       0x20 /usr/bin/../lib/gcc/arm-none-eabi/9.3.1/../../../../arm-none-eabi/lib/thumb/v6-m/nofp/libstdc++.a(bad_alloc.o)
                0x000000001000aea0                std::bad_alloc::~bad_alloc()
 .text          0x000000001000aec0     0x77f0 /usr/bin/../lib/gcc/arm-none-eabi/9.3.1/../../../../arm-none-eabi/lib/thumb/v6-m/nofp/libstdc++.a(cp-demangle.o)
                0x00000000100125b8                __cxa_demangle
                0x000000001001268c                __gcclibcxx_demangle_callback
 .text._ZN12_GLOBAL__N_14pool4freeEPv.constprop.0
                0x00000000100126b0       0x78 /usr/bin/../lib/gcc/arm-none-eabi/9.3.1/../../../../arm-none-eabi/lib/thumb/v6-m/nofp/libstdc++.a(eh_alloc.o)
 .text._ZN12_GLOBAL__N_14pool8allocateEj.constprop.0
                0x0000000010012728       0x50 /usr/bin/../lib/gcc/arm-none-eabi/9.3.1/../../../../arm-none-eabi/lib/thumb/v6-m/nofp/libstdc++.a(eh_alloc.o)
 .text.__cxa_allocate_exception
                0x0000000010012778       0x2c /usr/bin/../lib/gcc/arm-none-eabi/9.3.1/../../../../arm-none-eabi/lib/thumb/v6-m/nofp/libstdc++.a(eh_alloc.o)
                0x0000000010012778                __cxa_allocate_exception
 .text.__cxa_free_exception
                0x00000000100127a4       0x24 /usr/bin/../lib/gcc/arm-none-eabi/9.3.1/../../../../arm-none-eabi/lib/thumb/v6-m/nofp/libstdc++.a(eh_alloc.o)
                0x00000000100127a4                __cxa_free_exception
 .text.startup._GLOBAL__sub_I__ZN9__gnu_cxx9__freeresEv
                0x00000000100127c8       0x2c /usr/bin/../lib/gcc/arm-none-eabi/9.3.1/../../../../arm-none-eabi/lib/thumb/v6-m/nofp/libstdc++.a(eh_alloc.o)
 .text._ZN10__cxxabiv1L24__is_gxx_exception_classEPc
                0x00000000100127f4       0x3c /usr/bin/../lib/gcc/arm-none-eabi/9.3.1/../../../../arm-none-eabi/lib/thumb/v6-m/nofp/libstdc++.a(eh_call.o)
 .text.__cxa_call_terminate
                0x0000000010012830       0x20 /usr/bin/../lib/gcc/arm-none-eabi/9.3.1/../../../../arm-none-eabi/lib/thumb/v6-m/nofp/libstdc++.a(eh_call.o)
                0x0000000010012830                __cxa_call_terminate
 .text.unlikely.__cxa_call_unexpected
                0x0000000010012850      0x100 /usr/bin/../lib/gcc/arm-none-eabi/9.3.1/../../../../arm-none-eabi/lib/thumb/v6-m/nofp/libstdc++.a(eh_call.o)
                0x0000000010012850                __cxa_call_unexpected
 .text.__cxa_begin_catch
                0x0000000010012950       0x74 /usr/bin/../lib/gcc/arm-none-eabi/9.3.1/../../../../arm-none-eabi/lib/thumb/v6-m/nofp/libstdc++.a(eh_catch.o)
                0x0000000010012950                __cxa_begin_catch
 .text.__cxa_end_catch
                0x00000000100129c4       0x90 /usr/bin/../lib/gcc/arm-none-eabi/9.3.1/../../../../arm-none-eabi/lib/thumb/v6-m/nofp/libstdc++.a(eh_catch.o)
                0x00000000100129c4                __cxa_end_catch
 .text._ZL23__gxx_exception_cleanup19_Unwind_Reason_CodeP21_Unwind_Control_Block
                0x0000000010012a54       0x34 /usr/bin/../lib/gcc/arm-none-eabi/9.3.1/../../../../arm-none-eabi/lib/thumb/v6-m/nofp/libstdc++.a(eh_throw.o)
 .text.__cxa_init_primary_exception
                0x0000000010012a88       0x4c /usr/bin/../lib/gcc/arm-none-eabi/9.3.1/../../../../arm-none-eabi/lib/thumb/v6-m/nofp/libstdc++.a(eh_throw.o)
                0x0000000010012a88                __cxa_init_primary_exception
 .text.__cxa_throw
                0x0000000010012ad4       0x34 /usr/bin/../lib/gcc/arm-none-eabi/9.3.1/../../../../arm-none-eabi/lib/thumb/v6-m/nofp/libstdc++.a(eh_throw.o)
                0x0000000010012ad4                __cxa_throw
 .text.__cxa_rethrow
                0x0000000010012b08       0x70 /usr/bin/../lib/gcc/arm-none-eabi/9.3.1/../../../../arm-none-eabi/lib/thumb/v6-m/nofp/libstdc++.a(eh_throw.o)
                0x0000000010012b08                __cxa_rethrow
 .text.__cxa_current_exception_type
                0x0000000010012b78       0x20 /usr/bin/../lib/gcc/arm-none-eabi/9.3.1/../../../../arm-none-eabi/lib/thumb/v6-m/nofp/libstdc++.a(eh_type.o)
                0x0000000010012b78                __cxa_current_exception_type
 .text._Znwj    0x0000000010012b98       0x40 /usr/bin/../lib/gcc/arm-none-eabi/9.3.1/../../../../arm-none-eabi/lib/thumb/v6-m/nofp/libstdc++.a(new_op.o)
                0x0000000010012b98                operator new(unsigned int)
 .text._ZNKSt11logic_error4whatEv
                0x0000000010012bd8        0x4 /usr/bin/../lib/gcc/arm-none-eabi/9.3.1/../../../../arm-none-eabi/lib/thumb/v6-m/nofp/libstdc++.a(stdexcept.o)
                0x0000000010012bd8                std::logic_error::what() const
 .text._ZNSt11logic_errorD2Ev
                0x0000000010012bdc       0x40 /usr/bin/../lib/gcc/arm-none-eabi/9.3.1/../../../../arm-none-eabi/lib/thumb/v6-m/nofp/libstdc++.a(stdexcept.o)
                0x0000000010012bdc                std::logic_error::~logic_error()
                0x0000000010012bdc                std::logic_error::~logic_error()
 .text._ZNSt11logic_errorD0Ev
                0x0000000010012c1c       0x14 /usr/bin/../lib/gcc/arm-none-eabi/9.3.1/../../../../arm-none-eabi/lib/thumb/v6-m/nofp/libstdc++.a(stdexcept.o)
                0x0000000010012c1c                std::logic_error::~logic_error()
 .text._ZNSt12length_errorD2Ev
                0x0000000010012c30       0x18 /usr/bin/../lib/gcc/arm-none-eabi/9.3.1/../../../../arm-none-eabi/lib/thumb/v6-m/nofp/libstdc++.a(stdexcept.o)
                0x0000000010012c30                std::length_error::~length_error()
                0x0000000010012c30                std::length_error::~length_error()
 .text._ZNSt12length_errorD0Ev
                0x0000000010012c48       0x1c /usr/bin/../lib/gcc/arm-none-eabi/9.3.1/../../../../arm-none-eabi/lib/thumb/v6-m/nofp/libstdc++.a(stdexcept.o)
                0x0000000010012c48                std::length_error::~length_error()
 .text._ZNSt11logic_errorC2EPKc
                0x0000000010012c64       0x24 /usr/bin/../lib/gcc/arm-none-eabi/9.3.1/../../../../arm-none-eabi/lib/thumb/v6-m/nofp/libstdc++.a(cow-stdexcept.o)
                0x0000000010012c64                std::logic_error::logic_error(char const*)
                0x0000000010012c64                std::logic_error::logic_error(char const*)
 .text._ZNSt12length_errorC2EPKc
                0x0000000010012c88       0x14 /usr/bin/../lib/gcc/arm-none-eabi/9.3.1/../../../../arm-none-eabi/lib/thumb/v6-m/nofp/libstdc++.a(cow-stdexcept.o)
                0x0000000010012c88                std::length_error::length_error(char const*)
                0x0000000010012c88                std::length_error::length_error(char const*)
 .text._ZNSs4_Rep9_S_createEjjRKSaIcE
                0x0000000010012c9c       0x64 /usr/bin/../lib/gcc/arm-none-eabi/9.3.1/../../../../arm-none-eabi/lib/thumb/v6-m/nofp/libstdc++.a(cow-string-inst.o)
                0x0000000010012c9c                std::string::_Rep::_S_create(unsigned int, unsigned int, std::allocator<char> const&)
 .text._ZNSs12_S_constructIPcEES0_T_S1_RKSaIcESt20forward_iterator_tag.part.0
                0x0000000010012d00       0x48 /usr/bin/../lib/gcc/arm-none-eabi/9.3.1/../../../../arm-none-eabi/lib/thumb/v6-m/nofp/libstdc++.a(cow-string-inst.o)
 .text._ZNSs4_Rep10_M_destroyERKSaIcE
                0x0000000010012d48        0x8 /usr/bin/../lib/gcc/arm-none-eabi/9.3.1/../../../../arm-none-eabi/lib/thumb/v6-m/nofp/libstdc++.a(cow-string-inst.o)
                0x0000000010012d48                std::string::_Rep::_M_destroy(std::allocator<char> const&)
 .text._ZNSs12_S_constructIPKcEEPcT_S3_RKSaIcESt20forward_iterator_tag
                0x0000000010012d50       0x24 /usr/bin/../lib/gcc/arm-none-eabi/9.3.1/../../../../arm-none-eabi/lib/thumb/v6-m/nofp/libstdc++.a(cow-string-inst.o)
                0x0000000010012d50                char* std::string::_S_construct<char const*>(char const*, char const*, std::allocator<char> const&, std::forward_iterator_tag)
 .text._ZNSsC2EPKcRKSaIcE
                0x0000000010012d74       0x2c /usr/bin/../lib/gcc/arm-none-eabi/9.3.1/../../../../arm-none-eabi/lib/thumb/v6-m/nofp/libstdc++.a(cow-string-inst.o)
                0x0000000010012d74                std::basic_string<char, std::char_traits<char>, std::allocator<char> >::basic_string(char const*, std::allocator<char> const&)
                0x0000000010012d74                std::basic_string<char, std::char_traits<char>, std::allocator<char> >::basic_string(char const*, std::allocator<char> const&)
 .text._ZSt15get_new_handlerv
                0x0000000010012da0        0xc /usr/bin/../lib/gcc/arm-none-eabi/9.3.1/../../../../arm-none-eabi/lib/thumb/v6-m/nofp/libstdc++.a(new_handler.o)
                0x0000000010012da0                std::get_new_handler()
 .text.abort    0x0000000010012dac       0x10 /usr/bin/../lib/gcc/arm-none-eabi/9.3.1/../../../../arm-none-eabi/lib/thumb/v6-m/nofp/libc.a(lib_a-abort.o)
                0x0000000010012dac                abort
 .text.fputc    0x0000000010012dbc       0x58 /usr/bin/../lib/gcc/arm-none-eabi/9.3.1/../../../../arm-none-eabi/lib/thumb/v6-m/nofp/libc.a(lib_a-fputc.o)
                0x0000000010012dbc                fputc
 .text._fputs_r
                0x0000000010012e14       0x8c /usr/bin/../lib/gcc/arm-none-eabi/9.3.1/../../../../arm-none-eabi/lib/thumb/v6-m/nofp/libc.a(lib_a-fputs.o)
                0x0000000010012e14                _fputs_r
 .text.fputs    0x0000000010012ea0       0x18 /usr/bin/../lib/gcc/arm-none-eabi/9.3.1/../../../../arm-none-eabi/lib/thumb/v6-m/nofp/libc.a(lib_a-fputs.o)
                0x0000000010012ea0                fputs
 .text._fstat_r
                0x0000000010012eb8       0x28 /usr/bin/../lib/gcc/arm-none-eabi/9.3.1/../../../../arm-none-eabi/lib/thumb/v6-m/nofp/libc.a(lib_a-fstatr.o)
                0x0000000010012eb8                _fstat_r
 .text.__sfvwrite_r
                0x0000000010012ee0      0x2f0 /usr/bin/../lib/gcc/arm-none-eabi/9.3.1/../../../../arm-none-eabi/lib/thumb/v6-m/nofp/libc.a(lib_a-fvwrite.o)
                0x0000000010012ee0                __sfvwrite_r
 .text._fwrite_r
                0x00000000100131d0       0xb0 /usr/bin/../lib/gcc/arm-none-eabi/9.3.1/../../../../arm-none-eabi/lib/thumb/v6-m/nofp/libc.a(lib_a-fwrite.o)
                0x00000000100131d0                _fwrite_r
 .text.fwrite   0x0000000010013280       0x20 /usr/bin/../lib/gcc/arm-none-eabi/9.3.1/../../../../arm-none-eabi/lib/thumb/v6-m/nofp/libc.a(lib_a-fwrite.o)
                0x0000000010013280                fwrite
 .text.__retarget_lock_init_recursive
                0x00000000100132a0        0x4 /usr/bin/../lib/gcc/arm-none-eabi/9.3.1/../../../../arm-none-eabi/lib/thumb/v6-m/nofp/libc.a(lib_a-lock.o)
                0x00000000100132a0                __retarget_lock_init_recursive
 .text.__retarget_lock_close_recursive
                0x00000000100132a4        0x4 /usr/bin/../lib/gcc/arm-none-eabi/9.3.1/../../../../arm-none-eabi/lib/thumb/v6-m/nofp/libc.a(lib_a-lock.o)
                0x00000000100132a4                __retarget_lock_close_recursive
 .text.__retarget_lock_acquire_recursive
                0x00000000100132a8        0x4 /usr/bin/../lib/gcc/arm-none-eabi/9.3.1/../../../../arm-none-eabi/lib/thumb/v6-m/nofp/libc.a(lib_a-lock.o)
                0x00000000100132a8                __retarget_lock_acquire_recursive
 .text.__retarget_lock_release_recursive
                0x00000000100132ac        0x4 /usr/bin/../lib/gcc/arm-none-eabi/9.3.1/../../../../arm-none-eabi/lib/thumb/v6-m/nofp/libc.a(lib_a-lock.o)
                0x00000000100132ac                __retarget_lock_release_recursive
 .text.__swhatbuf_r
                0x00000000100132b0       0x60 /usr/bin/../lib/gcc/arm-none-eabi/9.3.1/../../../../arm-none-eabi/lib/thumb/v6-m/nofp/libc.a(lib_a-makebuf.o)
                0x00000000100132b0                __swhatbuf_r
 .text.__smakebuf_r
                0x0000000010013310       0x90 /usr/bin/../lib/gcc/arm-none-eabi/9.3.1/../../../../arm-none-eabi/lib/thumb/v6-m/nofp/libc.a(lib_a-makebuf.o)
                0x0000000010013310                __smakebuf_r
 .text.malloc   0x00000000100133a0       0x14 /usr/bin/../lib/gcc/arm-none-eabi/9.3.1/../../../../arm-none-eabi/lib/thumb/v6-m/nofp/libc.a(lib_a-malloc.o)
                0x00000000100133a0                malloc
 .text.free     0x00000000100133b4       0x14 /usr/bin/../lib/gcc/arm-none-eabi/9.3.1/../../../../arm-none-eabi/lib/thumb/v6-m/nofp/libc.a(lib_a-malloc.o)
                0x00000000100133b4                free
 .text._malloc_r
                0x00000000100133c8      0x580 /usr/bin/../lib/gcc/arm-none-eabi/9.3.1/../../../../arm-none-eabi/lib/thumb/v6-m/nofp/libc.a(lib_a-mallocr.o)
                0x00000000100133c8                _malloc_r
 .text.__malloc_lock
                0x0000000010013948       0x10 /usr/bin/../lib/gcc/arm-none-eabi/9.3.1/../../../../arm-none-eabi/lib/thumb/v6-m/nofp/libc.a(lib_a-mlock.o)
                0x0000000010013948                __malloc_lock
 .text.__malloc_unlock
                0x0000000010013958       0x10 /usr/bin/../lib/gcc/arm-none-eabi/9.3.1/../../../../arm-none-eabi/lib/thumb/v6-m/nofp/libc.a(lib_a-mlock.o)
                0x0000000010013958                __malloc_unlock
 .text._putc_r  0x0000000010013968       0x74 /usr/bin/../lib/gcc/arm-none-eabi/9.3.1/../../../../arm-none-eabi/lib/thumb/v6-m/nofp/libc.a(lib_a-putc.o)
                0x0000000010013968                _putc_r
 .text.realloc  0x00000000100139dc       0x18 /usr/bin/../lib/gcc/arm-none-eabi/9.3.1/../../../../arm-none-eabi/lib/thumb/v6-m/nofp/libc.a(lib_a-realloc.o)
                0x00000000100139dc                realloc
 .text._realloc_r
                0x00000000100139f4      0x358 /usr/bin/../lib/gcc/arm-none-eabi/9.3.1/../../../../arm-none-eabi/lib/thumb/v6-m/nofp/libc.a(lib_a-reallocr.o)
                0x00000000100139f4                _realloc_r
 .text._sbrk_r  0x0000000010013d4c       0x24 /usr/bin/../lib/gcc/arm-none-eabi/9.3.1/../../../../arm-none-eabi/lib/thumb/v6-m/nofp/libc.a(lib_a-sbrkr.o)
                0x0000000010013d4c                _sbrk_r
 .text._raise_r
                0x0000000010013d70       0x5c /usr/bin/../lib/gcc/arm-none-eabi/9.3.1/../../../../arm-none-eabi/lib/thumb/v6-m/nofp/libc.a(lib_a-signal.o)
                0x0000000010013d70                _raise_r
 .text.raise    0x0000000010013dcc       0x14 /usr/bin/../lib/gcc/arm-none-eabi/9.3.1/../../../../arm-none-eabi/lib/thumb/v6-m/nofp/libc.a(lib_a-signal.o)
                0x0000000010013dcc                raise
 .text._kill_r  0x0000000010013de0       0x28 /usr/bin/../lib/gcc/arm-none-eabi/9.3.1/../../../../arm-none-eabi/lib/thumb/v6-m/nofp/libc.a(lib_a-signalr.o)
                0x0000000010013de0                _kill_r
 .text._getpid_r
                0x0000000010013e08        0x8 /usr/bin/../lib/gcc/arm-none-eabi/9.3.1/../../../../arm-none-eabi/lib/thumb/v6-m/nofp/libc.a(lib_a-signalr.o)
                0x0000000010013e08                _getpid_r
 .text.__sread  0x0000000010013e10       0x28 /usr/bin/../lib/gcc/arm-none-eabi/9.3.1/../../../../arm-none-eabi/lib/thumb/v6-m/nofp/libc.a(lib_a-stdio.o)
                0x0000000010013e10                __sread
 .text.__swrite
                0x0000000010013e38       0x40 /usr/bin/../lib/gcc/arm-none-eabi/9.3.1/../../../../arm-none-eabi/lib/thumb/v6-m/nofp/libc.a(lib_a-stdio.o)
                0x0000000010013e38                __swrite
 .text.__sseek  0x0000000010013e78       0x2c /usr/bin/../lib/gcc/arm-none-eabi/9.3.1/../../../../arm-none-eabi/lib/thumb/v6-m/nofp/libc.a(lib_a-stdio.o)
                0x0000000010013e78                __sseek
 .text.__sclose
                0x0000000010013ea4        0xc /usr/bin/../lib/gcc/arm-none-eabi/9.3.1/../../../../arm-none-eabi/lib/thumb/v6-m/nofp/libc.a(lib_a-stdio.o)
                0x0000000010013ea4                __sclose
 .text          0x0000000010013eb0       0x88 /usr/bin/../lib/gcc/arm-none-eabi/9.3.1/../../../../arm-none-eabi/lib/thumb/v6-m/nofp/libc.a(lib_a-strcmp.o)
                0x0000000010013eb0                strcmp
 .text.strcpy   0x0000000010013f38       0x10 /usr/bin/../lib/gcc/arm-none-eabi/9.3.1/../../../../arm-none-eabi/lib/thumb/v6-m/nofp/libc.a(lib_a-strcpy.o)
                0x0000000010013f38                strcpy
 .text.strlen   0x0000000010013f48       0x5c /usr/bin/../lib/gcc/arm-none-eabi/9.3.1/../../../../arm-none-eabi/lib/thumb/v6-m/nofp/libc.a(lib_a-strlen-stub.o)
                0x0000000010013f48                strlen
 .text.strncmp  0x0000000010013fa4       0x68 /usr/bin/../lib/gcc/arm-none-eabi/9.3.1/../../../../arm-none-eabi/lib/thumb/v6-m/nofp/libc.a(lib_a-strncmp.o)
                0x0000000010013fa4                strncmp
 .text.__swbuf_r
                0x000000001001400c       0xc8 /usr/bin/../lib/gcc/arm-none-eabi/9.3.1/../../../../arm-none-eabi/lib/thumb/v6-m/nofp/libc.a(lib_a-wbuf.o)
                0x000000001001400c                __swbuf_r
 .text._write_r
                0x00000000100140d4       0x28 /usr/bin/../lib/gcc/arm-none-eabi/9.3.1/../../../../arm-none-eabi/lib/thumb/v6-m/nofp/libc.a(lib_a-writer.o)
                0x00000000100140d4                _write_r
 .text.__swsetup_r
                0x00000000100140fc       0xd4 /usr/bin/../lib/gcc/arm-none-eabi/9.3.1/../../../../arm-none-eabi/lib/thumb/v6-m/nofp/libc.a(lib_a-wsetup.o)
                0x00000000100140fc                __swsetup_r
 .text._close_r
                0x00000000100141d0       0x24 /usr/bin/../lib/gcc/arm-none-eabi/9.3.1/../../../../arm-none-eabi/lib/thumb/v6-m/nofp/libc.a(lib_a-closer.o)
                0x00000000100141d0                _close_r
 .text.__sflush_r
                0x00000000100141f4      0x140 /usr/bin/../lib/gcc/arm-none-eabi/9.3.1/../../../../arm-none-eabi/lib/thumb/v6-m/nofp/libc.a(lib_a-fflush.o)
                0x00000000100141f4                __sflush_r
 .text._fflush_r
                0x0000000010014334       0x6c /usr/bin/../lib/gcc/arm-none-eabi/9.3.1/../../../../arm-none-eabi/lib/thumb/v6-m/nofp/libc.a(lib_a-fflush.o)
                0x0000000010014334                _fflush_r
 .text.std      0x00000000100143a0       0x50 /usr/bin/../lib/gcc/arm-none-eabi/9.3.1/../../../../arm-none-eabi/lib/thumb/v6-m/nofp/libc.a(lib_a-findfp.o)
 .text._cleanup_r
                0x00000000100143f0       0x10 /usr/bin/../lib/gcc/arm-none-eabi/9.3.1/../../../../arm-none-eabi/lib/thumb/v6-m/nofp/libc.a(lib_a-findfp.o)
                0x00000000100143f0                _cleanup_r
 .text.__sinit  0x0000000010014400       0x60 /usr/bin/../lib/gcc/arm-none-eabi/9.3.1/../../../../arm-none-eabi/lib/thumb/v6-m/nofp/libc.a(lib_a-findfp.o)
                0x0000000010014400                __sinit
 .text.__sfp_lock_acquire